Archive member included to satisfy reference by file (symbol)

C:/ST/STM32CubeCLT_1.17.0/GNU-tools-for-STM32/bin/../lib/gcc/arm-none-eabi/12.3.1/../../../../arm-none-eabi/lib/thumb/v7-m/nofp\libc_nano.a(libc_a-exit.o)
                              C:/ST/STM32CubeCLT_1.17.0/GNU-tools-for-STM32/bin/../lib/gcc/arm-none-eabi/12.3.1/../../../../arm-none-eabi/lib/thumb/v7-m/nofp/crt0.o (exit)
C:/ST/STM32CubeCLT_1.17.0/GNU-tools-for-STM32/bin/../lib/gcc/arm-none-eabi/12.3.1/../../../../arm-none-eabi/lib/thumb/v7-m/nofp\libc_nano.a(libc_a-findfp.o)
                              C:/ST/STM32CubeCLT_1.17.0/GNU-tools-for-STM32/bin/../lib/gcc/arm-none-eabi/12.3.1/../../../../arm-none-eabi/lib/thumb/v7-m/nofp\libc_nano.a(libc_a-exit.o) (__stdio_exit_handler)
C:/ST/STM32CubeCLT_1.17.0/GNU-tools-for-STM32/bin/../lib/gcc/arm-none-eabi/12.3.1/../../../../arm-none-eabi/lib/thumb/v7-m/nofp\libc_nano.a(libc_a-fwalk.o)
                              C:/ST/STM32CubeCLT_1.17.0/GNU-tools-for-STM32/bin/../lib/gcc/arm-none-eabi/12.3.1/../../../../arm-none-eabi/lib/thumb/v7-m/nofp\libc_nano.a(libc_a-findfp.o) (_fwalk_sglue)
C:/ST/STM32CubeCLT_1.17.0/GNU-tools-for-STM32/bin/../lib/gcc/arm-none-eabi/12.3.1/../../../../arm-none-eabi/lib/thumb/v7-m/nofp\libc_nano.a(libc_a-stdio.o)
                              C:/ST/STM32CubeCLT_1.17.0/GNU-tools-for-STM32/bin/../lib/gcc/arm-none-eabi/12.3.1/../../../../arm-none-eabi/lib/thumb/v7-m/nofp\libc_nano.a(libc_a-findfp.o) (__sread)
C:/ST/STM32CubeCLT_1.17.0/GNU-tools-for-STM32/bin/../lib/gcc/arm-none-eabi/12.3.1/../../../../arm-none-eabi/lib/thumb/v7-m/nofp\libc_nano.a(libc_a-memset.o)
                              C:/ST/STM32CubeCLT_1.17.0/GNU-tools-for-STM32/bin/../lib/gcc/arm-none-eabi/12.3.1/../../../../arm-none-eabi/lib/thumb/v7-m/nofp/crt0.o (memset)
C:/ST/STM32CubeCLT_1.17.0/GNU-tools-for-STM32/bin/../lib/gcc/arm-none-eabi/12.3.1/../../../../arm-none-eabi/lib/thumb/v7-m/nofp\libc_nano.a(libc_a-closer.o)
                              C:/ST/STM32CubeCLT_1.17.0/GNU-tools-for-STM32/bin/../lib/gcc/arm-none-eabi/12.3.1/../../../../arm-none-eabi/lib/thumb/v7-m/nofp\libc_nano.a(libc_a-stdio.o) (_close_r)
C:/ST/STM32CubeCLT_1.17.0/GNU-tools-for-STM32/bin/../lib/gcc/arm-none-eabi/12.3.1/../../../../arm-none-eabi/lib/thumb/v7-m/nofp\libc_nano.a(libc_a-reent.o)
                              C:/ST/STM32CubeCLT_1.17.0/GNU-tools-for-STM32/bin/../lib/gcc/arm-none-eabi/12.3.1/../../../../arm-none-eabi/lib/thumb/v7-m/nofp\libc_nano.a(libc_a-closer.o) (errno)
C:/ST/STM32CubeCLT_1.17.0/GNU-tools-for-STM32/bin/../lib/gcc/arm-none-eabi/12.3.1/../../../../arm-none-eabi/lib/thumb/v7-m/nofp\libc_nano.a(libc_a-impure.o)
                              C:/ST/STM32CubeCLT_1.17.0/GNU-tools-for-STM32/bin/../lib/gcc/arm-none-eabi/12.3.1/../../../../arm-none-eabi/lib/thumb/v7-m/nofp\libc_nano.a(libc_a-reent.o) (_impure_ptr)
C:/ST/STM32CubeCLT_1.17.0/GNU-tools-for-STM32/bin/../lib/gcc/arm-none-eabi/12.3.1/../../../../arm-none-eabi/lib/thumb/v7-m/nofp\libc_nano.a(libc_a-lseekr.o)
                              C:/ST/STM32CubeCLT_1.17.0/GNU-tools-for-STM32/bin/../lib/gcc/arm-none-eabi/12.3.1/../../../../arm-none-eabi/lib/thumb/v7-m/nofp\libc_nano.a(libc_a-stdio.o) (_lseek_r)
C:/ST/STM32CubeCLT_1.17.0/GNU-tools-for-STM32/bin/../lib/gcc/arm-none-eabi/12.3.1/../../../../arm-none-eabi/lib/thumb/v7-m/nofp\libc_nano.a(libc_a-readr.o)
                              C:/ST/STM32CubeCLT_1.17.0/GNU-tools-for-STM32/bin/../lib/gcc/arm-none-eabi/12.3.1/../../../../arm-none-eabi/lib/thumb/v7-m/nofp\libc_nano.a(libc_a-stdio.o) (_read_r)
C:/ST/STM32CubeCLT_1.17.0/GNU-tools-for-STM32/bin/../lib/gcc/arm-none-eabi/12.3.1/../../../../arm-none-eabi/lib/thumb/v7-m/nofp\libc_nano.a(libc_a-writer.o)
                              C:/ST/STM32CubeCLT_1.17.0/GNU-tools-for-STM32/bin/../lib/gcc/arm-none-eabi/12.3.1/../../../../arm-none-eabi/lib/thumb/v7-m/nofp\libc_nano.a(libc_a-stdio.o) (_write_r)
C:/ST/STM32CubeCLT_1.17.0/GNU-tools-for-STM32/bin/../lib/gcc/arm-none-eabi/12.3.1/../../../../arm-none-eabi/lib/thumb/v7-m/nofp\libc_nano.a(libc_a-init.o)
                              C:/ST/STM32CubeCLT_1.17.0/GNU-tools-for-STM32/bin/../lib/gcc/arm-none-eabi/12.3.1/../../../../arm-none-eabi/lib/thumb/v7-m/nofp/crt0.o (__libc_init_array)
C:/ST/STM32CubeCLT_1.17.0/GNU-tools-for-STM32/bin/../lib/gcc/arm-none-eabi/12.3.1/../../../../arm-none-eabi/lib/thumb/v7-m/nofp\libc_nano.a(libc_a-lock.o)
                              C:/ST/STM32CubeCLT_1.17.0/GNU-tools-for-STM32/bin/../lib/gcc/arm-none-eabi/12.3.1/../../../../arm-none-eabi/lib/thumb/v7-m/nofp\libc_nano.a(libc_a-findfp.o) (__retarget_lock_init_recursive)
C:/ST/STM32CubeCLT_1.17.0/GNU-tools-for-STM32/bin/../lib/gcc/arm-none-eabi/12.3.1/../../../../arm-none-eabi/lib/thumb/v7-m/nofp\libc_nano.a(libc_a-freer.o)
                              C:/ST/STM32CubeCLT_1.17.0/GNU-tools-for-STM32/bin/../lib/gcc/arm-none-eabi/12.3.1/../../../../arm-none-eabi/lib/thumb/v7-m/nofp\libc_nano.a(libc_a-reent.o) (_free_r)
[...]
Memory Configuration

Name             Origin             Length             Attributes
RAM              0x20000000         0x00005000         xrw
FLASH            0x08000000         0x00010000         xr
*default*        0x00000000         0xffffffff

Linker script and memory map

LOAD C:/ST/STM32CubeCLT_1.17.0/GNU-tools-for-STM32/bin/../lib/gcc/arm-none-eabi/12.3.1/thumb/v7-m/nofp/crti.o
LOAD C:/ST/STM32CubeCLT_1.17.0/GNU-tools-for-STM32/bin/../lib/gcc/arm-none-eabi/12.3.1/thumb/v7-m/nofp/crtbegin.o
LOAD C:/ST/STM32CubeCLT_1.17.0/GNU-tools-for-STM32/bin/../lib/gcc/arm-none-eabi/12.3.1/../../../../arm-none-eabi/lib/thumb/v7-m/nofp/crt0.o
START GROUP
LOAD C:/ST/STM32CubeCLT_1.17.0/GNU-tools-for-STM32/bin/../lib/gcc/arm-none-eabi/12.3.1/../../../../arm-none-eabi/lib/thumb/v7-m/nofp\libc_nano.a
LOAD C:/ST/STM32CubeCLT_1.17.0/GNU-tools-for-STM32/bin/../lib/gcc/arm-none-eabi/12.3.1/../../../../arm-none-eabi/lib/thumb/v7-m/nofp\libm.a
END GROUP
LOAD CMakeFiles/IIC_AT24C.dir/User/mcu_peripheral_bsp/src/bsp_i2c.c.obj
LOAD CMakeFiles/IIC_AT24C.dir/User/mcu_peripheral_bsp/src/bsp_delay.c.obj
LOAD CMakeFiles/IIC_AT24C.dir/User/mcu_peripheral_bsp/src/bsp_clock.c.obj
LOAD CMakeFiles/IIC_AT24C.dir/User/at24c256.c.obj
LOAD CMakeFiles/IIC_AT24C.dir/Core/Src/main.c.obj
LOAD CMakeFiles/IIC_AT24C.dir/Core/Src/gpio.c.obj
LOAD CMakeFiles/IIC_AT24C.dir/Core/Src/i2c.c.obj
LOAD CMakeFiles/IIC_AT24C.dir/Core/Src/usart.c.obj
LOAD CMakeFiles/IIC_AT24C.dir/Core/Src/stm32f1xx_it.c.obj
LOAD CMakeFiles/IIC_AT24C.dir/Core/Src/stm32f1xx_hal_msp.c.obj
LOAD CMakeFiles/IIC_AT24C.dir/Drivers/STM32F1xx_HAL_Driver/Src/stm32f1xx_hal_gpio_ex.c.obj
LOAD CMakeFiles/IIC_AT24C.dir/Drivers/STM32F1xx_HAL_Driver/Src/stm32f1xx_hal_i2c.c.obj
LOAD CMakeFiles/IIC_AT24C.dir/Drivers/STM32F1xx_HAL_Driver/Src/stm32f1xx_hal.c.obj
LOAD CMakeFiles/IIC_AT24C.dir/Drivers/STM32F1xx_HAL_Driver/Src/stm32f1xx_hal_rcc.c.obj
LOAD CMakeFiles/IIC_AT24C.dir/Drivers/STM32F1xx_HAL_Driver/Src/stm32f1xx_hal_rcc_ex.c.obj
LOAD CMakeFiles/IIC_AT24C.dir/Drivers/STM32F1xx_HAL_Driver/Src/stm32f1xx_hal_gpio.c.obj
LOAD CMakeFiles/IIC_AT24C.dir/Drivers/STM32F1xx_HAL_Driver/Src/stm32f1xx_hal_dma.c.obj
LOAD CMakeFiles/IIC_AT24C.dir/Drivers/STM32F1xx_HAL_Driver/Src/stm32f1xx_hal_cortex.c.obj
LOAD CMakeFiles/IIC_AT24C.dir/Drivers/STM32F1xx_HAL_Driver/Src/stm32f1xx_hal_pwr.c.obj
LOAD CMakeFiles/IIC_AT24C.dir/Drivers/STM32F1xx_HAL_Driver/Src/stm32f1xx_hal_flash.c.obj
LOAD CMakeFiles/IIC_AT24C.dir/Drivers/STM32F1xx_HAL_Driver/Src/stm32f1xx_hal_flash_ex.c.obj
LOAD CMakeFiles/IIC_AT24C.dir/Drivers/STM32F1xx_HAL_Driver/Src/stm32f1xx_hal_exti.c.obj
LOAD CMakeFiles/IIC_AT24C.dir/Drivers/STM32F1xx_HAL_Driver/Src/stm32f1xx_hal_uart.c.obj
LOAD CMakeFiles/IIC_AT24C.dir/Core/Src/system_stm32f1xx.c.obj
LOAD CMakeFiles/IIC_AT24C.dir/Core/Src/sysmem.c.obj
LOAD CMakeFiles/IIC_AT24C.dir/Core/Src/syscalls.c.obj
LOAD CMakeFiles/IIC_AT24C.dir/startup_stm32f103xb.s.obj
START GROUP
LOAD C:/ST/STM32CubeCLT_1.17.0/GNU-tools-for-STM32/bin/../lib/gcc/arm-none-eabi/12.3.1/thumb/v7-m/nofp\libgcc.a
LOAD C:/ST/STM32CubeCLT_1.17.0/GNU-tools-for-STM32/bin/../lib/gcc/arm-none-eabi/12.3.1/../../../../arm-none-eabi/lib/thumb/v7-m/nofp\libg_nano.a
LOAD C:/ST/STM32CubeCLT_1.17.0/GNU-tools-for-STM32/bin/../lib/gcc/arm-none-eabi/12.3.1/../../../../arm-none-eabi/lib/thumb/v7-m/nofp\libc_nano.a
END GROUP
START GROUP
LOAD C:/ST/STM32CubeCLT_1.17.0/GNU-tools-for-STM32/bin/../lib/gcc/arm-none-eabi/12.3.1/thumb/v7-m/nofp\libgcc.a
LOAD C:/ST/STM32CubeCLT_1.17.0/GNU-tools-for-STM32/bin/../lib/gcc/arm-none-eabi/12.3.1/../../../../arm-none-eabi/lib/thumb/v7-m/nofp\libc_nano.a
END GROUP
LOAD C:/ST/STM32CubeCLT_1.17.0/GNU-tools-for-STM32/bin/../lib/gcc/arm-none-eabi/12.3.1/thumb/v7-m/nofp/crtend.o
LOAD C:/ST/STM32CubeCLT_1.17.0/GNU-tools-for-STM32/bin/../lib/gcc/arm-none-eabi/12.3.1/thumb/v7-m/nofp/crtn.o
                0x20005000                        _estack = (ORIGIN (RAM) + LENGTH (RAM))
                0x00000200                        _Min_Heap_Size = 0x200
                0x00000400                        _Min_Stack_Size = 0x400

.isr_vector     0x08000000      0x10c
                0x08000000                        . = ALIGN (0x4)
 *(.isr_vector)
 .isr_vector    0x08000000      0x10c CMakeFiles/IIC_AT24C.dir/startup_stm32f103xb.s.obj
                0x08000000                g_pfnVectors
                0x0800010c                        . = ALIGN (0x4)

.text           0x0800010c     0x3c30
                0x0800010c                        . = ALIGN (0x4)
 *(.text)
 .text          0x0800010c       0x40 C:/ST/STM32CubeCLT_1.17.0/GNU-tools-for-STM32/bin/../lib/gcc/arm-none-eabi/12.3.1/thumb/v7-m/nofp/crtbegin.o
 *(.text*)
 .text.std      0x0800014c       0x6c C:/ST/STM32CubeCLT_1.17.0/GNU-tools-for-STM32/bin/../lib/gcc/arm-none-eabi/12.3.1/../../../../arm-none-eabi/lib/thumb/v7-m/nofp\libc_nano.a(libc_a-findfp.o)
 .text.stdio_exit_handler
                0x080001b8       0x18 C:/ST/STM32CubeCLT_1.17.0/GNU-tools-for-STM32/bin/../lib/gcc/arm-none-eabi/12.3.1/../../../../arm-none-eabi/lib/thumb/v7-m/nofp\libc_nano.a(libc_a-findfp.o)
 .text.cleanup_stdio
                0x080001d0       0x40 C:/ST/STM32CubeCLT_1.17.0/GNU-tools-for-STM32/bin/../lib/gcc/arm-none-eabi/12.3.1/../../../../arm-none-eabi/lib/thumb/v7-m/nofp\libc_nano.a(libc_a-findfp.o)
 .text.global_stdio_init.part.0
                0x08000210       0x3c C:/ST/STM32CubeCLT_1.17.0/GNU-tools-for-STM32/bin/../lib/gcc/arm-none-eabi/12.3.1/../../../../arm-none-eabi/lib/thumb/v7-m/nofp\libc_nano.a(libc_a-findfp.o)
 .text.__sfp_lock_acquire
                0x0800024c        0xc C:/ST/STM32CubeCLT_1.17.0/GNU-tools-for-STM32/bin/../lib/gcc/arm-none-eabi/12.3.1/../../../../arm-none-eabi/lib/thumb/v7-m/nofp\libc_nano.a(libc_a-findfp.o)
                0x0800024c                __sfp_lock_acquire
 .text.__sfp_lock_release
                0x08000258        0xc C:/ST/STM32CubeCLT_1.17.0/GNU-tools-for-STM32/bin/../lib/gcc/arm-none-eabi/12.3.1/../../../../arm-none-eabi/lib/thumb/v7-m/nofp\libc_nano.a(libc_a-findfp.o)
                0x08000258                __sfp_lock_release
 .text.__sinit  0x08000264       0x30 C:/ST/STM32CubeCLT_1.17.0/GNU-tools-for-STM32/bin/../lib/gcc/arm-none-eabi/12.3.1/../../../../arm-none-eabi/lib/thumb/v7-m/nofp\libc_nano.a(libc_a-findfp.o)
                0x08000264                __sinit
 .text._fwalk_sglue
                0x08000294       0x3c C:/ST/STM32CubeCLT_1.17.0/GNU-tools-for-STM32/bin/../lib/gcc/arm-none-eabi/12.3.1/../../../../arm-none-eabi/lib/thumb/v7-m/nofp\libc_nano.a(libc_a-fwalk.o)
                0x08000294                _fwalk_sglue
 .text.__sread  0x080002d0       0x22 C:/ST/STM32CubeCLT_1.17.0/GNU-tools-for-STM32/bin/../lib/gcc/arm-none-eabi/12.3.1/../../../../arm-none-eabi/lib/thumb/v7-m/nofp\libc_nano.a(libc_a-stdio.o)
                0x080002d0                __sread
 .text.__swrite
                0x080002f2       0x38 C:/ST/STM32CubeCLT_1.17.0/GNU-tools-for-STM32/bin/../lib/gcc/arm-none-eabi/12.3.1/../../../../arm-none-eabi/lib/thumb/v7-m/nofp\libc_nano.a(libc_a-stdio.o)
                0x080002f2                __swrite
 .text.__sseek  0x0800032a       0x24 C:/ST/STM32CubeCLT_1.17.0/GNU-tools-for-STM32/bin/../lib/gcc/arm-none-eabi/12.3.1/../../../../arm-none-eabi/lib/thumb/v7-m/nofp\libc_nano.a(libc_a-stdio.o)
                0x0800032a                __sseek
 .text.__sclose
                0x0800034e        0x8 C:/ST/STM32CubeCLT_1.17.0/GNU-tools-for-STM32/bin/../lib/gcc/arm-none-eabi/12.3.1/../../../../arm-none-eabi/lib/thumb/v7-m/nofp\libc_nano.a(libc_a-stdio.o)
                0x0800034e                __sclose
 .text.memset   0x08000356       0x10 C:/ST/STM32CubeCLT_1.17.0/GNU-tools-for-STM32/bin/../lib/gcc/arm-none-eabi/12.3.1/../../../../arm-none-eabi/lib/thumb/v7-m/nofp\libc_nano.a(libc_a-memset.o)
                0x08000356                memset
 *fill*         0x08000366        0x2 
 .text._close_r
                0x08000368       0x20 C:/ST/STM32CubeCLT_1.17.0/GNU-tools-for-STM32/bin/../lib/gcc/arm-none-eabi/12.3.1/../../../../arm-none-eabi/lib/thumb/v7-m/nofp\libc_nano.a(libc_a-closer.o)
                0x08000368                _close_r
 .text._lseek_r
                0x08000388       0x24 C:/ST/STM32CubeCLT_1.17.0/GNU-tools-for-STM32/bin/../lib/gcc/arm-none-eabi/12.3.1/../../../../arm-none-eabi/lib/thumb/v7-m/nofp\libc_nano.a(libc_a-lseekr.o)
                0x08000388                _lseek_r
 .text._read_r  0x080003ac       0x24 C:/ST/STM32CubeCLT_1.17.0/GNU-tools-for-STM32/bin/../lib/gcc/arm-none-eabi/12.3.1/../../../../arm-none-eabi/lib/thumb/v7-m/nofp\libc_nano.a(libc_a-readr.o)
                0x080003ac                _read_r
 .text._write_r
                0x080003d0       0x24 C:/ST/STM32CubeCLT_1.17.0/GNU-tools-for-STM32/bin/../lib/gcc/arm-none-eabi/12.3.1/../../../../arm-none-eabi/lib/thumb/v7-m/nofp\libc_nano.a(libc_a-writer.o)
                0x080003d0                _write_r
 .text.__libc_init_array
                0x080003f4       0x48 C:/ST/STM32CubeCLT_1.17.0/GNU-tools-for-STM32/bin/../lib/gcc/arm-none-eabi/12.3.1/../../../../arm-none-eabi/lib/thumb/v7-m/nofp\libc_nano.a(libc_a-init.o)
                0x080003f4                __libc_init_array
 .text.__retarget_lock_init_recursive
                0x0800043c        0x2 C:/ST/STM32CubeCLT_1.17.0/GNU-tools-for-STM32/bin/../lib/gcc/arm-none-eabi/12.3.1/../../../../arm-none-eabi/lib/thumb/v7-m/nofp\libc_nano.a(libc_a-lock.o)
                0x0800043c                __retarget_lock_init_recursive
 .text.__retarget_lock_acquire_recursive
                0x0800043e        0x2 C:/ST/STM32CubeCLT_1.17.0/GNU-tools-for-STM32/bin/../lib/gcc/arm-none-eabi/12.3.1/../../../../arm-none-eabi/lib/thumb/v7-m/nofp\libc_nano.a(libc_a-lock.o)
                0x0800043e                __retarget_lock_acquire_recursive
 .text.__retarget_lock_release_recursive
                0x08000440        0x2 C:/ST/STM32CubeCLT_1.17.0/GNU-tools-for-STM32/bin/../lib/gcc/arm-none-eabi/12.3.1/../../../../arm-none-eabi/lib/thumb/v7-m/nofp\libc_nano.a(libc_a-lock.o)
                0x08000440                __retarget_lock_release_recursive
 *fill*         0x08000442        0x2 
 .text._free_r  0x08000444       0x90 C:/ST/STM32CubeCLT_1.17.0/GNU-tools-for-STM32/bin/../lib/gcc/arm-none-eabi/12.3.1/../../../../arm-none-eabi/lib/thumb/v7-m/nofp\libc_nano.a(libc_a-freer.o)
                0x08000444                _free_r
 .text.sbrk_aligned
                0x080004d4       0x44 C:/ST/STM32CubeCLT_1.17.0/GNU-tools-for-STM32/bin/../lib/gcc/arm-none-eabi/12.3.1/../../../../arm-none-eabi/lib/thumb/v7-m/nofp\libc_nano.a(libc_a-mallocr.o)
 .text._malloc_r
                0x08000518      0x100 C:/ST/STM32CubeCLT_1.17.0/GNU-tools-for-STM32/bin/../lib/gcc/arm-none-eabi/12.3.1/../../../../arm-none-eabi/lib/thumb/v7-m/nofp\libc_nano.a(libc_a-mallocr.o)
                0x08000518                _malloc_r
 .text.__malloc_lock
                0x08000618        0xc C:/ST/STM32CubeCLT_1.17.0/GNU-tools-for-STM32/bin/../lib/gcc/arm-none-eabi/12.3.1/../../../../arm-none-eabi/lib/thumb/v7-m/nofp\libc_nano.a(libc_a-mlock.o)
                0x08000618                __malloc_lock
 .text.__malloc_unlock
                0x08000624        0xc C:/ST/STM32CubeCLT_1.17.0/GNU-tools-for-STM32/bin/../lib/gcc/arm-none-eabi/12.3.1/../../../../arm-none-eabi/lib/thumb/v7-m/nofp\libc_nano.a(libc_a-mlock.o)
                0x08000624                __malloc_unlock
 .text.__sflush_r
                0x08000630      0x100 C:/ST/STM32CubeCLT_1.17.0/GNU-tools-for-STM32/bin/../lib/gcc/arm-none-eabi/12.3.1/../../../../arm-none-eabi/lib/thumb/v7-m/nofp\libc_nano.a(libc_a-fflush.o)
                0x08000630                __sflush_r
 .text._fflush_r
                0x08000730       0x50 C:/ST/STM32CubeCLT_1.17.0/GNU-tools-for-STM32/bin/../lib/gcc/arm-none-eabi/12.3.1/../../../../arm-none-eabi/lib/thumb/v7-m/nofp\libc_nano.a(libc_a-fflush.o)
                0x08000730                _fflush_r
 .text._sbrk_r  0x08000780       0x20 C:/ST/STM32CubeCLT_1.17.0/GNU-tools-for-STM32/bin/../lib/gcc/arm-none-eabi/12.3.1/../../../../arm-none-eabi/lib/thumb/v7-m/nofp\libc_nano.a(libc_a-sbrkr.o)
                0x08000780                _sbrk_r
 .text.I2C_Write
                0x080007a0       0x54 CMakeFiles/IIC_AT24C.dir/User/mcu_peripheral_bsp/src/bsp_i2c.c.obj
                0x080007a0                I2C_Write
 .text.I2C_Read
                0x080007f4       0x78 CMakeFiles/IIC_AT24C.dir/User/mcu_peripheral_bsp/src/bsp_i2c.c.obj
                0x080007f4                I2C_Read
 .text.AT24C256_WriteByte
                0x0800086c       0x90 CMakeFiles/IIC_AT24C.dir/User/at24c256.c.obj
                0x0800086c                AT24C256_WriteByte
 .text.AT24C256_WriteBytes
                0x080008fc      0x10c CMakeFiles/IIC_AT24C.dir/User/at24c256.c.obj
                0x080008fc                AT24C256_WriteBytes
 .text.AT24C256_ReadByte
                0x08000a08       0xa0 CMakeFiles/IIC_AT24C.dir/User/at24c256.c.obj
                0x08000a08                AT24C256_ReadByte
 .text.AT24C256_ReadBytes
                0x08000aa8       0xa0 CMakeFiles/IIC_AT24C.dir/User/at24c256.c.obj
                0x08000aa8                AT24C256_ReadBytes
 .text._write   0x08000b48       0x2c CMakeFiles/IIC_AT24C.dir/Core/Src/main.c.obj
                0x08000b48                _write
 .text.main     0x08000b74      0x154 CMakeFiles/IIC_AT24C.dir/Core/Src/main.c.obj
                0x08000b74                main
 .text.SystemClock_Config
                0x08000cc8       0x8a CMakeFiles/IIC_AT24C.dir/Core/Src/main.c.obj
                0x08000cc8                SystemClock_Config
 .text.Error_Handler
                0x08000d52        0xc CMakeFiles/IIC_AT24C.dir/Core/Src/main.c.obj
                0x08000d52                Error_Handler
 *fill*         0x08000d5e        0x2 
 .text.MX_GPIO_Init
                0x08000d60       0x5c CMakeFiles/IIC_AT24C.dir/Core/Src/gpio.c.obj
                0x08000d60                MX_GPIO_Init
 .text.MX_I2C1_Init
                0x08000dbc       0x5c CMakeFiles/IIC_AT24C.dir/Core/Src/i2c.c.obj
                0x08000dbc                MX_I2C1_Init
 .text.HAL_I2C_MspInit
                0x08000e18       0x7c CMakeFiles/IIC_AT24C.dir/Core/Src/i2c.c.obj
                0x08000e18                HAL_I2C_MspInit
 .text.MX_USART1_UART_Init
                0x08000e94       0x54 CMakeFiles/IIC_AT24C.dir/Core/Src/usart.c.obj
                0x08000e94                MX_USART1_UART_Init
 .text.HAL_UART_MspInit
                0x08000ee8       0x98 CMakeFiles/IIC_AT24C.dir/Core/Src/usart.c.obj
                0x08000ee8                HAL_UART_MspInit
 .text.NMI_Handler
                0x08000f80        0x8 CMakeFiles/IIC_AT24C.dir/Core/Src/stm32f1xx_it.c.obj
                0x08000f80                NMI_Handler
 .text.HardFault_Handler
                0x08000f88        0x8 CMakeFiles/IIC_AT24C.dir/Core/Src/stm32f1xx_it.c.obj
                0x08000f88                HardFault_Handler
 .text.MemManage_Handler
                0x08000f90        0x8 CMakeFiles/IIC_AT24C.dir/Core/Src/stm32f1xx_it.c.obj
                0x08000f90                MemManage_Handler
 .text.BusFault_Handler
                0x08000f98        0x8 CMakeFiles/IIC_AT24C.dir/Core/Src/stm32f1xx_it.c.obj
                0x08000f98                BusFault_Handler
 .text.UsageFault_Handler
                0x08000fa0        0x8 CMakeFiles/IIC_AT24C.dir/Core/Src/stm32f1xx_it.c.obj
                0x08000fa0                UsageFault_Handler
 .text.SVC_Handler
                0x08000fa8        0xc CMakeFiles/IIC_AT24C.dir/Core/Src/stm32f1xx_it.c.obj
                0x08000fa8                SVC_Handler
 .text.DebugMon_Handler
                0x08000fb4        0xc CMakeFiles/IIC_AT24C.dir/Core/Src/stm32f1xx_it.c.obj
                0x08000fb4                DebugMon_Handler
 .text.PendSV_Handler
                0x08000fc0        0xc CMakeFiles/IIC_AT24C.dir/Core/Src/stm32f1xx_it.c.obj
                0x08000fc0                PendSV_Handler
 .text.SysTick_Handler
                0x08000fcc        0xc CMakeFiles/IIC_AT24C.dir/Core/Src/stm32f1xx_it.c.obj
                0x08000fcc                SysTick_Handler
 .text.HAL_MspInit
                0x08000fd8       0x64 CMakeFiles/IIC_AT24C.dir/Core/Src/stm32f1xx_hal_msp.c.obj
                0x08000fd8                HAL_MspInit
 .text.HAL_I2C_Init
                0x0800103c      0x288 CMakeFiles/IIC_AT24C.dir/Drivers/STM32F1xx_HAL_Driver/Src/stm32f1xx_hal_i2c.c.obj
                0x0800103c                HAL_I2C_Init
 .text.HAL_I2C_Master_Transmit
                0x080012c4      0x1fc CMakeFiles/IIC_AT24C.dir/Drivers/STM32F1xx_HAL_Driver/Src/stm32f1xx_hal_i2c.c.obj
                0x080012c4                HAL_I2C_Master_Transmit
 .text.HAL_I2C_Master_Receive
                0x080014c0      0x4d8 CMakeFiles/IIC_AT24C.dir/Drivers/STM32F1xx_HAL_Driver/Src/stm32f1xx_hal_i2c.c.obj
                0x080014c0                HAL_I2C_Master_Receive
 .text.I2C_MasterRequestWrite
                0x08001998      0x104 CMakeFiles/IIC_AT24C.dir/Drivers/STM32F1xx_HAL_Driver/Src/stm32f1xx_hal_i2c.c.obj
 .text.I2C_MasterRequestRead
                0x08001a9c      0x19c CMakeFiles/IIC_AT24C.dir/Drivers/STM32F1xx_HAL_Driver/Src/stm32f1xx_hal_i2c.c.obj
 .text.I2C_WaitOnFlagUntilTimeout
                0x08001c38       0xf4 CMakeFiles/IIC_AT24C.dir/Drivers/STM32F1xx_HAL_Driver/Src/stm32f1xx_hal_i2c.c.obj
 .text.I2C_WaitOnMasterAddressFlagUntilTimeout
                0x08001d2c      0x140 CMakeFiles/IIC_AT24C.dir/Drivers/STM32F1xx_HAL_Driver/Src/stm32f1xx_hal_i2c.c.obj
 .text.I2C_WaitOnTXEFlagUntilTimeout
                0x08001e6c       0x90 CMakeFiles/IIC_AT24C.dir/Drivers/STM32F1xx_HAL_Driver/Src/stm32f1xx_hal_i2c.c.obj
 .text.I2C_WaitOnBTFFlagUntilTimeout
                0x08001efc       0x90 CMakeFiles/IIC_AT24C.dir/Drivers/STM32F1xx_HAL_Driver/Src/stm32f1xx_hal_i2c.c.obj
 .text.I2C_WaitOnRXNEFlagUntilTimeout
                0x08001f8c       0xba CMakeFiles/IIC_AT24C.dir/Drivers/STM32F1xx_HAL_Driver/Src/stm32f1xx_hal_i2c.c.obj
 .text.I2C_IsAcknowledgeFailed
                0x08002046       0x5c CMakeFiles/IIC_AT24C.dir/Drivers/STM32F1xx_HAL_Driver/Src/stm32f1xx_hal_i2c.c.obj
 *fill*         0x080020a2        0x2 
 .text.HAL_Init
                0x080020a4       0x2c CMakeFiles/IIC_AT24C.dir/Drivers/STM32F1xx_HAL_Driver/Src/stm32f1xx_hal.c.obj
                0x080020a4                HAL_Init
 .text.HAL_InitTick
                0x080020d0       0x60 CMakeFiles/IIC_AT24C.dir/Drivers/STM32F1xx_HAL_Driver/Src/stm32f1xx_hal.c.obj
                0x080020d0                HAL_InitTick
 .text.HAL_IncTick
                0x08002130       0x24 CMakeFiles/IIC_AT24C.dir/Drivers/STM32F1xx_HAL_Driver/Src/stm32f1xx_hal.c.obj
                0x08002130                HAL_IncTick
 .text.HAL_GetTick
                0x08002154       0x14 CMakeFiles/IIC_AT24C.dir/Drivers/STM32F1xx_HAL_Driver/Src/stm32f1xx_hal.c.obj
                0x08002154                HAL_GetTick
 .text.HAL_Delay
                0x08002168       0x48 CMakeFiles/IIC_AT24C.dir/Drivers/STM32F1xx_HAL_Driver/Src/stm32f1xx_hal.c.obj
                0x08002168                HAL_Delay
 .text.HAL_RCC_OscConfig
                0x080021b0      0x504 CMakeFiles/IIC_AT24C.dir/Drivers/STM32F1xx_HAL_Driver/Src/stm32f1xx_hal_rcc.c.obj
                0x080021b0                HAL_RCC_OscConfig
 .text.HAL_RCC_ClockConfig
                0x080026b4      0x1d4 CMakeFiles/IIC_AT24C.dir/Drivers/STM32F1xx_HAL_Driver/Src/stm32f1xx_hal_rcc.c.obj
                0x080026b4                HAL_RCC_ClockConfig
 .text.HAL_RCC_GetSysClockFreq
                0x08002888       0xa8 CMakeFiles/IIC_AT24C.dir/Drivers/STM32F1xx_HAL_Driver/Src/stm32f1xx_hal_rcc.c.obj
                0x08002888                HAL_RCC_GetSysClockFreq
 .text.HAL_RCC_GetHCLKFreq
                0x08002930       0x14 CMakeFiles/IIC_AT24C.dir/Drivers/STM32F1xx_HAL_Driver/Src/stm32f1xx_hal_rcc.c.obj
                0x08002930                HAL_RCC_GetHCLKFreq
 .text.HAL_RCC_GetPCLK1Freq
                0x08002944       0x28 CMakeFiles/IIC_AT24C.dir/Drivers/STM32F1xx_HAL_Driver/Src/stm32f1xx_hal_rcc.c.obj
                0x08002944                HAL_RCC_GetPCLK1Freq
 .text.HAL_RCC_GetPCLK2Freq
                0x0800296c       0x28 CMakeFiles/IIC_AT24C.dir/Drivers/STM32F1xx_HAL_Driver/Src/stm32f1xx_hal_rcc.c.obj
                0x0800296c                HAL_RCC_GetPCLK2Freq
 .text.RCC_Delay
                0x08002994       0x3c CMakeFiles/IIC_AT24C.dir/Drivers/STM32F1xx_HAL_Driver/Src/stm32f1xx_hal_rcc.c.obj
 .text.HAL_GPIO_Init
                0x080029d0      0x308 CMakeFiles/IIC_AT24C.dir/Drivers/STM32F1xx_HAL_Driver/Src/stm32f1xx_hal_gpio.c.obj
                0x080029d0                HAL_GPIO_Init
 .text.__NVIC_SetPriorityGrouping
                0x08002cd8       0x48 CMakeFiles/IIC_AT24C.dir/Drivers/STM32F1xx_HAL_Driver/Src/stm32f1xx_hal_cortex.c.obj
 .text.__NVIC_GetPriorityGrouping
                0x08002d20       0x1c CMakeFiles/IIC_AT24C.dir/Drivers/STM32F1xx_HAL_Driver/Src/stm32f1xx_hal_cortex.c.obj
 .text.__NVIC_SetPriority
                0x08002d3c       0x54 CMakeFiles/IIC_AT24C.dir/Drivers/STM32F1xx_HAL_Driver/Src/stm32f1xx_hal_cortex.c.obj
 .text.NVIC_EncodePriority
                0x08002d90       0x64 CMakeFiles/IIC_AT24C.dir/Drivers/STM32F1xx_HAL_Driver/Src/stm32f1xx_hal_cortex.c.obj
 .text.SysTick_Config
                0x08002df4       0x44 CMakeFiles/IIC_AT24C.dir/Drivers/STM32F1xx_HAL_Driver/Src/stm32f1xx_hal_cortex.c.obj
 .text.HAL_NVIC_SetPriorityGrouping
                0x08002e38       0x16 CMakeFiles/IIC_AT24C.dir/Drivers/STM32F1xx_HAL_Driver/Src/stm32f1xx_hal_cortex.c.obj
                0x08002e38                HAL_NVIC_SetPriorityGrouping
 .text.HAL_NVIC_SetPriority
                0x08002e4e       0x38 CMakeFiles/IIC_AT24C.dir/Drivers/STM32F1xx_HAL_Driver/Src/stm32f1xx_hal_cortex.c.obj
                0x08002e4e                HAL_NVIC_SetPriority
 .text.HAL_SYSTICK_Config
                0x08002e86       0x18 CMakeFiles/IIC_AT24C.dir/Drivers/STM32F1xx_HAL_Driver/Src/stm32f1xx_hal_cortex.c.obj
                0x08002e86                HAL_SYSTICK_Config
 .text.HAL_UART_Init
                0x08002e9e       0xa0 CMakeFiles/IIC_AT24C.dir/Drivers/STM32F1xx_HAL_Driver/Src/stm32f1xx_hal_uart.c.obj
                0x08002e9e                HAL_UART_Init
 .text.HAL_UART_Transmit
                0x08002f3e      0x116 CMakeFiles/IIC_AT24C.dir/Drivers/STM32F1xx_HAL_Driver/Src/stm32f1xx_hal_uart.c.obj
                0x08002f3e                HAL_UART_Transmit
 .text.UART_WaitOnFlagUntilTimeout
                0x08003054       0xb2 CMakeFiles/IIC_AT24C.dir/Drivers/STM32F1xx_HAL_Driver/Src/stm32f1xx_hal_uart.c.obj
 .text.UART_EndRxTransfer
                0x08003106       0xc4 CMakeFiles/IIC_AT24C.dir/Drivers/STM32F1xx_HAL_Driver/Src/stm32f1xx_hal_uart.c.obj
 *fill*         0x080031ca        0x2 
 .text.UART_SetConfig
                0x080031cc      0x11c CMakeFiles/IIC_AT24C.dir/Drivers/STM32F1xx_HAL_Driver/Src/stm32f1xx_hal_uart.c.obj
 .text.SystemInit
                0x080032e8        0xc CMakeFiles/IIC_AT24C.dir/Core/Src/system_stm32f1xx.c.obj
                0x080032e8                SystemInit
 .text._sbrk    0x080032f4       0x6c CMakeFiles/IIC_AT24C.dir/Core/Src/sysmem.c.obj
                0x080032f4                _sbrk
 .text._read    0x08003360       0x3a CMakeFiles/IIC_AT24C.dir/Core/Src/syscalls.c.obj
                0x08003360                _read
 .text._close   0x0800339a       0x16 CMakeFiles/IIC_AT24C.dir/Core/Src/syscalls.c.obj
                0x0800339a                _close
 .text._fstat   0x080033b0       0x1e CMakeFiles/IIC_AT24C.dir/Core/Src/syscalls.c.obj
                0x080033b0                _fstat
 .text._isatty  0x080033ce       0x14 CMakeFiles/IIC_AT24C.dir/Core/Src/syscalls.c.obj
                0x080033ce                _isatty
 .text._lseek   0x080033e2       0x18 CMakeFiles/IIC_AT24C.dir/Core/Src/syscalls.c.obj
                0x080033e2                _lseek
 *fill*         0x080033fa        0x2 
 .text.Reset_Handler
                0x080033fc       0x48 CMakeFiles/IIC_AT24C.dir/startup_stm32f103xb.s.obj
                0x080033fc                Reset_Handler
 .text.Default_Handler
                0x08003444        0x2 CMakeFiles/IIC_AT24C.dir/startup_stm32f103xb.s.obj
                0x08003444                RTC_Alarm_IRQHandler
                0x08003444                EXTI2_IRQHandler
                0x08003444                TIM1_CC_IRQHandler
                0x08003444                PVD_IRQHandler
                0x08003444                EXTI3_IRQHandler
                0x08003444                EXTI0_IRQHandler
                0x08003444                I2C2_EV_IRQHandler
                0x08003444                ADC1_2_IRQHandler
                0x08003444                SPI1_IRQHandler
                0x08003444                TAMPER_IRQHandler
                0x08003444                DMA1_Channel4_IRQHandler
                0x08003444                USART3_IRQHandler
                0x08003444                RTC_IRQHandler
                0x08003444                DMA1_Channel7_IRQHandler
                0x08003444                CAN1_RX1_IRQHandler
                0x08003444                TIM4_IRQHandler
                0x08003444                I2C1_EV_IRQHandler
                0x08003444                DMA1_Channel6_IRQHandler
                0x08003444                TIM3_IRQHandler
                0x08003444                RCC_IRQHandler
                0x08003444                TIM1_TRG_COM_IRQHandler
                0x08003444                DMA1_Channel1_IRQHandler
                0x08003444                Default_Handler
                0x08003444                EXTI15_10_IRQHandler
                0x08003444                EXTI9_5_IRQHandler
                0x08003444                SPI2_IRQHandler
                0x08003444                DMA1_Channel5_IRQHandler
                0x08003444                EXTI4_IRQHandler
                0x08003444                USB_LP_CAN1_RX0_IRQHandler
                0x08003444                USB_HP_CAN1_TX_IRQHandler
                0x08003444                DMA1_Channel3_IRQHandler
                0x08003444                TIM1_UP_IRQHandler
                0x08003444                WWDG_IRQHandler
                0x08003444                TIM2_IRQHandler
                0x08003444                TIM1_BRK_IRQHandler
                0x08003444                EXTI1_IRQHandler
                0x08003444                USART2_IRQHandler
                0x08003444                I2C2_ER_IRQHandler
                0x08003444                DMA1_Channel2_IRQHandler
                0x08003444                CAN1_SCE_IRQHandler
                0x08003444                FLASH_IRQHandler
                0x08003444                USART1_IRQHandler
                0x08003444                I2C1_ER_IRQHandler
                0x08003444                USBWakeUp_IRQHandler
 *fill*         0x08003446        0x2 
 .text.printf   0x08003448       0x24 C:/ST/STM32CubeCLT_1.17.0/GNU-tools-for-STM32/bin/../lib/gcc/arm-none-eabi/12.3.1/../../../../arm-none-eabi/lib/thumb/v7-m/nofp\libg_nano.a(libc_a-printf.o)
                0x08003448                iprintf
                0x08003448                printf
 .text._puts_r  0x0800346c       0xaa C:/ST/STM32CubeCLT_1.17.0/GNU-tools-for-STM32/bin/../lib/gcc/arm-none-eabi/12.3.1/../../../../arm-none-eabi/lib/thumb/v7-m/nofp\libg_nano.a(libc_a-puts.o)
                0x0800346c                _puts_r
 *fill*         0x08003516        0x2 
 .text.puts     0x08003518       0x10 C:/ST/STM32CubeCLT_1.17.0/GNU-tools-for-STM32/bin/../lib/gcc/arm-none-eabi/12.3.1/../../../../arm-none-eabi/lib/thumb/v7-m/nofp\libg_nano.a(libc_a-puts.o)
                0x08003518                puts
 .text.__swbuf_r
                0x08003528       0x7c C:/ST/STM32CubeCLT_1.17.0/GNU-tools-for-STM32/bin/../lib/gcc/arm-none-eabi/12.3.1/../../../../arm-none-eabi/lib/thumb/v7-m/nofp\libg_nano.a(libc_a-wbuf.o)
                0x08003528                __swbuf_r
 .text.__swsetup_r
                0x080035a4       0xac C:/ST/STM32CubeCLT_1.17.0/GNU-tools-for-STM32/bin/../lib/gcc/arm-none-eabi/12.3.1/../../../../arm-none-eabi/lib/thumb/v7-m/nofp\libg_nano.a(libc_a-wsetup.o)
                0x080035a4                __swsetup_r
 .text.__errno  0x08003650        0xc C:/ST/STM32CubeCLT_1.17.0/GNU-tools-for-STM32/bin/../lib/gcc/arm-none-eabi/12.3.1/../../../../arm-none-eabi/lib/thumb/v7-m/nofp\libg_nano.a(libc_a-errno.o)
                0x08003650                __errno
 .text.__sfputc_r
                0x0800365c       0x2a C:/ST/STM32CubeCLT_1.17.0/GNU-tools-for-STM32/bin/../lib/gcc/arm-none-eabi/12.3.1/../../../../arm-none-eabi/lib/thumb/v7-m/nofp\libg_nano.a(libc_a-nano-vfprintf.o)
 .text.__sfputs_r
                0x08003686       0x24 C:/ST/STM32CubeCLT_1.17.0/GNU-tools-for-STM32/bin/../lib/gcc/arm-none-eabi/12.3.1/../../../../arm-none-eabi/lib/thumb/v7-m/nofp\libg_nano.a(libc_a-nano-vfprintf.o)
                0x08003686                __sfputs_r
 *fill*         0x080036aa        0x2 
 .text._vfprintf_r
                0x080036ac      0x230 C:/ST/STM32CubeCLT_1.17.0/GNU-tools-for-STM32/bin/../lib/gcc/arm-none-eabi/12.3.1/../../../../arm-none-eabi/lib/thumb/v7-m/nofp\libg_nano.a(libc_a-nano-vfprintf.o)
                0x080036ac                _vfprintf_r
                0x080036ac                _vfiprintf_r
 .text._printf_common
                0x080038dc       0xe4 C:/ST/STM32CubeCLT_1.17.0/GNU-tools-for-STM32/bin/../lib/gcc/arm-none-eabi/12.3.1/../../../../arm-none-eabi/lib/thumb/v7-m/nofp\libg_nano.a(libc_a-nano-vfprintf_i.o)
                0x080038dc                _printf_common
 .text._printf_i
                0x080039c0      0x240 C:/ST/STM32CubeCLT_1.17.0/GNU-tools-for-STM32/bin/../lib/gcc/arm-none-eabi/12.3.1/../../../../arm-none-eabi/lib/thumb/v7-m/nofp\libg_nano.a(libc_a-nano-vfprintf_i.o)
                0x080039c0                _printf_i
 .text.__swhatbuf_r
                0x08003c00       0x4a C:/ST/STM32CubeCLT_1.17.0/GNU-tools-for-STM32/bin/../lib/gcc/arm-none-eabi/12.3.1/../../../../arm-none-eabi/lib/thumb/v7-m/nofp\libg_nano.a(libc_a-makebuf.o)
                0x08003c00                __swhatbuf_r
 .text.__smakebuf_r
                0x08003c4a       0x78 C:/ST/STM32CubeCLT_1.17.0/GNU-tools-for-STM32/bin/../lib/gcc/arm-none-eabi/12.3.1/../../../../arm-none-eabi/lib/thumb/v7-m/nofp\libg_nano.a(libc_a-makebuf.o)
                0x08003c4a                __smakebuf_r
 *fill*         0x08003cc2        0x2 
 .text._fstat_r
                0x08003cc4       0x24 C:/ST/STM32CubeCLT_1.17.0/GNU-tools-for-STM32/bin/../lib/gcc/arm-none-eabi/12.3.1/../../../../arm-none-eabi/lib/thumb/v7-m/nofp\libg_nano.a(libc_a-fstatr.o)
                0x08003cc4                _fstat_r
 .text._isatty_r
                0x08003ce8       0x20 C:/ST/STM32CubeCLT_1.17.0/GNU-tools-for-STM32/bin/../lib/gcc/arm-none-eabi/12.3.1/../../../../arm-none-eabi/lib/thumb/v7-m/nofp\libg_nano.a(libc_a-isattyr.o)
                0x08003ce8                _isatty_r
 .text.memchr   0x08003d08       0x1c C:/ST/STM32CubeCLT_1.17.0/GNU-tools-for-STM32/bin/../lib/gcc/arm-none-eabi/12.3.1/../../../../arm-none-eabi/lib/thumb/v7-m/nofp\libg_nano.a(libc_a-memchr-stub.o)
                0x08003d08                memchr
 *(.glue_7)
 .glue_7        0x08003d24        0x0 linker stubs
 *(.glue_7t)
 .glue_7t       0x08003d24        0x0 linker stubs
 *(.eh_frame)
 .eh_frame      0x08003d24        0x0 C:/ST/STM32CubeCLT_1.17.0/GNU-tools-for-STM32/bin/../lib/gcc/arm-none-eabi/12.3.1/thumb/v7-m/nofp/crtbegin.o
 *(.init)
 .init          0x08003d24        0x4 C:/ST/STM32CubeCLT_1.17.0/GNU-tools-for-STM32/bin/../lib/gcc/arm-none-eabi/12.3.1/thumb/v7-m/nofp/crti.o
                0x08003d24                _init
 .init          0x08003d28        0x8 C:/ST/STM32CubeCLT_1.17.0/GNU-tools-for-STM32/bin/../lib/gcc/arm-none-eabi/12.3.1/thumb/v7-m/nofp/crtn.o
 *(.fini)
 .fini          0x08003d30        0x4 C:/ST/STM32CubeCLT_1.17.0/GNU-tools-for-STM32/bin/../lib/gcc/arm-none-eabi/12.3.1/thumb/v7-m/nofp/crti.o
                0x08003d30                _fini
 .fini          0x08003d34        0x8 C:/ST/STM32CubeCLT_1.17.0/GNU-tools-for-STM32/bin/../lib/gcc/arm-none-eabi/12.3.1/thumb/v7-m/nofp/crtn.o
                0x08003d3c                        . = ALIGN (0x4)
                0x08003d3c                        _etext = .

.vfp11_veneer   0x08003d3c        0x0
 .vfp11_veneer  0x08003d3c        0x0 linker stubs

.v4_bx          0x08003d3c        0x0
 .v4_bx         0x08003d3c        0x0 linker stubs

.iplt           0x08003d3c        0x0
 .iplt          0x08003d3c        0x0 C:/ST/STM32CubeCLT_1.17.0/GNU-tools-for-STM32/bin/../lib/gcc/arm-none-eabi/12.3.1/thumb/v7-m/nofp/crtbegin.o

.rodata         0x08003d3c      0x214
                0x08003d3c                        . = ALIGN (0x4)
 *(.rodata)
 .rodata        0x08003d3c       0x21 CMakeFiles/IIC_AT24C.dir/User/mcu_peripheral_bsp/src/bsp_i2c.c.obj
 *fill*         0x08003d5d        0x3 
 .rodata        0x08003d60       0xbb CMakeFiles/IIC_AT24C.dir/User/at24c256.c.obj
 *fill*         0x08003e1b        0x1 
 .rodata        0x08003e1c       0xd1 CMakeFiles/IIC_AT24C.dir/Core/Src/main.c.obj
 *(.rodata*)
 *fill*         0x08003eed        0x3 
 .rodata.aPLLMULFactorTable.1
                0x08003ef0       0x10 CMakeFiles/IIC_AT24C.dir/Drivers/STM32F1xx_HAL_Driver/Src/stm32f1xx_hal_rcc.c.obj
 .rodata.aPredivFactorTable.0
                0x08003f00        0x2 CMakeFiles/IIC_AT24C.dir/Drivers/STM32F1xx_HAL_Driver/Src/stm32f1xx_hal_rcc.c.obj
 *fill*         0x08003f02        0x2 
 .rodata.AHBPrescTable
                0x08003f04       0x10 CMakeFiles/IIC_AT24C.dir/Core/Src/system_stm32f1xx.c.obj
                0x08003f04                AHBPrescTable
 .rodata.APBPrescTable
                0x08003f14        0x8 CMakeFiles/IIC_AT24C.dir/Core/Src/system_stm32f1xx.c.obj
                0x08003f14                APBPrescTable
 .rodata._vfprintf_r.str1.1
                0x08003f1c       0x11 C:/ST/STM32CubeCLT_1.17.0/GNU-tools-for-STM32/bin/../lib/gcc/arm-none-eabi/12.3.1/../../../../arm-none-eabi/lib/thumb/v7-m/nofp\libg_nano.a(libc_a-nano-vfprintf.o)
 .rodata._printf_i.str1.1
                0x08003f2d       0x22 C:/ST/STM32CubeCLT_1.17.0/GNU-tools-for-STM32/bin/../lib/gcc/arm-none-eabi/12.3.1/../../../../arm-none-eabi/lib/thumb/v7-m/nofp\libg_nano.a(libc_a-nano-vfprintf_i.o)
                0x08003f50                        . = ALIGN (0x4)
 *fill*         0x08003f4f        0x1 

.rel.dyn        0x08003f50        0x0
 .rel.iplt      0x08003f50        0x0 C:/ST/STM32CubeCLT_1.17.0/GNU-tools-for-STM32/bin/../lib/gcc/arm-none-eabi/12.3.1/thumb/v7-m/nofp/crtbegin.o

.ARM.extab
 *(.ARM.extab* .gnu.linkonce.armextab.*)

.ARM            0x08003f50        0x0
                0x08003f50                        __exidx_start = .
 *(.ARM.exidx*)
                0x08003f50                        __exidx_end = .

.preinit_array  0x08003f50        0x0
                0x08003f50                        PROVIDE (__preinit_array_start = .)
 *(.preinit_array*)
                0x08003f50                        PROVIDE (__preinit_array_end = .)

.init_array     0x08003f50        0x4
                0x08003f50                        PROVIDE (__init_array_start = .)
 *(SORT_BY_NAME(.init_array.*))
 *(.init_array*)
 .init_array    0x08003f50        0x4 C:/ST/STM32CubeCLT_1.17.0/GNU-tools-for-STM32/bin/../lib/gcc/arm-none-eabi/12.3.1/thumb/v7-m/nofp/crtbegin.o
                0x08003f54                        PROVIDE (__init_array_end = .)

.fini_array     0x08003f54        0x4
                [!provide]                        PROVIDE (__fini_array_start = .)
 *(SORT_BY_NAME(.fini_array.*))
 *(.fini_array*)
 .fini_array    0x08003f54        0x4 C:/ST/STM32CubeCLT_1.17.0/GNU-tools-for-STM32/bin/../lib/gcc/arm-none-eabi/12.3.1/thumb/v7-m/nofp/crtbegin.o
                [!provide]                        PROVIDE (__fini_array_end = .)
                0x08003f58                        _sidata = LOADADDR (.data)

.data           0x20000000       0x68 load address 0x08003f58
                0x20000000                        . = ALIGN (0x4)
                0x20000000                        _sdata = .
 *(.data)
 *(.data*)
 .data.__sglue  0x20000000        0xc C:/ST/STM32CubeCLT_1.17.0/GNU-tools-for-STM32/bin/../lib/gcc/arm-none-eabi/12.3.1/../../../../arm-none-eabi/lib/thumb/v7-m/nofp\libc_nano.a(libc_a-findfp.o)
                0x20000000                __sglue
 .data._impure_ptr
                0x2000000c        0x4 C:/ST/STM32CubeCLT_1.17.0/GNU-tools-for-STM32/bin/../lib/gcc/arm-none-eabi/12.3.1/../../../../arm-none-eabi/lib/thumb/v7-m/nofp\libc_nano.a(libc_a-impure.o)
                0x2000000c                _impure_ptr
 .data._impure_data
                0x20000010       0x4c C:/ST/STM32CubeCLT_1.17.0/GNU-tools-for-STM32/bin/../lib/gcc/arm-none-eabi/12.3.1/../../../../arm-none-eabi/lib/thumb/v7-m/nofp\libc_nano.a(libc_a-impure.o)
                0x20000010                _impure_data
 .data.uwTickPrio
                0x2000005c        0x4 CMakeFiles/IIC_AT24C.dir/Drivers/STM32F1xx_HAL_Driver/Src/stm32f1xx_hal.c.obj
                0x2000005c                uwTickPrio
 .data.uwTickFreq
                0x20000060        0x1 CMakeFiles/IIC_AT24C.dir/Drivers/STM32F1xx_HAL_Driver/Src/stm32f1xx_hal.c.obj
                0x20000060                uwTickFreq
 *fill*         0x20000061        0x3 
 .data.SystemCoreClock
                0x20000064        0x4 CMakeFiles/IIC_AT24C.dir/Core/Src/system_stm32f1xx.c.obj
                0x20000064                SystemCoreClock
                0x20000068                        . = ALIGN (0x4)
                0x20000068                        _edata = .

.igot.plt       0x20000068        0x0 load address 0x08003fc0
 .igot.plt      0x20000068        0x0 C:/ST/STM32CubeCLT_1.17.0/GNU-tools-for-STM32/bin/../lib/gcc/arm-none-eabi/12.3.1/thumb/v7-m/nofp/crtbegin.o
                0x20000068                        . = ALIGN (0x4)

.bss            0x20000068      0x20c load address 0x08003fc0
                0x20000068                        _sbss = .
                0x20000068                        __bss_start__ = _sbss
 *(.bss)
 .bss           0x20000068       0x1c C:/ST/STM32CubeCLT_1.17.0/GNU-tools-for-STM32/bin/../lib/gcc/arm-none-eabi/12.3.1/thumb/v7-m/nofp/crtbegin.o
 *(.bss*)
 .bss.__sf      0x20000084      0x138 C:/ST/STM32CubeCLT_1.17.0/GNU-tools-for-STM32/bin/../lib/gcc/arm-none-eabi/12.3.1/../../../../arm-none-eabi/lib/thumb/v7-m/nofp\libc_nano.a(libc_a-findfp.o)
                0x20000084                __sf
 .bss.__stdio_exit_handler
                0x200001bc        0x4 C:/ST/STM32CubeCLT_1.17.0/GNU-tools-for-STM32/bin/../lib/gcc/arm-none-eabi/12.3.1/../../../../arm-none-eabi/lib/thumb/v7-m/nofp\libc_nano.a(libc_a-findfp.o)
                0x200001bc                __stdio_exit_handler
 .bss.errno     0x200001c0        0x4 C:/ST/STM32CubeCLT_1.17.0/GNU-tools-for-STM32/bin/../lib/gcc/arm-none-eabi/12.3.1/../../../../arm-none-eabi/lib/thumb/v7-m/nofp\libc_nano.a(libc_a-reent.o)
                0x200001c0                errno
 .bss.__lock___malloc_recursive_mutex
                0x200001c4        0x1 C:/ST/STM32CubeCLT_1.17.0/GNU-tools-for-STM32/bin/../lib/gcc/arm-none-eabi/12.3.1/../../../../arm-none-eabi/lib/thumb/v7-m/nofp\libc_nano.a(libc_a-lock.o)
                0x200001c4                __lock___malloc_recursive_mutex
 .bss.__lock___sfp_recursive_mutex
                0x200001c5        0x1 C:/ST/STM32CubeCLT_1.17.0/GNU-tools-for-STM32/bin/../lib/gcc/arm-none-eabi/12.3.1/../../../../arm-none-eabi/lib/thumb/v7-m/nofp\libc_nano.a(libc_a-lock.o)
                0x200001c5                __lock___sfp_recursive_mutex
 *fill*         0x200001c6        0x2 
 .bss.__malloc_sbrk_start
                0x200001c8        0x4 C:/ST/STM32CubeCLT_1.17.0/GNU-tools-for-STM32/bin/../lib/gcc/arm-none-eabi/12.3.1/../../../../arm-none-eabi/lib/thumb/v7-m/nofp\libc_nano.a(libc_a-mallocr.o)
                0x200001c8                __malloc_sbrk_start
 .bss.__malloc_free_list
                0x200001cc        0x4 C:/ST/STM32CubeCLT_1.17.0/GNU-tools-for-STM32/bin/../lib/gcc/arm-none-eabi/12.3.1/../../../../arm-none-eabi/lib/thumb/v7-m/nofp\libc_nano.a(libc_a-mallocr.o)
                0x200001cc                __malloc_free_list
 .bss.hi2c1     0x200001d0       0x54 CMakeFiles/IIC_AT24C.dir/Core/Src/i2c.c.obj
                0x200001d0                hi2c1
 .bss.huart1    0x20000224       0x48 CMakeFiles/IIC_AT24C.dir/Core/Src/usart.c.obj
                0x20000224                huart1
 .bss.uwTick    0x2000026c        0x4 CMakeFiles/IIC_AT24C.dir/Drivers/STM32F1xx_HAL_Driver/Src/stm32f1xx_hal.c.obj
                0x2000026c                uwTick
 .bss.__sbrk_heap_end
                0x20000270        0x4 CMakeFiles/IIC_AT24C.dir/Core/Src/sysmem.c.obj
 *(COMMON)
                0x20000274                        . = ALIGN (0x4)
                0x20000274                        _ebss = .
                0x20000274                        __bss_end__ = _ebss

._user_heap_stack
                0x20000274      0x604 load address 0x08003fc0
                0x20000278                        . = ALIGN (0x8)
 *fill*         0x20000274        0x4 
                [!provide]                        PROVIDE (end = .)
                0x20000278                        PROVIDE (_end = .)
                0x20000478                        . = (. + _Min_Heap_Size)
 *fill*         0x20000278      0x200 
                0x20000878                        . = (. + _Min_Stack_Size)
 *fill*         0x20000478      0x400 
                0x20000878                        . = ALIGN (0x8)

/DISCARD/
 libc.a(*)
 libm.a(*)
 libgcc.a(*)
OUTPUT(IIC_AT24C.elf elf32-littlearm)
LOAD linker stubs
LOAD C:/ST/STM32CubeCLT_1.17.0/GNU-tools-for-STM32/bin/../lib/gcc/arm-none-eabi/12.3.1/../../../../arm-none-eabi/lib/thumb/v7-m/nofp\libc.a
LOAD C:/ST/STM32CubeCLT_1.17.0/GNU-tools-for-STM32/bin/../lib/gcc/arm-none-eabi/12.3.1/../../../../arm-none-eabi/lib/thumb/v7-m/nofp\libm.a
LOAD C:/ST/STM32CubeCLT_1.17.0/GNU-tools-for-STM32/bin/../lib/gcc/arm-none-eabi/12.3.1/thumb/v7-m/nofp\libgcc.a

.ARM.attributes
                0x00000000       0x29
 .ARM.attributes
                0x00000000       0x1d C:/ST/STM32CubeCLT_1.17.0/GNU-tools-for-STM32/bin/../lib/gcc/arm-none-eabi/12.3.1/thumb/v7-m/nofp/crti.o
 .ARM.attributes
                0x0000001d       0x2d C:/ST/STM32CubeCLT_1.17.0/GNU-tools-for-STM32/bin/../lib/gcc/arm-none-eabi/12.3.1/thumb/v7-m/nofp/crtbegin.o
 .ARM.attributes
                0x0000004a       0x2d C:/ST/STM32CubeCLT_1.17.0/GNU-tools-for-STM32/bin/../lib/gcc/arm-none-eabi/12.3.1/../../../../arm-none-eabi/lib/thumb/v7-m/nofp\libc_nano.a(libc_a-findfp.o)
 .ARM.attributes
                0x00000077       0x2d C:/ST/STM32CubeCLT_1.17.0/GNU-tools-for-STM32/bin/../lib/gcc/arm-none-eabi/12.3.1/../../../../arm-none-eabi/lib/thumb/v7-m/nofp\libc_nano.a(libc_a-fwalk.o)
 .ARM.attributes
                0x000000a4       0x2d C:/ST/STM32CubeCLT_1.17.0/GNU-tools-for-STM32/bin/../lib/gcc/arm-none-eabi/12.3.1/../../../../arm-none-eabi/lib/thumb/v7-m/nofp\libc_nano.a(libc_a-stdio.o)
 .ARM.attributes
                0x000000d1       0x2d C:/ST/STM32CubeCLT_1.17.0/GNU-tools-for-STM32/bin/../lib/gcc/arm-none-eabi/12.3.1/../../../../arm-none-eabi/lib/thumb/v7-m/nofp\libc_nano.a(libc_a-memset.o)
 .ARM.attributes
                0x000000fe       0x2d C:/ST/STM32CubeCLT_1.17.0/GNU-tools-for-STM32/bin/../lib/gcc/arm-none-eabi/12.3.1/../../../../arm-none-eabi/lib/thumb/v7-m/nofp\libc_nano.a(libc_a-closer.o)
 .ARM.attributes
                0x0000012b       0x2d C:/ST/STM32CubeCLT_1.17.0/GNU-tools-for-STM32/bin/../lib/gcc/arm-none-eabi/12.3.1/../../../../arm-none-eabi/lib/thumb/v7-m/nofp\libc_nano.a(libc_a-reent.o)
 .ARM.attributes
                0x00000158       0x2d C:/ST/STM32CubeCLT_1.17.0/GNU-tools-for-STM32/bin/../lib/gcc/arm-none-eabi/12.3.1/../../../../arm-none-eabi/lib/thumb/v7-m/nofp\libc_nano.a(libc_a-impure.o)
 .ARM.attributes
                0x00000185       0x2d C:/ST/STM32CubeCLT_1.17.0/GNU-tools-for-STM32/bin/../lib/gcc/arm-none-eabi/12.3.1/../../../../arm-none-eabi/lib/thumb/v7-m/nofp\libc_nano.a(libc_a-lseekr.o)
 .ARM.attributes
                0x000001b2       0x2d C:/ST/STM32CubeCLT_1.17.0/GNU-tools-for-STM32/bin/../lib/gcc/arm-none-eabi/12.3.1/../../../../arm-none-eabi/lib/thumb/v7-m/nofp\libc_nano.a(libc_a-readr.o)
 .ARM.attributes
                0x000001df       0x2d C:/ST/STM32CubeCLT_1.17.0/GNU-tools-for-STM32/bin/../lib/gcc/arm-none-eabi/12.3.1/../../../../arm-none-eabi/lib/thumb/v7-m/nofp\libc_nano.a(libc_a-writer.o)
 .ARM.attributes
                0x0000020c       0x2d C:/ST/STM32CubeCLT_1.17.0/GNU-tools-for-STM32/bin/../lib/gcc/arm-none-eabi/12.3.1/../../../../arm-none-eabi/lib/thumb/v7-m/nofp\libc_nano.a(libc_a-init.o)
 .ARM.attributes
                0x00000239       0x2d C:/ST/STM32CubeCLT_1.17.0/GNU-tools-for-STM32/bin/../lib/gcc/arm-none-eabi/12.3.1/../../../../arm-none-eabi/lib/thumb/v7-m/nofp\libc_nano.a(libc_a-lock.o)
 .ARM.attributes
                0x00000266       0x2d C:/ST/STM32CubeCLT_1.17.0/GNU-tools-for-STM32/bin/../lib/gcc/arm-none-eabi/12.3.1/../../../../arm-none-eabi/lib/thumb/v7-m/nofp\libc_nano.a(libc_a-freer.o)
 .ARM.attributes
                0x00000293       0x2d C:/ST/STM32CubeCLT_1.17.0/GNU-tools-for-STM32/bin/../lib/gcc/arm-none-eabi/12.3.1/../../../../arm-none-eabi/lib/thumb/v7-m/nofp\libc_nano.a(libc_a-mallocr.o)
 .ARM.attributes
                0x000002c0       0x2d C:/ST/STM32CubeCLT_1.17.0/GNU-tools-for-STM32/bin/../lib/gcc/arm-none-eabi/12.3.1/../../../../arm-none-eabi/lib/thumb/v7-m/nofp\libc_nano.a(libc_a-mlock.o)
 .ARM.attributes
                0x000002ed       0x2d C:/ST/STM32CubeCLT_1.17.0/GNU-tools-for-STM32/bin/../lib/gcc/arm-none-eabi/12.3.1/../../../../arm-none-eabi/lib/thumb/v7-m/nofp\libc_nano.a(libc_a-fflush.o)
 .ARM.attributes
                0x0000031a       0x2d C:/ST/STM32CubeCLT_1.17.0/GNU-tools-for-STM32/bin/../lib/gcc/arm-none-eabi/12.3.1/../../../../arm-none-eabi/lib/thumb/v7-m/nofp\libc_nano.a(libc_a-sbrkr.o)
 .ARM.attributes
                0x00000347       0x2d CMakeFiles/IIC_AT24C.dir/User/mcu_peripheral_bsp/src/bsp_i2c.c.obj
 .ARM.attributes
                0x00000374       0x2d CMakeFiles/IIC_AT24C.dir/User/at24c256.c.obj
 .ARM.attributes
                0x000003a1       0x2d CMakeFiles/IIC_AT24C.dir/Core/Src/main.c.obj
 .ARM.attributes
                0x000003ce       0x2d CMakeFiles/IIC_AT24C.dir/Core/Src/gpio.c.obj
 .ARM.attributes
                0x000003fb       0x2d CMakeFiles/IIC_AT24C.dir/Core/Src/i2c.c.obj
 .ARM.attributes
                0x00000428       0x2d CMakeFiles/IIC_AT24C.dir/Core/Src/usart.c.obj
 .ARM.attributes
                0x00000455       0x2d CMakeFiles/IIC_AT24C.dir/Core/Src/stm32f1xx_it.c.obj
 .ARM.attributes
                0x00000482       0x2d CMakeFiles/IIC_AT24C.dir/Core/Src/stm32f1xx_hal_msp.c.obj
 .ARM.attributes
                0x000004af       0x2d CMakeFiles/IIC_AT24C.dir/Drivers/STM32F1xx_HAL_Driver/Src/stm32f1xx_hal_i2c.c.obj
 .ARM.attributes
                0x000004dc       0x2d CMakeFiles/IIC_AT24C.dir/Drivers/STM32F1xx_HAL_Driver/Src/stm32f1xx_hal.c.obj
 .ARM.attributes
                0x00000509       0x2d CMakeFiles/IIC_AT24C.dir/Drivers/STM32F1xx_HAL_Driver/Src/stm32f1xx_hal_rcc.c.obj
 .ARM.attributes
                0x00000536       0x2d CMakeFiles/IIC_AT24C.dir/Drivers/STM32F1xx_HAL_Driver/Src/stm32f1xx_hal_gpio.c.obj
 .ARM.attributes
                0x00000563       0x2d CMakeFiles/IIC_AT24C.dir/Drivers/STM32F1xx_HAL_Driver/Src/stm32f1xx_hal_cortex.c.obj
 .ARM.attributes
                0x00000590       0x2d CMakeFiles/IIC_AT24C.dir/Drivers/STM32F1xx_HAL_Driver/Src/stm32f1xx_hal_uart.c.obj
 .ARM.attributes
                0x000005bd       0x2d CMakeFiles/IIC_AT24C.dir/Core/Src/system_stm32f1xx.c.obj
 .ARM.attributes
                0x000005ea       0x2d CMakeFiles/IIC_AT24C.dir/Core/Src/sysmem.c.obj
 .ARM.attributes
                0x00000617       0x2d CMakeFiles/IIC_AT24C.dir/Core/Src/syscalls.c.obj
 .ARM.attributes
                0x00000644       0x21 CMakeFiles/IIC_AT24C.dir/startup_stm32f103xb.s.obj
 .ARM.attributes
                0x00000665       0x2d C:/ST/STM32CubeCLT_1.17.0/GNU-tools-for-STM32/bin/../lib/gcc/arm-none-eabi/12.3.1/../../../../arm-none-eabi/lib/thumb/v7-m/nofp\libg_nano.a(libc_a-printf.o)
 .ARM.attributes
                0x00000692       0x2d C:/ST/STM32CubeCLT_1.17.0/GNU-tools-for-STM32/bin/../lib/gcc/arm-none-eabi/12.3.1/../../../../arm-none-eabi/lib/thumb/v7-m/nofp\libg_nano.a(libc_a-puts.o)
 .ARM.attributes
                0x000006bf       0x2d C:/ST/STM32CubeCLT_1.17.0/GNU-tools-for-STM32/bin/../lib/gcc/arm-none-eabi/12.3.1/../../../../arm-none-eabi/lib/thumb/v7-m/nofp\libg_nano.a(libc_a-wbuf.o)
 .ARM.attributes
                0x000006ec       0x2d C:/ST/STM32CubeCLT_1.17.0/GNU-tools-for-STM32/bin/../lib/gcc/arm-none-eabi/12.3.1/../../../../arm-none-eabi/lib/thumb/v7-m/nofp\libg_nano.a(libc_a-wsetup.o)
 .ARM.attributes
                0x00000719       0x2d C:/ST/STM32CubeCLT_1.17.0/GNU-tools-for-STM32/bin/../lib/gcc/arm-none-eabi/12.3.1/../../../../arm-none-eabi/lib/thumb/v7-m/nofp\libg_nano.a(libc_a-errno.o)
 .ARM.attributes
                0x00000746       0x2d C:/ST/STM32CubeCLT_1.17.0/GNU-tools-for-STM32/bin/../lib/gcc/arm-none-eabi/12.3.1/../../../../arm-none-eabi/lib/thumb/v7-m/nofp\libg_nano.a(libc_a-nano-vfprintf.o)
 .ARM.attributes
                0x00000773       0x2d C:/ST/STM32CubeCLT_1.17.0/GNU-tools-for-STM32/bin/../lib/gcc/arm-none-eabi/12.3.1/../../../../arm-none-eabi/lib/thumb/v7-m/nofp\libg_nano.a(libc_a-nano-vfprintf_i.o)
 .ARM.attributes
                0x000007a0       0x2d C:/ST/STM32CubeCLT_1.17.0/GNU-tools-for-STM32/bin/../lib/gcc/arm-none-eabi/12.3.1/../../../../arm-none-eabi/lib/thumb/v7-m/nofp\libg_nano.a(libc_a-makebuf.o)
 .ARM.attributes
                0x000007cd       0x2d C:/ST/STM32CubeCLT_1.17.0/GNU-tools-for-STM32/bin/../lib/gcc/arm-none-eabi/12.3.1/../../../../arm-none-eabi/lib/thumb/v7-m/nofp\libg_nano.a(libc_a-fstatr.o)
 .ARM.attributes
                0x000007fa       0x2d C:/ST/STM32CubeCLT_1.17.0/GNU-tools-for-STM32/bin/../lib/gcc/arm-none-eabi/12.3.1/../../../../arm-none-eabi/lib/thumb/v7-m/nofp\libg_nano.a(libc_a-isattyr.o)
 .ARM.attributes
                0x00000827       0x2d C:/ST/STM32CubeCLT_1.17.0/GNU-tools-for-STM32/bin/../lib/gcc/arm-none-eabi/12.3.1/../../../../arm-none-eabi/lib/thumb/v7-m/nofp\libg_nano.a(libc_a-memchr-stub.o)
 .ARM.attributes
                0x00000854       0x1d C:/ST/STM32CubeCLT_1.17.0/GNU-tools-for-STM32/bin/../lib/gcc/arm-none-eabi/12.3.1/thumb/v7-m/nofp/crtn.o

.comment        0x00000000       0x43
 .comment       0x00000000       0x43 CMakeFiles/IIC_AT24C.dir/User/mcu_peripheral_bsp/src/bsp_i2c.c.obj
                                 0x44 (size before relaxing)
 .comment       0x00000043       0x44 CMakeFiles/IIC_AT24C.dir/User/at24c256.c.obj
 .comment       0x00000043       0x44 CMakeFiles/IIC_AT24C.dir/Core/Src/main.c.obj
 .comment       0x00000043       0x44 CMakeFiles/IIC_AT24C.dir/Core/Src/gpio.c.obj
 .comment       0x00000043       0x44 CMakeFiles/IIC_AT24C.dir/Core/Src/i2c.c.obj
 .comment       0x00000043       0x44 CMakeFiles/IIC_AT24C.dir/Core/Src/usart.c.obj
 .comment       0x00000043       0x44 CMakeFiles/IIC_AT24C.dir/Core/Src/stm32f1xx_it.c.obj
 .comment       0x00000043       0x44 CMakeFiles/IIC_AT24C.dir/Core/Src/stm32f1xx_hal_msp.c.obj
 .comment       0x00000043       0x44 CMakeFiles/IIC_AT24C.dir/Drivers/STM32F1xx_HAL_Driver/Src/stm32f1xx_hal_i2c.c.obj
 .comment       0x00000043       0x44 CMakeFiles/IIC_AT24C.dir/Drivers/STM32F1xx_HAL_Driver/Src/stm32f1xx_hal.c.obj
 .comment       0x00000043       0x44 CMakeFiles/IIC_AT24C.dir/Drivers/STM32F1xx_HAL_Driver/Src/stm32f1xx_hal_rcc.c.obj
 .comment       0x00000043       0x44 CMakeFiles/IIC_AT24C.dir/Drivers/STM32F1xx_HAL_Driver/Src/stm32f1xx_hal_gpio.c.obj
 .comment       0x00000043       0x44 CMakeFiles/IIC_AT24C.dir/Drivers/STM32F1xx_HAL_Driver/Src/stm32f1xx_hal_cortex.c.obj
 .comment       0x00000043       0x44 CMakeFiles/IIC_AT24C.dir/Drivers/STM32F1xx_HAL_Driver/Src/stm32f1xx_hal_uart.c.obj
 .comment       0x00000043       0x44 CMakeFiles/IIC_AT24C.dir/Core/Src/system_stm32f1xx.c.obj
 .comment       0x00000043       0x44 CMakeFiles/IIC_AT24C.dir/Core/Src/sysmem.c.obj
 .comment       0x00000043       0x44 CMakeFiles/IIC_AT24C.dir/Core/Src/syscalls.c.obj
 .comment       0x00000043       0x44 C:/ST/STM32CubeCLT_1.17.0/GNU-tools-for-STM32/bin/../lib/gcc/arm-none-eabi/12.3.1/../../../../arm-none-eabi/lib/thumb/v7-m/nofp\libg_nano.a(libc_a-printf.o)
 .comment       0x00000043       0x44 C:/ST/STM32CubeCLT_1.17.0/GNU-tools-for-STM32/bin/../lib/gcc/arm-none-eabi/12.3.1/../../../../arm-none-eabi/lib/thumb/v7-m/nofp\libg_nano.a(libc_a-puts.o)
 .comment       0x00000043       0x44 C:/ST/STM32CubeCLT_1.17.0/GNU-tools-for-STM32/bin/../lib/gcc/arm-none-eabi/12.3.1/../../../../arm-none-eabi/lib/thumb/v7-m/nofp\libg_nano.a(libc_a-wbuf.o)
 .comment       0x00000043       0x44 C:/ST/STM32CubeCLT_1.17.0/GNU-tools-for-STM32/bin/../lib/gcc/arm-none-eabi/12.3.1/../../../../arm-none-eabi/lib/thumb/v7-m/nofp\libg_nano.a(libc_a-wsetup.o)
 .comment       0x00000043       0x44 C:/ST/STM32CubeCLT_1.17.0/GNU-tools-for-STM32/bin/../lib/gcc/arm-none-eabi/12.3.1/../../../../arm-none-eabi/lib/thumb/v7-m/nofp\libg_nano.a(libc_a-errno.o)
 .comment       0x00000043       0x44 C:/ST/STM32CubeCLT_1.17.0/GNU-tools-for-STM32/bin/../lib/gcc/arm-none-eabi/12.3.1/../../../../arm-none-eabi/lib/thumb/v7-m/nofp\libg_nano.a(libc_a-nano-vfprintf.o)
 .comment       0x00000043       0x44 C:/ST/STM32CubeCLT_1.17.0/GNU-tools-for-STM32/bin/../lib/gcc/arm-none-eabi/12.3.1/../../../../arm-none-eabi/lib/thumb/v7-m/nofp\libg_nano.a(libc_a-nano-vfprintf_i.o)
 .comment       0x00000043       0x44 C:/ST/STM32CubeCLT_1.17.0/GNU-tools-for-STM32/bin/../lib/gcc/arm-none-eabi/12.3.1/../../../../arm-none-eabi/lib/thumb/v7-m/nofp\libg_nano.a(libc_a-makebuf.o)
 .comment       0x00000043       0x44 C:/ST/STM32CubeCLT_1.17.0/GNU-tools-for-STM32/bin/../lib/gcc/arm-none-eabi/12.3.1/../../../../arm-none-eabi/lib/thumb/v7-m/nofp\libg_nano.a(libc_a-fstatr.o)
 .comment       0x00000043       0x44 C:/ST/STM32CubeCLT_1.17.0/GNU-tools-for-STM32/bin/../lib/gcc/arm-none-eabi/12.3.1/../../../../arm-none-eabi/lib/thumb/v7-m/nofp\libg_nano.a(libc_a-isattyr.o)
 .comment       0x00000043       0x44 C:/ST/STM32CubeCLT_1.17.0/GNU-tools-for-STM32/bin/../lib/gcc/arm-none-eabi/12.3.1/../../../../arm-none-eabi/lib/thumb/v7-m/nofp\libg_nano.a(libc_a-memchr-stub.o)

.debug_frame    0x00000000     0x3014
 .debug_frame   0x00000000      0x144 C:/ST/STM32CubeCLT_1.17.0/GNU-tools-for-STM32/bin/../lib/gcc/arm-none-eabi/12.3.1/../../../../arm-none-eabi/lib/thumb/v7-m/nofp\libc_nano.a(libc_a-findfp.o)
 .debug_frame   0x00000144       0x34 C:/ST/STM32CubeCLT_1.17.0/GNU-tools-for-STM32/bin/../lib/gcc/arm-none-eabi/12.3.1/../../../../arm-none-eabi/lib/thumb/v7-m/nofp\libc_nano.a(libc_a-fwalk.o)
 .debug_frame   0x00000178       0x88 C:/ST/STM32CubeCLT_1.17.0/GNU-tools-for-STM32/bin/../lib/gcc/arm-none-eabi/12.3.1/../../../../arm-none-eabi/lib/thumb/v7-m/nofp\libc_nano.a(libc_a-stdio.o)
 .debug_frame   0x00000200       0x20 C:/ST/STM32CubeCLT_1.17.0/GNU-tools-for-STM32/bin/../lib/gcc/arm-none-eabi/12.3.1/../../../../arm-none-eabi/lib/thumb/v7-m/nofp\libc_nano.a(libc_a-memset.o)
 .debug_frame   0x00000220       0x2c C:/ST/STM32CubeCLT_1.17.0/GNU-tools-for-STM32/bin/../lib/gcc/arm-none-eabi/12.3.1/../../../../arm-none-eabi/lib/thumb/v7-m/nofp\libc_nano.a(libc_a-closer.o)
 .debug_frame   0x0000024c       0x38 C:/ST/STM32CubeCLT_1.17.0/GNU-tools-for-STM32/bin/../lib/gcc/arm-none-eabi/12.3.1/../../../../arm-none-eabi/lib/thumb/v7-m/nofp\libc_nano.a(libc_a-reent.o)
 .debug_frame   0x00000284       0x2c C:/ST/STM32CubeCLT_1.17.0/GNU-tools-for-STM32/bin/../lib/gcc/arm-none-eabi/12.3.1/../../../../arm-none-eabi/lib/thumb/v7-m/nofp\libc_nano.a(libc_a-lseekr.o)
 .debug_frame   0x000002b0       0x2c C:/ST/STM32CubeCLT_1.17.0/GNU-tools-for-STM32/bin/../lib/gcc/arm-none-eabi/12.3.1/../../../../arm-none-eabi/lib/thumb/v7-m/nofp\libc_nano.a(libc_a-readr.o)
 .debug_frame   0x000002dc       0x2c C:/ST/STM32CubeCLT_1.17.0/GNU-tools-for-STM32/bin/../lib/gcc/arm-none-eabi/12.3.1/../../../../arm-none-eabi/lib/thumb/v7-m/nofp\libc_nano.a(libc_a-writer.o)
 .debug_frame   0x00000308       0x2c C:/ST/STM32CubeCLT_1.17.0/GNU-tools-for-STM32/bin/../lib/gcc/arm-none-eabi/12.3.1/../../../../arm-none-eabi/lib/thumb/v7-m/nofp\libc_nano.a(libc_a-init.o)
 .debug_frame   0x00000334       0xb0 C:/ST/STM32CubeCLT_1.17.0/GNU-tools-for-STM32/bin/../lib/gcc/arm-none-eabi/12.3.1/../../../../arm-none-eabi/lib/thumb/v7-m/nofp\libc_nano.a(libc_a-lock.o)
 .debug_frame   0x000003e4       0x38 C:/ST/STM32CubeCLT_1.17.0/GNU-tools-for-STM32/bin/../lib/gcc/arm-none-eabi/12.3.1/../../../../arm-none-eabi/lib/thumb/v7-m/nofp\libc_nano.a(libc_a-freer.o)
 .debug_frame   0x0000041c       0x50 C:/ST/STM32CubeCLT_1.17.0/GNU-tools-for-STM32/bin/../lib/gcc/arm-none-eabi/12.3.1/../../../../arm-none-eabi/lib/thumb/v7-m/nofp\libc_nano.a(libc_a-mallocr.o)
 .debug_frame   0x0000046c       0x30 C:/ST/STM32CubeCLT_1.17.0/GNU-tools-for-STM32/bin/../lib/gcc/arm-none-eabi/12.3.1/../../../../arm-none-eabi/lib/thumb/v7-m/nofp\libc_nano.a(libc_a-mlock.o)
 .debug_frame   0x0000049c       0x5c C:/ST/STM32CubeCLT_1.17.0/GNU-tools-for-STM32/bin/../lib/gcc/arm-none-eabi/12.3.1/../../../../arm-none-eabi/lib/thumb/v7-m/nofp\libc_nano.a(libc_a-fflush.o)
 .debug_frame   0x000004f8       0x2c C:/ST/STM32CubeCLT_1.17.0/GNU-tools-for-STM32/bin/../lib/gcc/arm-none-eabi/12.3.1/../../../../arm-none-eabi/lib/thumb/v7-m/nofp\libc_nano.a(libc_a-sbrkr.o)
 .debug_frame   0x00000524       0x7c CMakeFiles/IIC_AT24C.dir/User/mcu_peripheral_bsp/src/bsp_i2c.c.obj
 .debug_frame   0x000005a0       0xb4 CMakeFiles/IIC_AT24C.dir/User/at24c256.c.obj
 .debug_frame   0x00000654       0x90 CMakeFiles/IIC_AT24C.dir/Core/Src/main.c.obj
 .debug_frame   0x000006e4       0x38 CMakeFiles/IIC_AT24C.dir/Core/Src/gpio.c.obj
 .debug_frame   0x0000071c       0x74 CMakeFiles/IIC_AT24C.dir/Core/Src/i2c.c.obj
 .debug_frame   0x00000790       0x74 CMakeFiles/IIC_AT24C.dir/Core/Src/usart.c.obj
 .debug_frame   0x00000804      0x104 CMakeFiles/IIC_AT24C.dir/Core/Src/stm32f1xx_it.c.obj
 .debug_frame   0x00000908       0x38 CMakeFiles/IIC_AT24C.dir/Core/Src/stm32f1xx_hal_msp.c.obj
 .debug_frame   0x00000940      0xc84 CMakeFiles/IIC_AT24C.dir/Drivers/STM32F1xx_HAL_Driver/Src/stm32f1xx_hal_i2c.c.obj
 .debug_frame   0x000015c4      0x334 CMakeFiles/IIC_AT24C.dir/Drivers/STM32F1xx_HAL_Driver/Src/stm32f1xx_hal.c.obj
 .debug_frame   0x000018f8      0x218 CMakeFiles/IIC_AT24C.dir/Drivers/STM32F1xx_HAL_Driver/Src/stm32f1xx_hal_rcc.c.obj
 .debug_frame   0x00001b10      0x14c CMakeFiles/IIC_AT24C.dir/Drivers/STM32F1xx_HAL_Driver/Src/stm32f1xx_hal_gpio.c.obj
 .debug_frame   0x00001c5c      0x428 CMakeFiles/IIC_AT24C.dir/Drivers/STM32F1xx_HAL_Driver/Src/stm32f1xx_hal_cortex.c.obj
 .debug_frame   0x00002084      0x944 CMakeFiles/IIC_AT24C.dir/Drivers/STM32F1xx_HAL_Driver/Src/stm32f1xx_hal_uart.c.obj
 .debug_frame   0x000029c8       0x58 CMakeFiles/IIC_AT24C.dir/Core/Src/system_stm32f1xx.c.obj
 .debug_frame   0x00002a20       0x34 CMakeFiles/IIC_AT24C.dir/Core/Src/sysmem.c.obj
 .debug_frame   0x00002a54      0x2ac CMakeFiles/IIC_AT24C.dir/Core/Src/syscalls.c.obj
 .debug_frame   0x00002d00       0x6c C:/ST/STM32CubeCLT_1.17.0/GNU-tools-for-STM32/bin/../lib/gcc/arm-none-eabi/12.3.1/../../../../arm-none-eabi/lib/thumb/v7-m/nofp\libg_nano.a(libc_a-printf.o)
 .debug_frame   0x00002d6c       0x3c C:/ST/STM32CubeCLT_1.17.0/GNU-tools-for-STM32/bin/../lib/gcc/arm-none-eabi/12.3.1/../../../../arm-none-eabi/lib/thumb/v7-m/nofp\libg_nano.a(libc_a-puts.o)
 .debug_frame   0x00002da8       0x40 C:/ST/STM32CubeCLT_1.17.0/GNU-tools-for-STM32/bin/../lib/gcc/arm-none-eabi/12.3.1/../../../../arm-none-eabi/lib/thumb/v7-m/nofp\libg_nano.a(libc_a-wbuf.o)
 .debug_frame   0x00002de8       0x2c C:/ST/STM32CubeCLT_1.17.0/GNU-tools-for-STM32/bin/../lib/gcc/arm-none-eabi/12.3.1/../../../../arm-none-eabi/lib/thumb/v7-m/nofp\libg_nano.a(libc_a-wsetup.o)
 .debug_frame   0x00002e14       0x20 C:/ST/STM32CubeCLT_1.17.0/GNU-tools-for-STM32/bin/../lib/gcc/arm-none-eabi/12.3.1/../../../../arm-none-eabi/lib/thumb/v7-m/nofp\libg_nano.a(libc_a-errno.o)
 .debug_frame   0x00002e34       0xa8 C:/ST/STM32CubeCLT_1.17.0/GNU-tools-for-STM32/bin/../lib/gcc/arm-none-eabi/12.3.1/../../../../arm-none-eabi/lib/thumb/v7-m/nofp\libg_nano.a(libc_a-nano-vfprintf.o)
 .debug_frame   0x00002edc       0x60 C:/ST/STM32CubeCLT_1.17.0/GNU-tools-for-STM32/bin/../lib/gcc/arm-none-eabi/12.3.1/../../../../arm-none-eabi/lib/thumb/v7-m/nofp\libg_nano.a(libc_a-nano-vfprintf_i.o)
 .debug_frame   0x00002f3c       0x58 C:/ST/STM32CubeCLT_1.17.0/GNU-tools-for-STM32/bin/../lib/gcc/arm-none-eabi/12.3.1/../../../../arm-none-eabi/lib/thumb/v7-m/nofp\libg_nano.a(libc_a-makebuf.o)
 .debug_frame   0x00002f94       0x2c C:/ST/STM32CubeCLT_1.17.0/GNU-tools-for-STM32/bin/../lib/gcc/arm-none-eabi/12.3.1/../../../../arm-none-eabi/lib/thumb/v7-m/nofp\libg_nano.a(libc_a-fstatr.o)
 .debug_frame   0x00002fc0       0x2c C:/ST/STM32CubeCLT_1.17.0/GNU-tools-for-STM32/bin/../lib/gcc/arm-none-eabi/12.3.1/../../../../arm-none-eabi/lib/thumb/v7-m/nofp\libg_nano.a(libc_a-isattyr.o)
 .debug_frame   0x00002fec       0x28 C:/ST/STM32CubeCLT_1.17.0/GNU-tools-for-STM32/bin/../lib/gcc/arm-none-eabi/12.3.1/../../../../arm-none-eabi/lib/thumb/v7-m/nofp\libg_nano.a(libc_a-memchr-stub.o)

.debug_info     0x00000000    0x10a8a
 .debug_info    0x00000000      0x75e CMakeFiles/IIC_AT24C.dir/User/mcu_peripheral_bsp/src/bsp_i2c.c.obj
 .debug_info    0x0000075e      0x479 CMakeFiles/IIC_AT24C.dir/User/at24c256.c.obj
 .debug_info    0x00000bd7      0x941 CMakeFiles/IIC_AT24C.dir/Core/Src/main.c.obj
 .debug_info    0x00001518      0x184 CMakeFiles/IIC_AT24C.dir/Core/Src/gpio.c.obj
 .debug_info    0x0000169c      0x7e3 CMakeFiles/IIC_AT24C.dir/Core/Src/i2c.c.obj
 .debug_info    0x00001e7f      0x798 CMakeFiles/IIC_AT24C.dir/Core/Src/usart.c.obj
 .debug_info    0x00002617      0x113 CMakeFiles/IIC_AT24C.dir/Core/Src/stm32f1xx_it.c.obj
 .debug_info    0x0000272a      0x1f1 CMakeFiles/IIC_AT24C.dir/Core/Src/stm32f1xx_hal_msp.c.obj
 .debug_info    0x0000291b     0x2524 CMakeFiles/IIC_AT24C.dir/Drivers/STM32F1xx_HAL_Driver/Src/stm32f1xx_hal_i2c.c.obj
 .debug_info    0x00004e3f      0x704 CMakeFiles/IIC_AT24C.dir/Drivers/STM32F1xx_HAL_Driver/Src/stm32f1xx_hal.c.obj
 .debug_info    0x00005543      0x7d5 CMakeFiles/IIC_AT24C.dir/Drivers/STM32F1xx_HAL_Driver/Src/stm32f1xx_hal_rcc.c.obj
 .debug_info    0x00005d18      0x5ab CMakeFiles/IIC_AT24C.dir/Drivers/STM32F1xx_HAL_Driver/Src/stm32f1xx_hal_gpio.c.obj
 .debug_info    0x000062c3      0xa87 CMakeFiles/IIC_AT24C.dir/Drivers/STM32F1xx_HAL_Driver/Src/stm32f1xx_hal_cortex.c.obj
 .debug_info    0x00006d4a     0x2eed CMakeFiles/IIC_AT24C.dir/Drivers/STM32F1xx_HAL_Driver/Src/stm32f1xx_hal_uart.c.obj
 .debug_info    0x00009c37      0x222 CMakeFiles/IIC_AT24C.dir/Core/Src/system_stm32f1xx.c.obj
 .debug_info    0x00009e59      0x168 CMakeFiles/IIC_AT24C.dir/Core/Src/sysmem.c.obj
 .debug_info    0x00009fc1      0x6a3 CMakeFiles/IIC_AT24C.dir/Core/Src/syscalls.c.obj
 .debug_info    0x0000a664       0x30 CMakeFiles/IIC_AT24C.dir/startup_stm32f103xb.s.obj
 .debug_info    0x0000a694      0x83b C:/ST/STM32CubeCLT_1.17.0/GNU-tools-for-STM32/bin/../lib/gcc/arm-none-eabi/12.3.1/../../../../arm-none-eabi/lib/thumb/v7-m/nofp\libg_nano.a(libc_a-printf.o)
 .debug_info    0x0000aecf      0x94a C:/ST/STM32CubeCLT_1.17.0/GNU-tools-for-STM32/bin/../lib/gcc/arm-none-eabi/12.3.1/../../../../arm-none-eabi/lib/thumb/v7-m/nofp\libg_nano.a(libc_a-puts.o)
 .debug_info    0x0000b819      0x868 C:/ST/STM32CubeCLT_1.17.0/GNU-tools-for-STM32/bin/../lib/gcc/arm-none-eabi/12.3.1/../../../../arm-none-eabi/lib/thumb/v7-m/nofp\libg_nano.a(libc_a-wbuf.o)
 .debug_info    0x0000c081      0x7bb C:/ST/STM32CubeCLT_1.17.0/GNU-tools-for-STM32/bin/../lib/gcc/arm-none-eabi/12.3.1/../../../../arm-none-eabi/lib/thumb/v7-m/nofp\libg_nano.a(libc_a-wsetup.o)
 .debug_info    0x0000c83c      0x6fb C:/ST/STM32CubeCLT_1.17.0/GNU-tools-for-STM32/bin/../lib/gcc/arm-none-eabi/12.3.1/../../../../arm-none-eabi/lib/thumb/v7-m/nofp\libg_nano.a(libc_a-errno.o)
 .debug_info    0x0000cf37     0x107c C:/ST/STM32CubeCLT_1.17.0/GNU-tools-for-STM32/bin/../lib/gcc/arm-none-eabi/12.3.1/../../../../arm-none-eabi/lib/thumb/v7-m/nofp\libg_nano.a(libc_a-nano-vfprintf.o)
 .debug_info    0x0000dfb3      0xde2 C:/ST/STM32CubeCLT_1.17.0/GNU-tools-for-STM32/bin/../lib/gcc/arm-none-eabi/12.3.1/../../../../arm-none-eabi/lib/thumb/v7-m/nofp\libg_nano.a(libc_a-nano-vfprintf_i.o)
 .debug_info    0x0000ed95      0xb1a C:/ST/STM32CubeCLT_1.17.0/GNU-tools-for-STM32/bin/../lib/gcc/arm-none-eabi/12.3.1/../../../../arm-none-eabi/lib/thumb/v7-m/nofp\libg_nano.a(libc_a-makebuf.o)
 .debug_info    0x0000f8af      0x975 C:/ST/STM32CubeCLT_1.17.0/GNU-tools-for-STM32/bin/../lib/gcc/arm-none-eabi/12.3.1/../../../../arm-none-eabi/lib/thumb/v7-m/nofp\libg_nano.a(libc_a-fstatr.o)
 .debug_info    0x00010224      0x756 C:/ST/STM32CubeCLT_1.17.0/GNU-tools-for-STM32/bin/../lib/gcc/arm-none-eabi/12.3.1/../../../../arm-none-eabi/lib/thumb/v7-m/nofp\libg_nano.a(libc_a-isattyr.o)
 .debug_info    0x0001097a      0x110 C:/ST/STM32CubeCLT_1.17.0/GNU-tools-for-STM32/bin/../lib/gcc/arm-none-eabi/12.3.1/../../../../arm-none-eabi/lib/thumb/v7-m/nofp\libg_nano.a(libc_a-memchr-stub.o)

.debug_abbrev   0x00000000     0x3488
 .debug_abbrev  0x00000000      0x1ae CMakeFiles/IIC_AT24C.dir/User/mcu_peripheral_bsp/src/bsp_i2c.c.obj
 .debug_abbrev  0x000001ae      0x141 CMakeFiles/IIC_AT24C.dir/User/at24c256.c.obj
 .debug_abbrev  0x000002ef      0x257 CMakeFiles/IIC_AT24C.dir/Core/Src/main.c.obj
 .debug_abbrev  0x00000546       0xc6 CMakeFiles/IIC_AT24C.dir/Core/Src/gpio.c.obj
 .debug_abbrev  0x0000060c      0x1de CMakeFiles/IIC_AT24C.dir/Core/Src/i2c.c.obj
 .debug_abbrev  0x000007ea      0x1e6 CMakeFiles/IIC_AT24C.dir/Core/Src/usart.c.obj
 .debug_abbrev  0x000009d0       0x73 CMakeFiles/IIC_AT24C.dir/Core/Src/stm32f1xx_it.c.obj
 .debug_abbrev  0x00000a43       0xdb CMakeFiles/IIC_AT24C.dir/Core/Src/stm32f1xx_hal_msp.c.obj
 .debug_abbrev  0x00000b1e      0x2a3 CMakeFiles/IIC_AT24C.dir/Drivers/STM32F1xx_HAL_Driver/Src/stm32f1xx_hal_i2c.c.obj
 .debug_abbrev  0x00000dc1      0x201 CMakeFiles/IIC_AT24C.dir/Drivers/STM32F1xx_HAL_Driver/Src/stm32f1xx_hal.c.obj
 .debug_abbrev  0x00000fc2      0x2b3 CMakeFiles/IIC_AT24C.dir/Drivers/STM32F1xx_HAL_Driver/Src/stm32f1xx_hal_rcc.c.obj
 .debug_abbrev  0x00001275      0x1ca CMakeFiles/IIC_AT24C.dir/Drivers/STM32F1xx_HAL_Driver/Src/stm32f1xx_hal_gpio.c.obj
 .debug_abbrev  0x0000143f      0x2f8 CMakeFiles/IIC_AT24C.dir/Drivers/STM32F1xx_HAL_Driver/Src/stm32f1xx_hal_cortex.c.obj
 .debug_abbrev  0x00001737      0x2f8 CMakeFiles/IIC_AT24C.dir/Drivers/STM32F1xx_HAL_Driver/Src/stm32f1xx_hal_uart.c.obj
 .debug_abbrev  0x00001a2f      0x13f CMakeFiles/IIC_AT24C.dir/Core/Src/system_stm32f1xx.c.obj
 .debug_abbrev  0x00001b6e       0xbc CMakeFiles/IIC_AT24C.dir/Core/Src/sysmem.c.obj
 .debug_abbrev  0x00001c2a      0x1b6 CMakeFiles/IIC_AT24C.dir/Core/Src/syscalls.c.obj
 .debug_abbrev  0x00001de0       0x24 CMakeFiles/IIC_AT24C.dir/startup_stm32f103xb.s.obj
 .debug_abbrev  0x00001e04      0x21a C:/ST/STM32CubeCLT_1.17.0/GNU-tools-for-STM32/bin/../lib/gcc/arm-none-eabi/12.3.1/../../../../arm-none-eabi/lib/thumb/v7-m/nofp\libg_nano.a(libc_a-printf.o)
 .debug_abbrev  0x0000201e      0x2a7 C:/ST/STM32CubeCLT_1.17.0/GNU-tools-for-STM32/bin/../lib/gcc/arm-none-eabi/12.3.1/../../../../arm-none-eabi/lib/thumb/v7-m/nofp\libg_nano.a(libc_a-puts.o)
 .debug_abbrev  0x000022c5      0x22d C:/ST/STM32CubeCLT_1.17.0/GNU-tools-for-STM32/bin/../lib/gcc/arm-none-eabi/12.3.1/../../../../arm-none-eabi/lib/thumb/v7-m/nofp\libg_nano.a(libc_a-wbuf.o)
 .debug_abbrev  0x000024f2      0x1e2 C:/ST/STM32CubeCLT_1.17.0/GNU-tools-for-STM32/bin/../lib/gcc/arm-none-eabi/12.3.1/../../../../arm-none-eabi/lib/thumb/v7-m/nofp\libg_nano.a(libc_a-wsetup.o)
 .debug_abbrev  0x000026d4      0x15e C:/ST/STM32CubeCLT_1.17.0/GNU-tools-for-STM32/bin/../lib/gcc/arm-none-eabi/12.3.1/../../../../arm-none-eabi/lib/thumb/v7-m/nofp\libg_nano.a(libc_a-errno.o)
 .debug_abbrev  0x00002832      0x316 C:/ST/STM32CubeCLT_1.17.0/GNU-tools-for-STM32/bin/../lib/gcc/arm-none-eabi/12.3.1/../../../../arm-none-eabi/lib/thumb/v7-m/nofp\libg_nano.a(libc_a-nano-vfprintf.o)
 .debug_abbrev  0x00002b48      0x28e C:/ST/STM32CubeCLT_1.17.0/GNU-tools-for-STM32/bin/../lib/gcc/arm-none-eabi/12.3.1/../../../../arm-none-eabi/lib/thumb/v7-m/nofp\libg_nano.a(libc_a-nano-vfprintf_i.o)
 .debug_abbrev  0x00002dd6      0x28e C:/ST/STM32CubeCLT_1.17.0/GNU-tools-for-STM32/bin/../lib/gcc/arm-none-eabi/12.3.1/../../../../arm-none-eabi/lib/thumb/v7-m/nofp\libg_nano.a(libc_a-makebuf.o)
 .debug_abbrev  0x00003064      0x1c3 C:/ST/STM32CubeCLT_1.17.0/GNU-tools-for-STM32/bin/../lib/gcc/arm-none-eabi/12.3.1/../../../../arm-none-eabi/lib/thumb/v7-m/nofp\libg_nano.a(libc_a-fstatr.o)
 .debug_abbrev  0x00003227      0x1b0 C:/ST/STM32CubeCLT_1.17.0/GNU-tools-for-STM32/bin/../lib/gcc/arm-none-eabi/12.3.1/../../../../arm-none-eabi/lib/thumb/v7-m/nofp\libg_nano.a(libc_a-isattyr.o)
 .debug_abbrev  0x000033d7       0xb1 C:/ST/STM32CubeCLT_1.17.0/GNU-tools-for-STM32/bin/../lib/gcc/arm-none-eabi/12.3.1/../../../../arm-none-eabi/lib/thumb/v7-m/nofp\libg_nano.a(libc_a-memchr-stub.o)

.debug_aranges  0x00000000      0xbd8
 .debug_aranges
                0x00000000       0x30 CMakeFiles/IIC_AT24C.dir/User/mcu_peripheral_bsp/src/bsp_i2c.c.obj
 .debug_aranges
                0x00000030       0x38 CMakeFiles/IIC_AT24C.dir/User/at24c256.c.obj
 .debug_aranges
                0x00000068       0x38 CMakeFiles/IIC_AT24C.dir/Core/Src/main.c.obj
 .debug_aranges
                0x000000a0       0x20 CMakeFiles/IIC_AT24C.dir/Core/Src/gpio.c.obj
 .debug_aranges
                0x000000c0       0x30 CMakeFiles/IIC_AT24C.dir/Core/Src/i2c.c.obj
 .debug_aranges
                0x000000f0       0x30 CMakeFiles/IIC_AT24C.dir/Core/Src/usart.c.obj
 .debug_aranges
                0x00000120       0x60 CMakeFiles/IIC_AT24C.dir/Core/Src/stm32f1xx_it.c.obj
 .debug_aranges
                0x00000180       0x20 CMakeFiles/IIC_AT24C.dir/Core/Src/stm32f1xx_hal_msp.c.obj
 .debug_aranges
                0x000001a0      0x2a8 CMakeFiles/IIC_AT24C.dir/Drivers/STM32F1xx_HAL_Driver/Src/stm32f1xx_hal_i2c.c.obj
 .debug_aranges
                0x00000448       0xe0 CMakeFiles/IIC_AT24C.dir/Drivers/STM32F1xx_HAL_Driver/Src/stm32f1xx_hal.c.obj
 .debug_aranges
                0x00000528       0x90 CMakeFiles/IIC_AT24C.dir/Drivers/STM32F1xx_HAL_Driver/Src/stm32f1xx_hal_rcc.c.obj
 .debug_aranges
                0x000005b8       0x58 CMakeFiles/IIC_AT24C.dir/Drivers/STM32F1xx_HAL_Driver/Src/stm32f1xx_hal_gpio.c.obj
 .debug_aranges
                0x00000610      0x100 CMakeFiles/IIC_AT24C.dir/Drivers/STM32F1xx_HAL_Driver/Src/stm32f1xx_hal_cortex.c.obj
 .debug_aranges
                0x00000710      0x208 CMakeFiles/IIC_AT24C.dir/Drivers/STM32F1xx_HAL_Driver/Src/stm32f1xx_hal_uart.c.obj
 .debug_aranges
                0x00000918       0x28 CMakeFiles/IIC_AT24C.dir/Core/Src/system_stm32f1xx.c.obj
 .debug_aranges
                0x00000940       0x20 CMakeFiles/IIC_AT24C.dir/Core/Src/sysmem.c.obj
 .debug_aranges
                0x00000960       0xa8 CMakeFiles/IIC_AT24C.dir/Core/Src/syscalls.c.obj
 .debug_aranges
                0x00000a08       0x28 CMakeFiles/IIC_AT24C.dir/startup_stm32f103xb.s.obj
 .debug_aranges
                0x00000a30       0x28 C:/ST/STM32CubeCLT_1.17.0/GNU-tools-for-STM32/bin/../lib/gcc/arm-none-eabi/12.3.1/../../../../arm-none-eabi/lib/thumb/v7-m/nofp\libg_nano.a(libc_a-printf.o)
 .debug_aranges
                0x00000a58       0x28 C:/ST/STM32CubeCLT_1.17.0/GNU-tools-for-STM32/bin/../lib/gcc/arm-none-eabi/12.3.1/../../../../arm-none-eabi/lib/thumb/v7-m/nofp\libg_nano.a(libc_a-puts.o)
 .debug_aranges
                0x00000a80       0x28 C:/ST/STM32CubeCLT_1.17.0/GNU-tools-for-STM32/bin/../lib/gcc/arm-none-eabi/12.3.1/../../../../arm-none-eabi/lib/thumb/v7-m/nofp\libg_nano.a(libc_a-wbuf.o)
 .debug_aranges
                0x00000aa8       0x20 C:/ST/STM32CubeCLT_1.17.0/GNU-tools-for-STM32/bin/../lib/gcc/arm-none-eabi/12.3.1/../../../../arm-none-eabi/lib/thumb/v7-m/nofp\libg_nano.a(libc_a-wsetup.o)
 .debug_aranges
                0x00000ac8       0x20 C:/ST/STM32CubeCLT_1.17.0/GNU-tools-for-STM32/bin/../lib/gcc/arm-none-eabi/12.3.1/../../../../arm-none-eabi/lib/thumb/v7-m/nofp\libg_nano.a(libc_a-errno.o)
 .debug_aranges
                0x00000ae8       0x40 C:/ST/STM32CubeCLT_1.17.0/GNU-tools-for-STM32/bin/../lib/gcc/arm-none-eabi/12.3.1/../../../../arm-none-eabi/lib/thumb/v7-m/nofp\libg_nano.a(libc_a-nano-vfprintf.o)
 .debug_aranges
                0x00000b28       0x28 C:/ST/STM32CubeCLT_1.17.0/GNU-tools-for-STM32/bin/../lib/gcc/arm-none-eabi/12.3.1/../../../../arm-none-eabi/lib/thumb/v7-m/nofp\libg_nano.a(libc_a-nano-vfprintf_i.o)
 .debug_aranges
                0x00000b50       0x28 C:/ST/STM32CubeCLT_1.17.0/GNU-tools-for-STM32/bin/../lib/gcc/arm-none-eabi/12.3.1/../../../../arm-none-eabi/lib/thumb/v7-m/nofp\libg_nano.a(libc_a-makebuf.o)
 .debug_aranges
                0x00000b78       0x20 C:/ST/STM32CubeCLT_1.17.0/GNU-tools-for-STM32/bin/../lib/gcc/arm-none-eabi/12.3.1/../../../../arm-none-eabi/lib/thumb/v7-m/nofp\libg_nano.a(libc_a-fstatr.o)
 .debug_aranges
                0x00000b98       0x20 C:/ST/STM32CubeCLT_1.17.0/GNU-tools-for-STM32/bin/../lib/gcc/arm-none-eabi/12.3.1/../../../../arm-none-eabi/lib/thumb/v7-m/nofp\libg_nano.a(libc_a-isattyr.o)
 .debug_aranges
                0x00000bb8       0x20 C:/ST/STM32CubeCLT_1.17.0/GNU-tools-for-STM32/bin/../lib/gcc/arm-none-eabi/12.3.1/../../../../arm-none-eabi/lib/thumb/v7-m/nofp\libg_nano.a(libc_a-memchr-stub.o)

.debug_rnglists
                0x00000000      0x98c
 .debug_rnglists
                0x00000000       0x1f CMakeFiles/IIC_AT24C.dir/User/mcu_peripheral_bsp/src/bsp_i2c.c.obj
 .debug_rnglists
                0x0000001f       0x29 CMakeFiles/IIC_AT24C.dir/User/at24c256.c.obj
 .debug_rnglists
                0x00000048       0x27 CMakeFiles/IIC_AT24C.dir/Core/Src/main.c.obj
 .debug_rnglists
                0x0000006f       0x13 CMakeFiles/IIC_AT24C.dir/Core/Src/gpio.c.obj
 .debug_rnglists
                0x00000082       0x1f CMakeFiles/IIC_AT24C.dir/Core/Src/i2c.c.obj
 .debug_rnglists
                0x000000a1       0x20 CMakeFiles/IIC_AT24C.dir/Core/Src/usart.c.obj
 .debug_rnglists
                0x000000c1       0x43 CMakeFiles/IIC_AT24C.dir/Core/Src/stm32f1xx_it.c.obj
 .debug_rnglists
                0x00000104       0x13 CMakeFiles/IIC_AT24C.dir/Core/Src/stm32f1xx_hal_msp.c.obj
 .debug_rnglists
                0x00000117      0x23c CMakeFiles/IIC_AT24C.dir/Drivers/STM32F1xx_HAL_Driver/Src/stm32f1xx_hal_i2c.c.obj
 .debug_rnglists
                0x00000353       0xa3 CMakeFiles/IIC_AT24C.dir/Drivers/STM32F1xx_HAL_Driver/Src/stm32f1xx_hal.c.obj
 .debug_rnglists
                0x000003f6       0x6c CMakeFiles/IIC_AT24C.dir/Drivers/STM32F1xx_HAL_Driver/Src/stm32f1xx_hal_rcc.c.obj
 .debug_rnglists
                0x00000462       0x3f CMakeFiles/IIC_AT24C.dir/Drivers/STM32F1xx_HAL_Driver/Src/stm32f1xx_hal_gpio.c.obj
 .debug_rnglists
                0x000004a1       0xbb CMakeFiles/IIC_AT24C.dir/Drivers/STM32F1xx_HAL_Driver/Src/stm32f1xx_hal_cortex.c.obj
 .debug_rnglists
                0x0000055c      0x1bc CMakeFiles/IIC_AT24C.dir/Drivers/STM32F1xx_HAL_Driver/Src/stm32f1xx_hal_uart.c.obj
 .debug_rnglists
                0x00000718       0x1a CMakeFiles/IIC_AT24C.dir/Core/Src/system_stm32f1xx.c.obj
 .debug_rnglists
                0x00000732       0x13 CMakeFiles/IIC_AT24C.dir/Core/Src/sysmem.c.obj
 .debug_rnglists
                0x00000745       0x79 CMakeFiles/IIC_AT24C.dir/Core/Src/syscalls.c.obj
 .debug_rnglists
                0x000007be       0x19 CMakeFiles/IIC_AT24C.dir/startup_stm32f103xb.s.obj
 .debug_rnglists
                0x000007d7       0x19 C:/ST/STM32CubeCLT_1.17.0/GNU-tools-for-STM32/bin/../lib/gcc/arm-none-eabi/12.3.1/../../../../arm-none-eabi/lib/thumb/v7-m/nofp\libg_nano.a(libc_a-printf.o)
 .debug_rnglists
                0x000007f0       0x44 C:/ST/STM32CubeCLT_1.17.0/GNU-tools-for-STM32/bin/../lib/gcc/arm-none-eabi/12.3.1/../../../../arm-none-eabi/lib/thumb/v7-m/nofp\libg_nano.a(libc_a-puts.o)
 .debug_rnglists
                0x00000834       0x25 C:/ST/STM32CubeCLT_1.17.0/GNU-tools-for-STM32/bin/../lib/gcc/arm-none-eabi/12.3.1/../../../../arm-none-eabi/lib/thumb/v7-m/nofp\libg_nano.a(libc_a-wbuf.o)
 .debug_rnglists
                0x00000859       0x26 C:/ST/STM32CubeCLT_1.17.0/GNU-tools-for-STM32/bin/../lib/gcc/arm-none-eabi/12.3.1/../../../../arm-none-eabi/lib/thumb/v7-m/nofp\libg_nano.a(libc_a-wsetup.o)
 .debug_rnglists
                0x0000087f       0x13 C:/ST/STM32CubeCLT_1.17.0/GNU-tools-for-STM32/bin/../lib/gcc/arm-none-eabi/12.3.1/../../../../arm-none-eabi/lib/thumb/v7-m/nofp\libg_nano.a(libc_a-errno.o)
 .debug_rnglists
                0x00000892       0x3b C:/ST/STM32CubeCLT_1.17.0/GNU-tools-for-STM32/bin/../lib/gcc/arm-none-eabi/12.3.1/../../../../arm-none-eabi/lib/thumb/v7-m/nofp\libg_nano.a(libc_a-nano-vfprintf.o)
 .debug_rnglists
                0x000008cd       0x6d C:/ST/STM32CubeCLT_1.17.0/GNU-tools-for-STM32/bin/../lib/gcc/arm-none-eabi/12.3.1/../../../../arm-none-eabi/lib/thumb/v7-m/nofp\libg_nano.a(libc_a-nano-vfprintf_i.o)
 .debug_rnglists
                0x0000093a       0x19 C:/ST/STM32CubeCLT_1.17.0/GNU-tools-for-STM32/bin/../lib/gcc/arm-none-eabi/12.3.1/../../../../arm-none-eabi/lib/thumb/v7-m/nofp\libg_nano.a(libc_a-makebuf.o)
 .debug_rnglists
                0x00000953       0x13 C:/ST/STM32CubeCLT_1.17.0/GNU-tools-for-STM32/bin/../lib/gcc/arm-none-eabi/12.3.1/../../../../arm-none-eabi/lib/thumb/v7-m/nofp\libg_nano.a(libc_a-fstatr.o)
 .debug_rnglists
                0x00000966       0x13 C:/ST/STM32CubeCLT_1.17.0/GNU-tools-for-STM32/bin/../lib/gcc/arm-none-eabi/12.3.1/../../../../arm-none-eabi/lib/thumb/v7-m/nofp\libg_nano.a(libc_a-isattyr.o)
 .debug_rnglists
                0x00000979       0x13 C:/ST/STM32CubeCLT_1.17.0/GNU-tools-for-STM32/bin/../lib/gcc/arm-none-eabi/12.3.1/../../../../arm-none-eabi/lib/thumb/v7-m/nofp\libg_nano.a(libc_a-memchr-stub.o)

.debug_macro    0x00000000    0x18828
 .debug_macro   0x00000000      0x1bb CMakeFiles/IIC_AT24C.dir/User/mcu_peripheral_bsp/src/bsp_i2c.c.obj
 .debug_macro   0x000001bb      0xaa8 CMakeFiles/IIC_AT24C.dir/User/mcu_peripheral_bsp/src/bsp_i2c.c.obj
 .debug_macro   0x00000c63      0x21b CMakeFiles/IIC_AT24C.dir/User/mcu_peripheral_bsp/src/bsp_i2c.c.obj
 .debug_macro   0x00000e7e       0x2e CMakeFiles/IIC_AT24C.dir/User/mcu_peripheral_bsp/src/bsp_i2c.c.obj
 .debug_macro   0x00000eac       0x22 CMakeFiles/IIC_AT24C.dir/User/mcu_peripheral_bsp/src/bsp_i2c.c.obj
 .debug_macro   0x00000ece       0x22 CMakeFiles/IIC_AT24C.dir/User/mcu_peripheral_bsp/src/bsp_i2c.c.obj
 .debug_macro   0x00000ef0       0x8e CMakeFiles/IIC_AT24C.dir/User/mcu_peripheral_bsp/src/bsp_i2c.c.obj
 .debug_macro   0x00000f7e       0x51 CMakeFiles/IIC_AT24C.dir/User/mcu_peripheral_bsp/src/bsp_i2c.c.obj
 .debug_macro   0x00000fcf      0x103 CMakeFiles/IIC_AT24C.dir/User/mcu_peripheral_bsp/src/bsp_i2c.c.obj
 .debug_macro   0x000010d2       0x6a CMakeFiles/IIC_AT24C.dir/User/mcu_peripheral_bsp/src/bsp_i2c.c.obj
 .debug_macro   0x0000113c      0x1df CMakeFiles/IIC_AT24C.dir/User/mcu_peripheral_bsp/src/bsp_i2c.c.obj
 .debug_macro   0x0000131b       0x1c CMakeFiles/IIC_AT24C.dir/User/mcu_peripheral_bsp/src/bsp_i2c.c.obj
 .debug_macro   0x00001337       0x22 CMakeFiles/IIC_AT24C.dir/User/mcu_peripheral_bsp/src/bsp_i2c.c.obj
 .debug_macro   0x00001359       0xbd CMakeFiles/IIC_AT24C.dir/User/mcu_peripheral_bsp/src/bsp_i2c.c.obj
 .debug_macro   0x00001416      0xd23 CMakeFiles/IIC_AT24C.dir/User/mcu_peripheral_bsp/src/bsp_i2c.c.obj
 .debug_macro   0x00002139     0xe09e CMakeFiles/IIC_AT24C.dir/User/mcu_peripheral_bsp/src/bsp_i2c.c.obj
 .debug_macro   0x000101d7       0x6d CMakeFiles/IIC_AT24C.dir/User/mcu_peripheral_bsp/src/bsp_i2c.c.obj
 .debug_macro   0x00010244     0x34a2 CMakeFiles/IIC_AT24C.dir/User/mcu_peripheral_bsp/src/bsp_i2c.c.obj
 .debug_macro   0x000136e6      0x189 CMakeFiles/IIC_AT24C.dir/User/mcu_peripheral_bsp/src/bsp_i2c.c.obj
 .debug_macro   0x0001386f       0x5c CMakeFiles/IIC_AT24C.dir/User/mcu_peripheral_bsp/src/bsp_i2c.c.obj
 .debug_macro   0x000138cb      0x5bc CMakeFiles/IIC_AT24C.dir/User/mcu_peripheral_bsp/src/bsp_i2c.c.obj
 .debug_macro   0x00013e87      0x289 CMakeFiles/IIC_AT24C.dir/User/mcu_peripheral_bsp/src/bsp_i2c.c.obj
 .debug_macro   0x00014110      0x1cb CMakeFiles/IIC_AT24C.dir/User/mcu_peripheral_bsp/src/bsp_i2c.c.obj
 .debug_macro   0x000142db      0x114 CMakeFiles/IIC_AT24C.dir/User/mcu_peripheral_bsp/src/bsp_i2c.c.obj
 .debug_macro   0x000143ef      0x1b2 CMakeFiles/IIC_AT24C.dir/User/mcu_peripheral_bsp/src/bsp_i2c.c.obj
 .debug_macro   0x000145a1       0x27 CMakeFiles/IIC_AT24C.dir/User/mcu_peripheral_bsp/src/bsp_i2c.c.obj
 .debug_macro   0x000145c8      0x136 CMakeFiles/IIC_AT24C.dir/User/mcu_peripheral_bsp/src/bsp_i2c.c.obj
 .debug_macro   0x000146fe      0x1bc CMakeFiles/IIC_AT24C.dir/User/mcu_peripheral_bsp/src/bsp_i2c.c.obj
 .debug_macro   0x000148ba       0x34 CMakeFiles/IIC_AT24C.dir/User/mcu_peripheral_bsp/src/bsp_i2c.c.obj
 .debug_macro   0x000148ee       0x3c CMakeFiles/IIC_AT24C.dir/User/mcu_peripheral_bsp/src/bsp_i2c.c.obj
 .debug_macro   0x0001492a       0x57 CMakeFiles/IIC_AT24C.dir/User/mcu_peripheral_bsp/src/bsp_i2c.c.obj
 .debug_macro   0x00014981       0x87 CMakeFiles/IIC_AT24C.dir/User/mcu_peripheral_bsp/src/bsp_i2c.c.obj
 .debug_macro   0x00014a08      0x240 CMakeFiles/IIC_AT24C.dir/User/mcu_peripheral_bsp/src/bsp_i2c.c.obj
 .debug_macro   0x00014c48      0x287 CMakeFiles/IIC_AT24C.dir/User/mcu_peripheral_bsp/src/bsp_i2c.c.obj
 .debug_macro   0x00014ecf      0x140 CMakeFiles/IIC_AT24C.dir/User/mcu_peripheral_bsp/src/bsp_i2c.c.obj
 .debug_macro   0x0001500f      0x28e CMakeFiles/IIC_AT24C.dir/User/mcu_peripheral_bsp/src/bsp_i2c.c.obj
 .debug_macro   0x0001529d       0x83 CMakeFiles/IIC_AT24C.dir/User/mcu_peripheral_bsp/src/bsp_i2c.c.obj
 .debug_macro   0x00015320       0x1c CMakeFiles/IIC_AT24C.dir/User/mcu_peripheral_bsp/src/bsp_i2c.c.obj
 .debug_macro   0x0001533c      0x270 CMakeFiles/IIC_AT24C.dir/User/at24c256.c.obj
 .debug_macro   0x000155ac       0x74 CMakeFiles/IIC_AT24C.dir/User/at24c256.c.obj
 .debug_macro   0x00015620       0x24 CMakeFiles/IIC_AT24C.dir/User/at24c256.c.obj
 .debug_macro   0x00015644       0x3c CMakeFiles/IIC_AT24C.dir/User/at24c256.c.obj
 .debug_macro   0x00015680       0x34 CMakeFiles/IIC_AT24C.dir/User/at24c256.c.obj
 .debug_macro   0x000156b4       0x16 CMakeFiles/IIC_AT24C.dir/User/at24c256.c.obj
 .debug_macro   0x000156ca       0x43 CMakeFiles/IIC_AT24C.dir/User/at24c256.c.obj
 .debug_macro   0x0001570d       0x34 CMakeFiles/IIC_AT24C.dir/User/at24c256.c.obj
 .debug_macro   0x00015741       0x10 CMakeFiles/IIC_AT24C.dir/User/at24c256.c.obj
 .debug_macro   0x00015751       0x58 CMakeFiles/IIC_AT24C.dir/User/at24c256.c.obj
 .debug_macro   0x000157a9      0x1de CMakeFiles/IIC_AT24C.dir/User/at24c256.c.obj
 .debug_macro   0x00015987      0x369 CMakeFiles/IIC_AT24C.dir/User/at24c256.c.obj
 .debug_macro   0x00015cf0      0x19b CMakeFiles/IIC_AT24C.dir/User/at24c256.c.obj
 .debug_macro   0x00015e8b       0x22 CMakeFiles/IIC_AT24C.dir/User/at24c256.c.obj
 .debug_macro   0x00015ead      0x302 CMakeFiles/IIC_AT24C.dir/Core/Src/main.c.obj
 .debug_macro   0x000161af       0x16 CMakeFiles/IIC_AT24C.dir/Core/Src/main.c.obj
 .debug_macro   0x000161c5       0x35 CMakeFiles/IIC_AT24C.dir/Core/Src/main.c.obj
 .debug_macro   0x000161fa       0x10 CMakeFiles/IIC_AT24C.dir/Core/Src/main.c.obj
 .debug_macro   0x0001620a       0x16 CMakeFiles/IIC_AT24C.dir/Core/Src/main.c.obj
 .debug_macro   0x00016220       0x16 CMakeFiles/IIC_AT24C.dir/Core/Src/main.c.obj
 .debug_macro   0x00016236      0x170 CMakeFiles/IIC_AT24C.dir/Core/Src/main.c.obj
 .debug_macro   0x000163a6       0x16 CMakeFiles/IIC_AT24C.dir/Core/Src/main.c.obj
 .debug_macro   0x000163bc       0x20 CMakeFiles/IIC_AT24C.dir/Core/Src/main.c.obj
 .debug_macro   0x000163dc      0x1ac CMakeFiles/IIC_AT24C.dir/Core/Src/gpio.c.obj
 .debug_macro   0x00016588      0x1ac CMakeFiles/IIC_AT24C.dir/Core/Src/i2c.c.obj
 .debug_macro   0x00016734      0x1ac CMakeFiles/IIC_AT24C.dir/Core/Src/usart.c.obj
 .debug_macro   0x000168e0      0x1ac CMakeFiles/IIC_AT24C.dir/Core/Src/stm32f1xx_it.c.obj
 .debug_macro   0x00016a8c      0x1a2 CMakeFiles/IIC_AT24C.dir/Core/Src/stm32f1xx_hal_msp.c.obj
 .debug_macro   0x00016c2e      0x1e6 CMakeFiles/IIC_AT24C.dir/Drivers/STM32F1xx_HAL_Driver/Src/stm32f1xx_hal_i2c.c.obj
 .debug_macro   0x00016e14      0x1bc CMakeFiles/IIC_AT24C.dir/Drivers/STM32F1xx_HAL_Driver/Src/stm32f1xx_hal.c.obj
 .debug_macro   0x00016fd0      0x1aa CMakeFiles/IIC_AT24C.dir/Drivers/STM32F1xx_HAL_Driver/Src/stm32f1xx_hal_rcc.c.obj
 .debug_macro   0x0001717a      0x203 CMakeFiles/IIC_AT24C.dir/Drivers/STM32F1xx_HAL_Driver/Src/stm32f1xx_hal_gpio.c.obj
 .debug_macro   0x0001737d      0x198 CMakeFiles/IIC_AT24C.dir/Drivers/STM32F1xx_HAL_Driver/Src/stm32f1xx_hal_cortex.c.obj
 .debug_macro   0x00017515      0x199 CMakeFiles/IIC_AT24C.dir/Drivers/STM32F1xx_HAL_Driver/Src/stm32f1xx_hal_uart.c.obj
 .debug_macro   0x000176ae      0x198 CMakeFiles/IIC_AT24C.dir/Core/Src/system_stm32f1xx.c.obj
 .debug_macro   0x00017846       0xec CMakeFiles/IIC_AT24C.dir/Core/Src/sysmem.c.obj
 .debug_macro   0x00017932       0x10 CMakeFiles/IIC_AT24C.dir/Core/Src/sysmem.c.obj
 .debug_macro   0x00017942       0x6e CMakeFiles/IIC_AT24C.dir/Core/Src/sysmem.c.obj
 .debug_macro   0x000179b0       0x94 CMakeFiles/IIC_AT24C.dir/Core/Src/sysmem.c.obj
 .debug_macro   0x00017a44       0x57 CMakeFiles/IIC_AT24C.dir/Core/Src/sysmem.c.obj
 .debug_macro   0x00017a9b      0x23c CMakeFiles/IIC_AT24C.dir/Core/Src/sysmem.c.obj
 .debug_macro   0x00017cd7      0x265 CMakeFiles/IIC_AT24C.dir/Core/Src/syscalls.c.obj
 .debug_macro   0x00017f3c       0x10 CMakeFiles/IIC_AT24C.dir/Core/Src/syscalls.c.obj
 .debug_macro   0x00017f4c       0x10 CMakeFiles/IIC_AT24C.dir/Core/Src/syscalls.c.obj
 .debug_macro   0x00017f5c       0x10 CMakeFiles/IIC_AT24C.dir/Core/Src/syscalls.c.obj
 .debug_macro   0x00017f6c       0x10 CMakeFiles/IIC_AT24C.dir/Core/Src/syscalls.c.obj
 .debug_macro   0x00017f7c       0x1c CMakeFiles/IIC_AT24C.dir/Core/Src/syscalls.c.obj
 .debug_macro   0x00017f98       0x52 CMakeFiles/IIC_AT24C.dir/Core/Src/syscalls.c.obj
 .debug_macro   0x00017fea       0x22 CMakeFiles/IIC_AT24C.dir/Core/Src/syscalls.c.obj
 .debug_macro   0x0001800c       0x10 CMakeFiles/IIC_AT24C.dir/Core/Src/syscalls.c.obj
 .debug_macro   0x0001801c       0x52 CMakeFiles/IIC_AT24C.dir/Core/Src/syscalls.c.obj
 .debug_macro   0x0001806e       0xcf CMakeFiles/IIC_AT24C.dir/Core/Src/syscalls.c.obj
 .debug_macro   0x0001813d       0x1c CMakeFiles/IIC_AT24C.dir/Core/Src/syscalls.c.obj
 .debug_macro   0x00018159       0x3d CMakeFiles/IIC_AT24C.dir/Core/Src/syscalls.c.obj
 .debug_macro   0x00018196       0x35 CMakeFiles/IIC_AT24C.dir/Core/Src/syscalls.c.obj
 .debug_macro   0x000181cb      0x12c CMakeFiles/IIC_AT24C.dir/Core/Src/syscalls.c.obj
 .debug_macro   0x000182f7       0x16 CMakeFiles/IIC_AT24C.dir/Core/Src/syscalls.c.obj
 .debug_macro   0x0001830d       0x16 CMakeFiles/IIC_AT24C.dir/Core/Src/syscalls.c.obj
 .debug_macro   0x00018323       0x29 CMakeFiles/IIC_AT24C.dir/Core/Src/syscalls.c.obj
 .debug_macro   0x0001834c      0x242 CMakeFiles/IIC_AT24C.dir/Core/Src/syscalls.c.obj
 .debug_macro   0x0001858e       0x1c CMakeFiles/IIC_AT24C.dir/Core/Src/syscalls.c.obj
 .debug_macro   0x000185aa       0x10 CMakeFiles/IIC_AT24C.dir/Core/Src/syscalls.c.obj
 .debug_macro   0x000185ba      0x18a CMakeFiles/IIC_AT24C.dir/Core/Src/syscalls.c.obj
 .debug_macro   0x00018744       0x16 CMakeFiles/IIC_AT24C.dir/Core/Src/syscalls.c.obj
 .debug_macro   0x0001875a       0xce CMakeFiles/IIC_AT24C.dir/Core/Src/syscalls.c.obj

.debug_line     0x00000000    0x10671
 .debug_line    0x00000000      0x7c0 CMakeFiles/IIC_AT24C.dir/User/mcu_peripheral_bsp/src/bsp_i2c.c.obj
 .debug_line    0x000007c0      0x90c CMakeFiles/IIC_AT24C.dir/User/at24c256.c.obj
 .debug_line    0x000010cc      0x976 CMakeFiles/IIC_AT24C.dir/Core/Src/main.c.obj
 .debug_line    0x00001a42      0x6d2 CMakeFiles/IIC_AT24C.dir/Core/Src/gpio.c.obj
 .debug_line    0x00002114      0x73a CMakeFiles/IIC_AT24C.dir/Core/Src/i2c.c.obj
 .debug_line    0x0000284e      0x744 CMakeFiles/IIC_AT24C.dir/Core/Src/usart.c.obj
 .debug_line    0x00002f92      0x797 CMakeFiles/IIC_AT24C.dir/Core/Src/stm32f1xx_it.c.obj
 .debug_line    0x00003729      0x6d5 CMakeFiles/IIC_AT24C.dir/Core/Src/stm32f1xx_hal_msp.c.obj
 .debug_line    0x00003dfe     0x3c1d CMakeFiles/IIC_AT24C.dir/Drivers/STM32F1xx_HAL_Driver/Src/stm32f1xx_hal_i2c.c.obj
 .debug_line    0x00007a1b      0x980 CMakeFiles/IIC_AT24C.dir/Drivers/STM32F1xx_HAL_Driver/Src/stm32f1xx_hal.c.obj
 .debug_line    0x0000839b      0xd89 CMakeFiles/IIC_AT24C.dir/Drivers/STM32F1xx_HAL_Driver/Src/stm32f1xx_hal_rcc.c.obj
 .debug_line    0x00009124      0xa19 CMakeFiles/IIC_AT24C.dir/Drivers/STM32F1xx_HAL_Driver/Src/stm32f1xx_hal_gpio.c.obj
 .debug_line    0x00009b3d      0xb6c CMakeFiles/IIC_AT24C.dir/Drivers/STM32F1xx_HAL_Driver/Src/stm32f1xx_hal_cortex.c.obj
 .debug_line    0x0000a6a9     0x285f CMakeFiles/IIC_AT24C.dir/Drivers/STM32F1xx_HAL_Driver/Src/stm32f1xx_hal_uart.c.obj
 .debug_line    0x0000cf08      0x753 CMakeFiles/IIC_AT24C.dir/Core/Src/system_stm32f1xx.c.obj
 .debug_line    0x0000d65b      0x34a CMakeFiles/IIC_AT24C.dir/Core/Src/sysmem.c.obj
 .debug_line    0x0000d9a5      0x679 CMakeFiles/IIC_AT24C.dir/Core/Src/syscalls.c.obj
 .debug_line    0x0000e01e       0x78 CMakeFiles/IIC_AT24C.dir/startup_stm32f103xb.s.obj
 .debug_line    0x0000e096      0x254 C:/ST/STM32CubeCLT_1.17.0/GNU-tools-for-STM32/bin/../lib/gcc/arm-none-eabi/12.3.1/../../../../arm-none-eabi/lib/thumb/v7-m/nofp\libg_nano.a(libc_a-printf.o)
 .debug_line    0x0000e2ea      0x337 C:/ST/STM32CubeCLT_1.17.0/GNU-tools-for-STM32/bin/../lib/gcc/arm-none-eabi/12.3.1/../../../../arm-none-eabi/lib/thumb/v7-m/nofp\libg_nano.a(libc_a-puts.o)
 .debug_line    0x0000e621      0x2d4 C:/ST/STM32CubeCLT_1.17.0/GNU-tools-for-STM32/bin/../lib/gcc/arm-none-eabi/12.3.1/../../../../arm-none-eabi/lib/thumb/v7-m/nofp\libg_nano.a(libc_a-wbuf.o)
 .debug_line    0x0000e8f5      0x308 C:/ST/STM32CubeCLT_1.17.0/GNU-tools-for-STM32/bin/../lib/gcc/arm-none-eabi/12.3.1/../../../../arm-none-eabi/lib/thumb/v7-m/nofp\libg_nano.a(libc_a-wsetup.o)
 .debug_line    0x0000ebfd      0x185 C:/ST/STM32CubeCLT_1.17.0/GNU-tools-for-STM32/bin/../lib/gcc/arm-none-eabi/12.3.1/../../../../arm-none-eabi/lib/thumb/v7-m/nofp\libg_nano.a(libc_a-errno.o)
 .debug_line    0x0000ed82      0x701 C:/ST/STM32CubeCLT_1.17.0/GNU-tools-for-STM32/bin/../lib/gcc/arm-none-eabi/12.3.1/../../../../arm-none-eabi/lib/thumb/v7-m/nofp\libg_nano.a(libc_a-nano-vfprintf.o)
 .debug_line    0x0000f483      0x771 C:/ST/STM32CubeCLT_1.17.0/GNU-tools-for-STM32/bin/../lib/gcc/arm-none-eabi/12.3.1/../../../../arm-none-eabi/lib/thumb/v7-m/nofp\libg_nano.a(libc_a-nano-vfprintf_i.o)
 .debug_line    0x0000fbf4      0x3b4 C:/ST/STM32CubeCLT_1.17.0/GNU-tools-for-STM32/bin/../lib/gcc/arm-none-eabi/12.3.1/../../../../arm-none-eabi/lib/thumb/v7-m/nofp\libg_nano.a(libc_a-makebuf.o)
 .debug_line    0x0000ffa8      0x2af C:/ST/STM32CubeCLT_1.17.0/GNU-tools-for-STM32/bin/../lib/gcc/arm-none-eabi/12.3.1/../../../../arm-none-eabi/lib/thumb/v7-m/nofp\libg_nano.a(libc_a-fstatr.o)
 .debug_line    0x00010257      0x21c C:/ST/STM32CubeCLT_1.17.0/GNU-tools-for-STM32/bin/../lib/gcc/arm-none-eabi/12.3.1/../../../../arm-none-eabi/lib/thumb/v7-m/nofp\libg_nano.a(libc_a-isattyr.o)
 .debug_line    0x00010473      0x1fe C:/ST/STM32CubeCLT_1.17.0/GNU-tools-for-STM32/bin/../lib/gcc/arm-none-eabi/12.3.1/../../../../arm-none-eabi/lib/thumb/v7-m/nofp\libg_nano.a(libc_a-memchr-stub.o)

.debug_str      0x00000000    0x87589
 .debug_str     0x00000000    0x7e412 CMakeFiles/IIC_AT24C.dir/User/mcu_peripheral_bsp/src/bsp_i2c.c.obj
                              0x7e7f7 (size before relaxing)
 .debug_str     0x0007e412     0x3419 CMakeFiles/IIC_AT24C.dir/User/at24c256.c.obj
                              0x816f6 (size before relaxing)
 .debug_str     0x0008182b      0xb7c CMakeFiles/IIC_AT24C.dir/Core/Src/main.c.obj
                              0x82422 (size before relaxing)
 .debug_str     0x000823a7       0x86 CMakeFiles/IIC_AT24C.dir/Core/Src/gpio.c.obj
                              0x7e273 (size before relaxing)
 .debug_str     0x0008242d       0xd3 CMakeFiles/IIC_AT24C.dir/Core/Src/i2c.c.obj
                              0x7e7d3 (size before relaxing)
 .debug_str     0x00082500       0x7e CMakeFiles/IIC_AT24C.dir/Core/Src/usart.c.obj
                              0x7e761 (size before relaxing)
 .debug_str     0x0008257e       0xf6 CMakeFiles/IIC_AT24C.dir/Core/Src/stm32f1xx_it.c.obj
                              0x7e2b6 (size before relaxing)
 .debug_str     0x00082674       0x87 CMakeFiles/IIC_AT24C.dir/Core/Src/stm32f1xx_hal_msp.c.obj
                              0x7e2a1 (size before relaxing)
 .debug_str     0x000826fb      0xc03 CMakeFiles/IIC_AT24C.dir/Drivers/STM32F1xx_HAL_Driver/Src/stm32f1xx_hal_i2c.c.obj
                              0x7f393 (size before relaxing)
 .debug_str     0x000832fe      0x619 CMakeFiles/IIC_AT24C.dir/Drivers/STM32F1xx_HAL_Driver/Src/stm32f1xx_hal.c.obj
                              0x7e9ff (size before relaxing)
 .debug_str     0x00083917      0x252 CMakeFiles/IIC_AT24C.dir/Drivers/STM32F1xx_HAL_Driver/Src/stm32f1xx_hal_rcc.c.obj
                              0x7e6fb (size before relaxing)
 .debug_str     0x00083b69      0x34f CMakeFiles/IIC_AT24C.dir/Drivers/STM32F1xx_HAL_Driver/Src/stm32f1xx_hal_gpio.c.obj
                              0x7e652 (size before relaxing)
 .debug_str     0x00083eb8      0x2e8 CMakeFiles/IIC_AT24C.dir/Drivers/STM32F1xx_HAL_Driver/Src/stm32f1xx_hal_cortex.c.obj
                              0x7e94b (size before relaxing)