Archive member included to satisfy reference by file (symbol)

C:/ST/STM32CubeCLT_1.17.0/GNU-tools-for-STM32/bin/../lib/gcc/arm-none-eabi/12.3.1/../../../../arm-none-eabi/lib/thumb/v7-m/nofp\libc_nano.a(libc_a-exit.o)
                              C:/ST/STM32CubeCLT_1.17.0/GNU-tools-for-STM32/bin/../lib/gcc/arm-none-eabi/12.3.1/../../../../arm-none-eabi/lib/thumb/v7-m/nofp/crt0.o (exit)
C:/ST/STM32CubeCLT_1.17.0/GNU-tools-for-STM32/bin/../lib/gcc/arm-none-eabi/12.3.1/../../../../arm-none-eabi/lib/thumb/v7-m/nofp\libc_nano.a(libc_a-findfp.o)
                              C:/ST/STM32CubeCLT_1.17.0/GNU-tools-for-STM32/bin/../lib/gcc/arm-none-eabi/12.3.1/../../../../arm-none-eabi/lib/thumb/v7-m/nofp\libc_nano.a(libc_a-exit.o) (__stdio_exit_handler)
C:/ST/STM32CubeCLT_1.17.0/GNU-tools-for-STM32/bin/../lib/gcc/arm-none-eabi/12.3.1/../../../../arm-none-eabi/lib/thumb/v7-m/nofp\libc_nano.a(libc_a-fwalk.o)
                              C:/ST/STM32CubeCLT_1.17.0/GNU-tools-for-STM32/bin/../lib/gcc/arm-none-eabi/12.3.1/../../../../arm-none-eabi/lib/thumb/v7-m/nofp\libc_nano.a(libc_a-findfp.o) (_fwalk_sglue)
C:/ST/STM32CubeCLT_1.17.0/GNU-tools-for-STM32/bin/../lib/gcc/arm-none-eabi/12.3.1/../../../../arm-none-eabi/lib/thumb/v7-m/nofp\libc_nano.a(libc_a-stdio.o)
                              C:/ST/STM32CubeCLT_1.17.0/GNU-tools-for-STM32/bin/../lib/gcc/arm-none-eabi/12.3.1/../../../../arm-none-eabi/lib/thumb/v7-m/nofp\libc_nano.a(libc_a-findfp.o) (__sread)
C:/ST/STM32CubeCLT_1.17.0/GNU-tools-for-STM32/bin/../lib/gcc/arm-none-eabi/12.3.1/../../../../arm-none-eabi/lib/thumb/v7-m/nofp\libc_nano.a(libc_a-memset.o)
                              C:/ST/STM32CubeCLT_1.17.0/GNU-tools-for-STM32/bin/../lib/gcc/arm-none-eabi/12.3.1/../../../../arm-none-eabi/lib/thumb/v7-m/nofp/crt0.o (memset)
C:/ST/STM32CubeCLT_1.17.0/GNU-tools-for-STM32/bin/../lib/gcc/arm-none-eabi/12.3.1/../../../../arm-none-eabi/lib/thumb/v7-m/nofp\libc_nano.a(libc_a-closer.o)
                              C:/ST/STM32CubeCLT_1.17.0/GNU-tools-for-STM32/bin/../lib/gcc/arm-none-eabi/12.3.1/../../../../arm-none-eabi/lib/thumb/v7-m/nofp\libc_nano.a(libc_a-stdio.o) (_close_r)
C:/ST/STM32CubeCLT_1.17.0/GNU-tools-for-STM32/bin/../lib/gcc/arm-none-eabi/12.3.1/../../../../arm-none-eabi/lib/thumb/v7-m/nofp\libc_nano.a(libc_a-reent.o)
                              C:/ST/STM32CubeCLT_1.17.0/GNU-tools-for-STM32/bin/../lib/gcc/arm-none-eabi/12.3.1/../../../../arm-none-eabi/lib/thumb/v7-m/nofp\libc_nano.a(libc_a-closer.o) (errno)
C:/ST/STM32CubeCLT_1.17.0/GNU-tools-for-STM32/bin/../lib/gcc/arm-none-eabi/12.3.1/../../../../arm-none-eabi/lib/thumb/v7-m/nofp\libc_nano.a(libc_a-impure.o)
                              C:/ST/STM32CubeCLT_1.17.0/GNU-tools-for-STM32/bin/../lib/gcc/arm-none-eabi/12.3.1/../../../../arm-none-eabi/lib/thumb/v7-m/nofp\libc_nano.a(libc_a-reent.o) (_impure_ptr)
C:/ST/STM32CubeCLT_1.17.0/GNU-tools-for-STM32/bin/../lib/gcc/arm-none-eabi/12.3.1/../../../../arm-none-eabi/lib/thumb/v7-m/nofp\libc_nano.a(libc_a-lseekr.o)
                              C:/ST/STM32CubeCLT_1.17.0/GNU-tools-for-STM32/bin/../lib/gcc/arm-none-eabi/12.3.1/../../../../arm-none-eabi/lib/thumb/v7-m/nofp\libc_nano.a(libc_a-stdio.o) (_lseek_r)
C:/ST/STM32CubeCLT_1.17.0/GNU-tools-for-STM32/bin/../lib/gcc/arm-none-eabi/12.3.1/../../../../arm-none-eabi/lib/thumb/v7-m/nofp\libc_nano.a(libc_a-readr.o)
                              C:/ST/STM32CubeCLT_1.17.0/GNU-tools-for-STM32/bin/../lib/gcc/arm-none-eabi/12.3.1/../../../../arm-none-eabi/lib/thumb/v7-m/nofp\libc_nano.a(libc_a-stdio.o) (_read_r)
C:/ST/STM32CubeCLT_1.17.0/GNU-tools-for-STM32/bin/../lib/gcc/arm-none-eabi/12.3.1/../../../../arm-none-eabi/lib/thumb/v7-m/nofp\libc_nano.a(libc_a-writer.o)
                              C:/ST/STM32CubeCLT_1.17.0/GNU-tools-for-STM32/bin/../lib/gcc/arm-none-eabi/12.3.1/../../../../arm-none-eabi/lib/thumb/v7-m/nofp\libc_nano.a(libc_a-stdio.o) (_write_r)
C:/ST/STM32CubeCLT_1.17.0/GNU-tools-for-STM32/bin/../lib/gcc/arm-none-eabi/12.3.1/../../../../arm-none-eabi/lib/thumb/v7-m/nofp\libc_nano.a(libc_a-init.o)
                              C:/ST/STM32CubeCLT_1.17.0/GNU-tools-for-STM32/bin/../lib/gcc/arm-none-eabi/12.3.1/../../../../arm-none-eabi/lib/thumb/v7-m/nofp/crt0.o (__libc_init_array)
C:/ST/STM32CubeCLT_1.17.0/GNU-tools-for-STM32/bin/../lib/gcc/arm-none-eabi/12.3.1/../../../../arm-none-eabi/lib/thumb/v7-m/nofp\libc_nano.a(libc_a-lock.o)
                              C:/ST/STM32CubeCLT_1.17.0/GNU-tools-for-STM32/bin/../lib/gcc/arm-none-eabi/12.3.1/../../../../arm-none-eabi/lib/thumb/v7-m/nofp\libc_nano.a(libc_a-findfp.o) (__retarget_lock_init_recursive)
C:/ST/STM32CubeCLT_1.17.0/GNU-tools-for-STM32/bin/../lib/gcc/arm-none-eabi/12.3.1/../../../../arm-none-eabi/lib/thumb/v7-m/nofp\libc_nano.a(libc_a-freer.o)
                              C:/ST/STM32CubeCLT_1.17.0/GNU-tools-for-STM32/bin/../lib/gcc/arm-none-eabi/12.3.1/../../../../arm-none-eabi/lib/thumb/v7-m/nofp\libc_nano.a(libc_a-reent.o) (_free_r)
[...]
Memory Configuration

Name             Origin             Length             Attributes
RAM              0x20000000         0x00005000         xrw
FLASH            0x08000000         0x00010000         xr
*default*        0x00000000         0xffffffff

Linker script and memory map

LOAD C:/ST/STM32CubeCLT_1.17.0/GNU-tools-for-STM32/bin/../lib/gcc/arm-none-eabi/12.3.1/thumb/v7-m/nofp/crti.o
LOAD C:/ST/STM32CubeCLT_1.17.0/GNU-tools-for-STM32/bin/../lib/gcc/arm-none-eabi/12.3.1/thumb/v7-m/nofp/crtbegin.o
LOAD C:/ST/STM32CubeCLT_1.17.0/GNU-tools-for-STM32/bin/../lib/gcc/arm-none-eabi/12.3.1/../../../../arm-none-eabi/lib/thumb/v7-m/nofp/crt0.o
START GROUP
LOAD C:/ST/STM32CubeCLT_1.17.0/GNU-tools-for-STM32/bin/../lib/gcc/arm-none-eabi/12.3.1/../../../../arm-none-eabi/lib/thumb/v7-m/nofp\libc_nano.a
LOAD C:/ST/STM32CubeCLT_1.17.0/GNU-tools-for-STM32/bin/../lib/gcc/arm-none-eabi/12.3.1/../../../../arm-none-eabi/lib/thumb/v7-m/nofp\libm.a
END GROUP
LOAD CMakeFiles/IIC_AT24C.dir/User/mcu_peripheral_bsp/src/bsp_i2c.c.obj
LOAD CMakeFiles/IIC_AT24C.dir/User/mcu_peripheral_bsp/src/bsp_delay.c.obj
LOAD CMakeFiles/IIC_AT24C.dir/User/mcu_peripheral_bsp/src/bsp_clock.c.obj
LOAD CMakeFiles/IIC_AT24C.dir/User/at24c256.c.obj
LOAD CMakeFiles/IIC_AT24C.dir/Core/Src/main.c.obj
LOAD CMakeFiles/IIC_AT24C.dir/Core/Src/gpio.c.obj
LOAD CMakeFiles/IIC_AT24C.dir/Core/Src/i2c.c.obj
LOAD CMakeFiles/IIC_AT24C.dir/Core/Src/usart.c.obj
LOAD CMakeFiles/IIC_AT24C.dir/Core/Src/stm32f1xx_it.c.obj
LOAD CMakeFiles/IIC_AT24C.dir/Core/Src/stm32f1xx_hal_msp.c.obj
LOAD CMakeFiles/IIC_AT24C.dir/Drivers/STM32F1xx_HAL_Driver/Src/stm32f1xx_hal_gpio_ex.c.obj
LOAD CMakeFiles/IIC_AT24C.dir/Drivers/STM32F1xx_HAL_Driver/Src/stm32f1xx_hal_i2c.c.obj
LOAD CMakeFiles/IIC_AT24C.dir/Drivers/STM32F1xx_HAL_Driver/Src/stm32f1xx_hal.c.obj
LOAD CMakeFiles/IIC_AT24C.dir/Drivers/STM32F1xx_HAL_Driver/Src/stm32f1xx_hal_rcc.c.obj
LOAD CMakeFiles/IIC_AT24C.dir/Drivers/STM32F1xx_HAL_Driver/Src/stm32f1xx_hal_rcc_ex.c.obj
LOAD CMakeFiles/IIC_AT24C.dir/Drivers/STM32F1xx_HAL_Driver/Src/stm32f1xx_hal_gpio.c.obj
LOAD CMakeFiles/IIC_AT24C.dir/Drivers/STM32F1xx_HAL_Driver/Src/stm32f1xx_hal_dma.c.obj
LOAD CMakeFiles/IIC_AT24C.dir/Drivers/STM32F1xx_HAL_Driver/Src/stm32f1xx_hal_cortex.c.obj
LOAD CMakeFiles/IIC_AT24C.dir/Drivers/STM32F1xx_HAL_Driver/Src/stm32f1xx_hal_pwr.c.obj
LOAD CMakeFiles/IIC_AT24C.dir/Drivers/STM32F1xx_HAL_Driver/Src/stm32f1xx_hal_flash.c.obj
LOAD CMakeFiles/IIC_AT24C.dir/Drivers/STM32F1xx_HAL_Driver/Src/stm32f1xx_hal_flash_ex.c.obj
LOAD CMakeFiles/IIC_AT24C.dir/Drivers/STM32F1xx_HAL_Driver/Src/stm32f1xx_hal_exti.c.obj
LOAD CMakeFiles/IIC_AT24C.dir/Drivers/STM32F1xx_HAL_Driver/Src/stm32f1xx_hal_uart.c.obj
LOAD CMakeFiles/IIC_AT24C.dir/Core/Src/system_stm32f1xx.c.obj
LOAD CMakeFiles/IIC_AT24C.dir/Core/Src/sysmem.c.obj
LOAD CMakeFiles/IIC_AT24C.dir/Core/Src/syscalls.c.obj
LOAD CMakeFiles/IIC_AT24C.dir/startup_stm32f103xb.s.obj
START GROUP
LOAD C:/ST/STM32CubeCLT_1.17.0/GNU-tools-for-STM32/bin/../lib/gcc/arm-none-eabi/12.3.1/thumb/v7-m/nofp\libgcc.a
LOAD C:/ST/STM32CubeCLT_1.17.0/GNU-tools-for-STM32/bin/../lib/gcc/arm-none-eabi/12.3.1/../../../../arm-none-eabi/lib/thumb/v7-m/nofp\libg_nano.a
LOAD C:/ST/STM32CubeCLT_1.17.0/GNU-tools-for-STM32/bin/../lib/gcc/arm-none-eabi/12.3.1/../../../../arm-none-eabi/lib/thumb/v7-m/nofp\libc_nano.a
END GROUP
START GROUP
LOAD C:/ST/STM32CubeCLT_1.17.0/GNU-tools-for-STM32/bin/../lib/gcc/arm-none-eabi/12.3.1/thumb/v7-m/nofp\libgcc.a
LOAD C:/ST/STM32CubeCLT_1.17.0/GNU-tools-for-STM32/bin/../lib/gcc/arm-none-eabi/12.3.1/../../../../arm-none-eabi/lib/thumb/v7-m/nofp\libc_nano.a
END GROUP
LOAD C:/ST/STM32CubeCLT_1.17.0/GNU-tools-for-STM32/bin/../lib/gcc/arm-none-eabi/12.3.1/thumb/v7-m/nofp/crtend.o
LOAD C:/ST/STM32CubeCLT_1.17.0/GNU-tools-for-STM32/bin/../lib/gcc/arm-none-eabi/12.3.1/thumb/v7-m/nofp/crtn.o
                0x20005000                        _estack = (ORIGIN (RAM) + LENGTH (RAM))
                0x00000200                        _Min_Heap_Size = 0x200
                0x00000400                        _Min_Stack_Size = 0x400

.isr_vector     0x08000000      0x10c
                0x08000000                        . = ALIGN (0x4)
 *(.isr_vector)
 .isr_vector    0x08000000      0x10c CMakeFiles/IIC_AT24C.dir/startup_stm32f103xb.s.obj
                0x08000000                g_pfnVectors
                0x0800010c                        . = ALIGN (0x4)

.text           0x0800010c     0x3c74
                0x0800010c                        . = ALIGN (0x4)
 *(.text)
 .text          0x0800010c       0x40 C:/ST/STM32CubeCLT_1.17.0/GNU-tools-for-STM32/bin/../lib/gcc/arm-none-eabi/12.3.1/thumb/v7-m/nofp/crtbegin.o
 *(.text*)
 .text.std      0x0800014c       0x6c C:/ST/STM32CubeCLT_1.17.0/GNU-tools-for-STM32/bin/../lib/gcc/arm-none-eabi/12.3.1/../../../../arm-none-eabi/lib/thumb/v7-m/nofp\libc_nano.a(libc_a-findfp.o)
 .text.stdio_exit_handler
                0x080001b8       0x18 C:/ST/STM32CubeCLT_1.17.0/GNU-tools-for-STM32/bin/../lib/gcc/arm-none-eabi/12.3.1/../../../../arm-none-eabi/lib/thumb/v7-m/nofp\libc_nano.a(libc_a-findfp.o)
 .text.cleanup_stdio
                0x080001d0       0x40 C:/ST/STM32CubeCLT_1.17.0/GNU-tools-for-STM32/bin/../lib/gcc/arm-none-eabi/12.3.1/../../../../arm-none-eabi/lib/thumb/v7-m/nofp\libc_nano.a(libc_a-findfp.o)
 .text.global_stdio_init.part.0
                0x08000210       0x3c C:/ST/STM32CubeCLT_1.17.0/GNU-tools-for-STM32/bin/../lib/gcc/arm-none-eabi/12.3.1/../../../../arm-none-eabi/lib/thumb/v7-m/nofp\libc_nano.a(libc_a-findfp.o)
 .text.__sfp_lock_acquire
                0x0800024c        0xc C:/ST/STM32CubeCLT_1.17.0/GNU-tools-for-STM32/bin/../lib/gcc/arm-none-eabi/12.3.1/../../../../arm-none-eabi/lib/thumb/v7-m/nofp\libc_nano.a(libc_a-findfp.o)
                0x0800024c                __sfp_lock_acquire
 .text.__sfp_lock_release
                0x08000258        0xc C:/ST/STM32CubeCLT_1.17.0/GNU-tools-for-STM32/bin/../lib/gcc/arm-none-eabi/12.3.1/../../../../arm-none-eabi/lib/thumb/v7-m/nofp\libc_nano.a(libc_a-findfp.o)
                0x08000258                __sfp_lock_release
 .text.__sinit  0x08000264       0x30 C:/ST/STM32CubeCLT_1.17.0/GNU-tools-for-STM32/bin/../lib/gcc/arm-none-eabi/12.3.1/../../../../arm-none-eabi/lib/thumb/v7-m/nofp\libc_nano.a(libc_a-findfp.o)
                0x08000264                __sinit
 .text._fwalk_sglue
                0x08000294       0x3c C:/ST/STM32CubeCLT_1.17.0/GNU-tools-for-STM32/bin/../lib/gcc/arm-none-eabi/12.3.1/../../../../arm-none-eabi/lib/thumb/v7-m/nofp\libc_nano.a(libc_a-fwalk.o)
                0x08000294                _fwalk_sglue
 .text.__sread  0x080002d0       0x22 C:/ST/STM32CubeCLT_1.17.0/GNU-tools-for-STM32/bin/../lib/gcc/arm-none-eabi/12.3.1/../../../../arm-none-eabi/lib/thumb/v7-m/nofp\libc_nano.a(libc_a-stdio.o)
                0x080002d0                __sread
 .text.__swrite
                0x080002f2       0x38 C:/ST/STM32CubeCLT_1.17.0/GNU-tools-for-STM32/bin/../lib/gcc/arm-none-eabi/12.3.1/../../../../arm-none-eabi/lib/thumb/v7-m/nofp\libc_nano.a(libc_a-stdio.o)
                0x080002f2                __swrite
 .text.__sseek  0x0800032a       0x24 C:/ST/STM32CubeCLT_1.17.0/GNU-tools-for-STM32/bin/../lib/gcc/arm-none-eabi/12.3.1/../../../../arm-none-eabi/lib/thumb/v7-m/nofp\libc_nano.a(libc_a-stdio.o)
                0x0800032a                __sseek
 .text.__sclose
                0x0800034e        0x8 C:/ST/STM32CubeCLT_1.17.0/GNU-tools-for-STM32/bin/../lib/gcc/arm-none-eabi/12.3.1/../../../../arm-none-eabi/lib/thumb/v7-m/nofp\libc_nano.a(libc_a-stdio.o)
                0x0800034e                __sclose
 .text.memset   0x08000356       0x10 C:/ST/STM32CubeCLT_1.17.0/GNU-tools-for-STM32/bin/../lib/gcc/arm-none-eabi/12.3.1/../../../../arm-none-eabi/lib/thumb/v7-m/nofp\libc_nano.a(libc_a-memset.o)
                0x08000356                memset
 *fill*         0x08000366        0x2 
 .text._close_r
                0x08000368       0x20 C:/ST/STM32CubeCLT_1.17.0/GNU-tools-for-STM32/bin/../lib/gcc/arm-none-eabi/12.3.1/../../../../arm-none-eabi/lib/thumb/v7-m/nofp\libc_nano.a(libc_a-closer.o)
                0x08000368                _close_r
 .text._lseek_r
                0x08000388       0x24 C:/ST/STM32CubeCLT_1.17.0/GNU-tools-for-STM32/bin/../lib/gcc/arm-none-eabi/12.3.1/../../../../arm-none-eabi/lib/thumb/v7-m/nofp\libc_nano.a(libc_a-lseekr.o)
                0x08000388                _lseek_r
 .text._read_r  0x080003ac       0x24 C:/ST/STM32CubeCLT_1.17.0/GNU-tools-for-STM32/bin/../lib/gcc/arm-none-eabi/12.3.1/../../../../arm-none-eabi/lib/thumb/v7-m/nofp\libc_nano.a(libc_a-readr.o)
                0x080003ac                _read_r
 .text._write_r
                0x080003d0       0x24 C:/ST/STM32CubeCLT_1.17.0/GNU-tools-for-STM32/bin/../lib/gcc/arm-none-eabi/12.3.1/../../../../arm-none-eabi/lib/thumb/v7-m/nofp\libc_nano.a(libc_a-writer.o)
                0x080003d0                _write_r
 .text.__libc_init_array
                0x080003f4       0x48 C:/ST/STM32CubeCLT_1.17.0/GNU-tools-for-STM32/bin/../lib/gcc/arm-none-eabi/12.3.1/../../../../arm-none-eabi/lib/thumb/v7-m/nofp\libc_nano.a(libc_a-init.o)
                0x080003f4                __libc_init_array
 .text.__retarget_lock_init_recursive
                0x0800043c        0x2 C:/ST/STM32CubeCLT_1.17.0/GNU-tools-for-STM32/bin/../lib/gcc/arm-none-eabi/12.3.1/../../../../arm-none-eabi/lib/thumb/v7-m/nofp\libc_nano.a(libc_a-lock.o)
                0x0800043c                __retarget_lock_init_recursive
 .text.__retarget_lock_acquire_recursive
                0x0800043e        0x2 C:/ST/STM32CubeCLT_1.17.0/GNU-tools-for-STM32/bin/../lib/gcc/arm-none-eabi/12.3.1/../../../../arm-none-eabi/lib/thumb/v7-m/nofp\libc_nano.a(libc_a-lock.o)
                0x0800043e                __retarget_lock_acquire_recursive
 .text.__retarget_lock_release_recursive
                0x08000440        0x2 C:/ST/STM32CubeCLT_1.17.0/GNU-tools-for-STM32/bin/../lib/gcc/arm-none-eabi/12.3.1/../../../../arm-none-eabi/lib/thumb/v7-m/nofp\libc_nano.a(libc_a-lock.o)
                0x08000440                __retarget_lock_release_recursive
 *fill*         0x08000442        0x2 
 .text._free_r  0x08000444       0x90 C:/ST/STM32CubeCLT_1.17.0/GNU-tools-for-STM32/bin/../lib/gcc/arm-none-eabi/12.3.1/../../../../arm-none-eabi/lib/thumb/v7-m/nofp\libc_nano.a(libc_a-freer.o)
                0x08000444                _free_r
 .text.sbrk_aligned
                0x080004d4       0x44 C:/ST/STM32CubeCLT_1.17.0/GNU-tools-for-STM32/bin/../lib/gcc/arm-none-eabi/12.3.1/../../../../arm-none-eabi/lib/thumb/v7-m/nofp\libc_nano.a(libc_a-mallocr.o)
 .text._malloc_r
                0x08000518      0x100 C:/ST/STM32CubeCLT_1.17.0/GNU-tools-for-STM32/bin/../lib/gcc/arm-none-eabi/12.3.1/../../../../arm-none-eabi/lib/thumb/v7-m/nofp\libc_nano.a(libc_a-mallocr.o)
                0x08000518                _malloc_r
 .text.__malloc_lock
                0x08000618        0xc C:/ST/STM32CubeCLT_1.17.0/GNU-tools-for-STM32/bin/../lib/gcc/arm-none-eabi/12.3.1/../../../../arm-none-eabi/lib/thumb/v7-m/nofp\libc_nano.a(libc_a-mlock.o)
                0x08000618                __malloc_lock
 .text.__malloc_unlock
                0x08000624        0xc C:/ST/STM32CubeCLT_1.17.0/GNU-tools-for-STM32/bin/../lib/gcc/arm-none-eabi/12.3.1/../../../../arm-none-eabi/lib/thumb/v7-m/nofp\libc_nano.a(libc_a-mlock.o)
                0x08000624                __malloc_unlock
 .text.__sflush_r
                0x08000630      0x100 C:/ST/STM32CubeCLT_1.17.0/GNU-tools-for-STM32/bin/../lib/gcc/arm-none-eabi/12.3.1/../../../../arm-none-eabi/lib/thumb/v7-m/nofp\libc_nano.a(libc_a-fflush.o)
                0x08000630                __sflush_r
 .text._fflush_r
                0x08000730       0x50 C:/ST/STM32CubeCLT_1.17.0/GNU-tools-for-STM32/bin/../lib/gcc/arm-none-eabi/12.3.1/../../../../arm-none-eabi/lib/thumb/v7-m/nofp\libc_nano.a(libc_a-fflush.o)
                0x08000730                _fflush_r
 .text._sbrk_r  0x08000780       0x20 C:/ST/STM32CubeCLT_1.17.0/GNU-tools-for-STM32/bin/../lib/gcc/arm-none-eabi/12.3.1/../../../../arm-none-eabi/lib/thumb/v7-m/nofp\libc_nano.a(libc_a-sbrkr.o)
                0x08000780                _sbrk_r
 .text.I2C_Write
                0x080007a0       0x58 CMakeFiles/IIC_AT24C.dir/User/mcu_peripheral_bsp/src/bsp_i2c.c.obj
                0x080007a0                I2C_Write
 .text.I2C_Read
                0x080007f8       0x78 CMakeFiles/IIC_AT24C.dir/User/mcu_peripheral_bsp/src/bsp_i2c.c.obj
                0x080007f8                I2C_Read
 .text.AT24C256_WriteByte
                0x08000870       0x8c CMakeFiles/IIC_AT24C.dir/User/at24c256.c.obj
                0x08000870                AT24C256_WriteByte
 .text.AT24C256_WriteBytes
                0x080008fc      0x108 CMakeFiles/IIC_AT24C.dir/User/at24c256.c.obj
                0x080008fc                AT24C256_WriteBytes
 .text.AT24C256_ReadByte
                0x08000a04       0xc4 CMakeFiles/IIC_AT24C.dir/User/at24c256.c.obj
                0x08000a04                AT24C256_ReadByte
 .text.AT24C256_ReadBytes
                0x08000ac8       0xc4 CMakeFiles/IIC_AT24C.dir/User/at24c256.c.obj
                0x08000ac8                AT24C256_ReadBytes
 .text._write   0x08000b8c       0x2c CMakeFiles/IIC_AT24C.dir/Core/Src/main.c.obj
                0x08000b8c                _write
 .text.main     0x08000bb8      0x154 CMakeFiles/IIC_AT24C.dir/Core/Src/main.c.obj
                0x08000bb8                main
 .text.SystemClock_Config
                0x08000d0c       0x8a CMakeFiles/IIC_AT24C.dir/Core/Src/main.c.obj
                0x08000d0c                SystemClock_Config
 .text.Error_Handler
                0x08000d96        0xc CMakeFiles/IIC_AT24C.dir/Core/Src/main.c.obj
                0x08000d96                Error_Handler
 *fill*         0x08000da2        0x2 
 .text.MX_GPIO_Init
                0x08000da4       0x5c CMakeFiles/IIC_AT24C.dir/Core/Src/gpio.c.obj
                0x08000da4                MX_GPIO_Init
 .text.MX_I2C1_Init
                0x08000e00       0x5c CMakeFiles/IIC_AT24C.dir/Core/Src/i2c.c.obj
                0x08000e00                MX_I2C1_Init
 .text.HAL_I2C_MspInit
                0x08000e5c       0x7c CMakeFiles/IIC_AT24C.dir/Core/Src/i2c.c.obj
                0x08000e5c                HAL_I2C_MspInit
 .text.MX_USART1_UART_Init
                0x08000ed8       0x54 CMakeFiles/IIC_AT24C.dir/Core/Src/usart.c.obj
                0x08000ed8                MX_USART1_UART_Init
 .text.HAL_UART_MspInit
                0x08000f2c       0x98 CMakeFiles/IIC_AT24C.dir/Core/Src/usart.c.obj
                0x08000f2c                HAL_UART_MspInit
 .text.NMI_Handler
                0x08000fc4        0x8 CMakeFiles/IIC_AT24C.dir/Core/Src/stm32f1xx_it.c.obj
                0x08000fc4                NMI_Handler
 .text.HardFault_Handler
                0x08000fcc        0x8 CMakeFiles/IIC_AT24C.dir/Core/Src/stm32f1xx_it.c.obj
                0x08000fcc                HardFault_Handler
 .text.MemManage_Handler
                0x08000fd4        0x8 CMakeFiles/IIC_AT24C.dir/Core/Src/stm32f1xx_it.c.obj
                0x08000fd4                MemManage_Handler
 .text.BusFault_Handler
                0x08000fdc        0x8 CMakeFiles/IIC_AT24C.dir/Core/Src/stm32f1xx_it.c.obj
                0x08000fdc                BusFault_Handler
 .text.UsageFault_Handler
                0x08000fe4        0x8 CMakeFiles/IIC_AT24C.dir/Core/Src/stm32f1xx_it.c.obj
                0x08000fe4                UsageFault_Handler
 .text.SVC_Handler
                0x08000fec        0xc CMakeFiles/IIC_AT24C.dir/Core/Src/stm32f1xx_it.c.obj
                0x08000fec                SVC_Handler
 .text.DebugMon_Handler
                0x08000ff8        0xc CMakeFiles/IIC_AT24C.dir/Core/Src/stm32f1xx_it.c.obj
                0x08000ff8                DebugMon_Handler
 .text.PendSV_Handler
                0x08001004        0xc CMakeFiles/IIC_AT24C.dir/Core/Src/stm32f1xx_it.c.obj
                0x08001004                PendSV_Handler
 .text.SysTick_Handler
                0x08001010        0xc CMakeFiles/IIC_AT24C.dir/Core/Src/stm32f1xx_it.c.obj
                0x08001010                SysTick_Handler
 .text.HAL_MspInit
                0x0800101c       0x64 CMakeFiles/IIC_AT24C.dir/Core/Src/stm32f1xx_hal_msp.c.obj
                0x0800101c                HAL_MspInit
 .text.HAL_I2C_Init
                0x08001080      0x288 CMakeFiles/IIC_AT24C.dir/Drivers/STM32F1xx_HAL_Driver/Src/stm32f1xx_hal_i2c.c.obj
                0x08001080                HAL_I2C_Init
 .text.HAL_I2C_Master_Transmit
                0x08001308      0x1fc CMakeFiles/IIC_AT24C.dir/Drivers/STM32F1xx_HAL_Driver/Src/stm32f1xx_hal_i2c.c.obj
                0x08001308                HAL_I2C_Master_Transmit
 .text.HAL_I2C_Master_Receive
                0x08001504      0x4d8 CMakeFiles/IIC_AT24C.dir/Drivers/STM32F1xx_HAL_Driver/Src/stm32f1xx_hal_i2c.c.obj
                0x08001504                HAL_I2C_Master_Receive
 .text.I2C_MasterRequestWrite
                0x080019dc      0x104 CMakeFiles/IIC_AT24C.dir/Drivers/STM32F1xx_HAL_Driver/Src/stm32f1xx_hal_i2c.c.obj
 .text.I2C_MasterRequestRead
                0x08001ae0      0x19c CMakeFiles/IIC_AT24C.dir/Drivers/STM32F1xx_HAL_Driver/Src/stm32f1xx_hal_i2c.c.obj
 .text.I2C_WaitOnFlagUntilTimeout
                0x08001c7c       0xf4 CMakeFiles/IIC_AT24C.dir/Drivers/STM32F1xx_HAL_Driver/Src/stm32f1xx_hal_i2c.c.obj
 .text.I2C_WaitOnMasterAddressFlagUntilTimeout
                0x08001d70      0x140 CMakeFiles/IIC_AT24C.dir/Drivers/STM32F1xx_HAL_Driver/Src/stm32f1xx_hal_i2c.c.obj
 .text.I2C_WaitOnTXEFlagUntilTimeout
                0x08001eb0       0x90 CMakeFiles/IIC_AT24C.dir/Drivers/STM32F1xx_HAL_Driver/Src/stm32f1xx_hal_i2c.c.obj
 .text.I2C_WaitOnBTFFlagUntilTimeout
                0x08001f40       0x90 CMakeFiles/IIC_AT24C.dir/Drivers/STM32F1xx_HAL_Driver/Src/stm32f1xx_hal_i2c.c.obj
 .text.I2C_WaitOnRXNEFlagUntilTimeout
                0x08001fd0       0xba CMakeFiles/IIC_AT24C.dir/Drivers/STM32F1xx_HAL_Driver/Src/stm32f1xx_hal_i2c.c.obj
 .text.I2C_IsAcknowledgeFailed
                0x0800208a       0x5c CMakeFiles/IIC_AT24C.dir/Drivers/STM32F1xx_HAL_Driver/Src/stm32f1xx_hal_i2c.c.obj
 *fill*         0x080020e6        0x2 
 .text.HAL_Init
                0x080020e8       0x2c CMakeFiles/IIC_AT24C.dir/Drivers/STM32F1xx_HAL_Driver/Src/stm32f1xx_hal.c.obj
                0x080020e8                HAL_Init
 .text.HAL_InitTick
                0x08002114       0x60 CMakeFiles/IIC_AT24C.dir/Drivers/STM32F1xx_HAL_Driver/Src/stm32f1xx_hal.c.obj
                0x08002114                HAL_InitTick
 .text.HAL_IncTick
                0x08002174       0x24 CMakeFiles/IIC_AT24C.dir/Drivers/STM32F1xx_HAL_Driver/Src/stm32f1xx_hal.c.obj
                0x08002174                HAL_IncTick
 .text.HAL_GetTick
                0x08002198       0x14 CMakeFiles/IIC_AT24C.dir/Drivers/STM32F1xx_HAL_Driver/Src/stm32f1xx_hal.c.obj
                0x08002198                HAL_GetTick
 .text.HAL_Delay
                0x080021ac       0x48 CMakeFiles/IIC_AT24C.dir/Drivers/STM32F1xx_HAL_Driver/Src/stm32f1xx_hal.c.obj
                0x080021ac                HAL_Delay
 .text.HAL_RCC_OscConfig
                0x080021f4      0x504 CMakeFiles/IIC_AT24C.dir/Drivers/STM32F1xx_HAL_Driver/Src/stm32f1xx_hal_rcc.c.obj
                0x080021f4                HAL_RCC_OscConfig
 .text.HAL_RCC_ClockConfig
                0x080026f8      0x1d4 CMakeFiles/IIC_AT24C.dir/Drivers/STM32F1xx_HAL_Driver/Src/stm32f1xx_hal_rcc.c.obj
                0x080026f8                HAL_RCC_ClockConfig
 .text.HAL_RCC_GetSysClockFreq
                0x080028cc       0xa8 CMakeFiles/IIC_AT24C.dir/Drivers/STM32F1xx_HAL_Driver/Src/stm32f1xx_hal_rcc.c.obj
                0x080028cc                HAL_RCC_GetSysClockFreq
 .text.HAL_RCC_GetHCLKFreq
                0x08002974       0x14 CMakeFiles/IIC_AT24C.dir/Drivers/STM32F1xx_HAL_Driver/Src/stm32f1xx_hal_rcc.c.obj
                0x08002974                HAL_RCC_GetHCLKFreq
 .text.HAL_RCC_GetPCLK1Freq
                0x08002988       0x28 CMakeFiles/IIC_AT24C.dir/Drivers/STM32F1xx_HAL_Driver/Src/stm32f1xx_hal_rcc.c.obj
                0x08002988                HAL_RCC_GetPCLK1Freq
 .text.HAL_RCC_GetPCLK2Freq
                0x080029b0       0x28 CMakeFiles/IIC_AT24C.dir/Drivers/STM32F1xx_HAL_Driver/Src/stm32f1xx_hal_rcc.c.obj
                0x080029b0                HAL_RCC_GetPCLK2Freq
 .text.RCC_Delay
                0x080029d8       0x3c CMakeFiles/IIC_AT24C.dir/Drivers/STM32F1xx_HAL_Driver/Src/stm32f1xx_hal_rcc.c.obj
 .text.HAL_GPIO_Init
                0x08002a14      0x308 CMakeFiles/IIC_AT24C.dir/Drivers/STM32F1xx_HAL_Driver/Src/stm32f1xx_hal_gpio.c.obj
                0x08002a14                HAL_GPIO_Init
 .text.__NVIC_SetPriorityGrouping
                0x08002d1c       0x48 CMakeFiles/IIC_AT24C.dir/Drivers/STM32F1xx_HAL_Driver/Src/stm32f1xx_hal_cortex.c.obj
 .text.__NVIC_GetPriorityGrouping
                0x08002d64       0x1c CMakeFiles/IIC_AT24C.dir/Drivers/STM32F1xx_HAL_Driver/Src/stm32f1xx_hal_cortex.c.obj
 .text.__NVIC_SetPriority
                0x08002d80       0x54 CMakeFiles/IIC_AT24C.dir/Drivers/STM32F1xx_HAL_Driver/Src/stm32f1xx_hal_cortex.c.obj
 .text.NVIC_EncodePriority
                0x08002dd4       0x64 CMakeFiles/IIC_AT24C.dir/Drivers/STM32F1xx_HAL_Driver/Src/stm32f1xx_hal_cortex.c.obj
 .text.SysTick_Config
                0x08002e38       0x44 CMakeFiles/IIC_AT24C.dir/Drivers/STM32F1xx_HAL_Driver/Src/stm32f1xx_hal_cortex.c.obj
 .text.HAL_NVIC_SetPriorityGrouping
                0x08002e7c       0x16 CMakeFiles/IIC_AT24C.dir/Drivers/STM32F1xx_HAL_Driver/Src/stm32f1xx_hal_cortex.c.obj
                0x08002e7c                HAL_NVIC_SetPriorityGrouping
 .text.HAL_NVIC_SetPriority
                0x08002e92       0x38 CMakeFiles/IIC_AT24C.dir/Drivers/STM32F1xx_HAL_Driver/Src/stm32f1xx_hal_cortex.c.obj
                0x08002e92                HAL_NVIC_SetPriority
 .text.HAL_SYSTICK_Config
                0x08002eca       0x18 CMakeFiles/IIC_AT24C.dir/Drivers/STM32F1xx_HAL_Driver/Src/stm32f1xx_hal_cortex.c.obj
                0x08002eca                HAL_SYSTICK_Config
 .text.HAL_UART_Init
                0x08002ee2       0xa0 CMakeFiles/IIC_AT24C.dir/Drivers/STM32F1xx_HAL_Driver/Src/stm32f1xx_hal_uart.c.obj
                0x08002ee2                HAL_UART_Init
 .text.HAL_UART_Transmit
                0x08002f82      0x116 CMakeFiles/IIC_AT24C.dir/Drivers/STM32F1xx_HAL_Driver/Src/stm32f1xx_hal_uart.c.obj
                0x08002f82                HAL_UART_Transmit
 .text.UART_WaitOnFlagUntilTimeout
                0x08003098       0xb2 CMakeFiles/IIC_AT24C.dir/Drivers/STM32F1xx_HAL_Driver/Src/stm32f1xx_hal_uart.c.obj
 .text.UART_EndRxTransfer
                0x0800314a       0xc4 CMakeFiles/IIC_AT24C.dir/Drivers/STM32F1xx_HAL_Driver/Src/stm32f1xx_hal_uart.c.obj
 *fill*         0x0800320e        0x2 
 .text.UART_SetConfig
                0x08003210      0x11c CMakeFiles/IIC_AT24C.dir/Drivers/STM32F1xx_HAL_Driver/Src/stm32f1xx_hal_uart.c.obj
 .text.SystemInit
                0x0800332c        0xc CMakeFiles/IIC_AT24C.dir/Core/Src/system_stm32f1xx.c.obj
                0x0800332c                SystemInit
 .text._sbrk    0x08003338       0x6c CMakeFiles/IIC_AT24C.dir/Core/Src/sysmem.c.obj
                0x08003338                _sbrk
 .text._read    0x080033a4       0x3a CMakeFiles/IIC_AT24C.dir/Core/Src/syscalls.c.obj
                0x080033a4                _read
 .text._close   0x080033de       0x16 CMakeFiles/IIC_AT24C.dir/Core/Src/syscalls.c.obj
                0x080033de                _close
 .text._fstat   0x080033f4       0x1e CMakeFiles/IIC_AT24C.dir/Core/Src/syscalls.c.obj
                0x080033f4                _fstat
 .text._isatty  0x08003412       0x14 CMakeFiles/IIC_AT24C.dir/Core/Src/syscalls.c.obj
                0x08003412                _isatty
 .text._lseek   0x08003426       0x18 CMakeFiles/IIC_AT24C.dir/Core/Src/syscalls.c.obj
                0x08003426                _lseek
 *fill*         0x0800343e        0x2 
 .text.Reset_Handler
                0x08003440       0x48 CMakeFiles/IIC_AT24C.dir/startup_stm32f103xb.s.obj
                0x08003440                Reset_Handler
 .text.Default_Handler
                0x08003488        0x2 CMakeFiles/IIC_AT24C.dir/startup_stm32f103xb.s.obj
                0x08003488                RTC_Alarm_IRQHandler
                0x08003488                EXTI2_IRQHandler
                0x08003488                TIM1_CC_IRQHandler
                0x08003488                PVD_IRQHandler
                0x08003488                EXTI3_IRQHandler
                0x08003488                EXTI0_IRQHandler
                0x08003488                I2C2_EV_IRQHandler
                0x08003488                ADC1_2_IRQHandler
                0x08003488                SPI1_IRQHandler
                0x08003488                TAMPER_IRQHandler
                0x08003488                DMA1_Channel4_IRQHandler
                0x08003488                USART3_IRQHandler
                0x08003488                RTC_IRQHandler
                0x08003488                DMA1_Channel7_IRQHandler
                0x08003488                CAN1_RX1_IRQHandler
                0x08003488                TIM4_IRQHandler
                0x08003488                I2C1_EV_IRQHandler
                0x08003488                DMA1_Channel6_IRQHandler
                0x08003488                TIM3_IRQHandler
                0x08003488                RCC_IRQHandler
                0x08003488                TIM1_TRG_COM_IRQHandler
                0x08003488                DMA1_Channel1_IRQHandler
                0x08003488                Default_Handler
                0x08003488                EXTI15_10_IRQHandler
                0x08003488                EXTI9_5_IRQHandler
                0x08003488                SPI2_IRQHandler
                0x08003488                DMA1_Channel5_IRQHandler
                0x08003488                EXTI4_IRQHandler
                0x08003488                USB_LP_CAN1_RX0_IRQHandler
                0x08003488                USB_HP_CAN1_TX_IRQHandler
                0x08003488                DMA1_Channel3_IRQHandler
                0x08003488                TIM1_UP_IRQHandler
                0x08003488                WWDG_IRQHandler
                0x08003488                TIM2_IRQHandler
                0x08003488                TIM1_BRK_IRQHandler
                0x08003488                EXTI1_IRQHandler
                0x08003488                USART2_IRQHandler
                0x08003488                I2C2_ER_IRQHandler
                0x08003488                DMA1_Channel2_IRQHandler
                0x08003488                CAN1_SCE_IRQHandler
                0x08003488                FLASH_IRQHandler
                0x08003488                USART1_IRQHandler
                0x08003488                I2C1_ER_IRQHandler
                0x08003488                USBWakeUp_IRQHandler
 *fill*         0x0800348a        0x2 
 .text.printf   0x0800348c       0x24 C:/ST/STM32CubeCLT_1.17.0/GNU-tools-for-STM32/bin/../lib/gcc/arm-none-eabi/12.3.1/../../../../arm-none-eabi/lib/thumb/v7-m/nofp\libg_nano.a(libc_a-printf.o)
                0x0800348c                iprintf
                0x0800348c                printf
 .text._puts_r  0x080034b0       0xaa C:/ST/STM32CubeCLT_1.17.0/GNU-tools-for-STM32/bin/../lib/gcc/arm-none-eabi/12.3.1/../../../../arm-none-eabi/lib/thumb/v7-m/nofp\libg_nano.a(libc_a-puts.o)
                0x080034b0                _puts_r
 *fill*         0x0800355a        0x2 
 .text.puts     0x0800355c       0x10 C:/ST/STM32CubeCLT_1.17.0/GNU-tools-for-STM32/bin/../lib/gcc/arm-none-eabi/12.3.1/../../../../arm-none-eabi/lib/thumb/v7-m/nofp\libg_nano.a(libc_a-puts.o)
                0x0800355c                puts
 .text.__swbuf_r
                0x0800356c       0x7c C:/ST/STM32CubeCLT_1.17.0/GNU-tools-for-STM32/bin/../lib/gcc/arm-none-eabi/12.3.1/../../../../arm-none-eabi/lib/thumb/v7-m/nofp\libg_nano.a(libc_a-wbuf.o)
                0x0800356c                __swbuf_r
 .text.__swsetup_r
                0x080035e8       0xac C:/ST/STM32CubeCLT_1.17.0/GNU-tools-for-STM32/bin/../lib/gcc/arm-none-eabi/12.3.1/../../../../arm-none-eabi/lib/thumb/v7-m/nofp\libg_nano.a(libc_a-wsetup.o)
                0x080035e8                __swsetup_r
 .text.__errno  0x08003694        0xc C:/ST/STM32CubeCLT_1.17.0/GNU-tools-for-STM32/bin/../lib/gcc/arm-none-eabi/12.3.1/../../../../arm-none-eabi/lib/thumb/v7-m/nofp\libg_nano.a(libc_a-errno.o)
                0x08003694                __errno
 .text.__sfputc_r
                0x080036a0       0x2a C:/ST/STM32CubeCLT_1.17.0/GNU-tools-for-STM32/bin/../lib/gcc/arm-none-eabi/12.3.1/../../../../arm-none-eabi/lib/thumb/v7-m/nofp\libg_nano.a(libc_a-nano-vfprintf.o)
 .text.__sfputs_r
                0x080036ca       0x24 C:/ST/STM32CubeCLT_1.17.0/GNU-tools-for-STM32/bin/../lib/gcc/arm-none-eabi/12.3.1/../../../../arm-none-eabi/lib/thumb/v7-m/nofp\libg_nano.a(libc_a-nano-vfprintf.o)
                0x080036ca                __sfputs_r
 *fill*         0x080036ee        0x2 
 .text._vfprintf_r
                0x080036f0      0x230 C:/ST/STM32CubeCLT_1.17.0/GNU-tools-for-STM32/bin/../lib/gcc/arm-none-eabi/12.3.1/../../../../arm-none-eabi/lib/thumb/v7-m/nofp\libg_nano.a(libc_a-nano-vfprintf.o)
                0x080036f0                _vfprintf_r
                0x080036f0                _vfiprintf_r
 .text._printf_common
                0x08003920       0xe4 C:/ST/STM32CubeCLT_1.17.0/GNU-tools-for-STM32/bin/../lib/gcc/arm-none-eabi/12.3.1/../../../../arm-none-eabi/lib/thumb/v7-m/nofp\libg_nano.a(libc_a-nano-vfprintf_i.o)
                0x08003920                _printf_common
 .text._printf_i
                0x08003a04      0x240 C:/ST/STM32CubeCLT_1.17.0/GNU-tools-for-STM32/bin/../lib/gcc/arm-none-eabi/12.3.1/../../../../arm-none-eabi/lib/thumb/v7-m/nofp\libg_nano.a(libc_a-nano-vfprintf_i.o)
                0x08003a04                _printf_i
 .text.__swhatbuf_r
                0x08003c44       0x4a C:/ST/STM32CubeCLT_1.17.0/GNU-tools-for-STM32/bin/../lib/gcc/arm-none-eabi/12.3.1/../../../../arm-none-eabi/lib/thumb/v7-m/nofp\libg_nano.a(libc_a-makebuf.o)
                0x08003c44                __swhatbuf_r
 .text.__smakebuf_r
                0x08003c8e       0x78 C:/ST/STM32CubeCLT_1.17.0/GNU-tools-for-STM32/bin/../lib/gcc/arm-none-eabi/12.3.1/../../../../arm-none-eabi/lib/thumb/v7-m/nofp\libg_nano.a(libc_a-makebuf.o)
                0x08003c8e                __smakebuf_r
 *fill*         0x08003d06        0x2 
 .text._fstat_r
                0x08003d08       0x24 C:/ST/STM32CubeCLT_1.17.0/GNU-tools-for-STM32/bin/../lib/gcc/arm-none-eabi/12.3.1/../../../../arm-none-eabi/lib/thumb/v7-m/nofp\libg_nano.a(libc_a-fstatr.o)
                0x08003d08                _fstat_r
 .text._isatty_r
                0x08003d2c       0x20 C:/ST/STM32CubeCLT_1.17.0/GNU-tools-for-STM32/bin/../lib/gcc/arm-none-eabi/12.3.1/../../../../arm-none-eabi/lib/thumb/v7-m/nofp\libg_nano.a(libc_a-isattyr.o)
                0x08003d2c                _isatty_r
 .text.memchr   0x08003d4c       0x1c C:/ST/STM32CubeCLT_1.17.0/GNU-tools-for-STM32/bin/../lib/gcc/arm-none-eabi/12.3.1/../../../../arm-none-eabi/lib/thumb/v7-m/nofp\libg_nano.a(libc_a-memchr-stub.o)
                0x08003d4c                memchr
 *(.glue_7)
 .glue_7        0x08003d68        0x0 linker stubs
 *(.glue_7t)
 .glue_7t       0x08003d68        0x0 linker stubs
 *(.eh_frame)
 .eh_frame      0x08003d68        0x0 C:/ST/STM32CubeCLT_1.17.0/GNU-tools-for-STM32/bin/../lib/gcc/arm-none-eabi/12.3.1/thumb/v7-m/nofp/crtbegin.o
 *(.init)
 .init          0x08003d68        0x4 C:/ST/STM32CubeCLT_1.17.0/GNU-tools-for-STM32/bin/../lib/gcc/arm-none-eabi/12.3.1/thumb/v7-m/nofp/crti.o
                0x08003d68                _init
 .init          0x08003d6c        0x8 C:/ST/STM32CubeCLT_1.17.0/GNU-tools-for-STM32/bin/../lib/gcc/arm-none-eabi/12.3.1/thumb/v7-m/nofp/crtn.o
 *(.fini)
 .fini          0x08003d74        0x4 C:/ST/STM32CubeCLT_1.17.0/GNU-tools-for-STM32/bin/../lib/gcc/arm-none-eabi/12.3.1/thumb/v7-m/nofp/crti.o
                0x08003d74                _fini
 .fini          0x08003d78        0x8 C:/ST/STM32CubeCLT_1.17.0/GNU-tools-for-STM32/bin/../lib/gcc/arm-none-eabi/12.3.1/thumb/v7-m/nofp/crtn.o
                0x08003d80                        . = ALIGN (0x4)
                0x08003d80                        _etext = .

.vfp11_veneer   0x08003d80        0x0
 .vfp11_veneer  0x08003d80        0x0 linker stubs

.v4_bx          0x08003d80        0x0
 .v4_bx         0x08003d80        0x0 linker stubs

.iplt           0x08003d80        0x0
 .iplt          0x08003d80        0x0 C:/ST/STM32CubeCLT_1.17.0/GNU-tools-for-STM32/bin/../lib/gcc/arm-none-eabi/12.3.1/thumb/v7-m/nofp/crtbegin.o

.rodata         0x08003d80      0x214
                0x08003d80                        . = ALIGN (0x4)
 *(.rodata)
 .rodata        0x08003d80       0x21 CMakeFiles/IIC_AT24C.dir/User/mcu_peripheral_bsp/src/bsp_i2c.c.obj
 *fill*         0x08003da1        0x3 
 .rodata        0x08003da4       0xbb CMakeFiles/IIC_AT24C.dir/User/at24c256.c.obj
 *fill*         0x08003e5f        0x1 
 .rodata        0x08003e60       0xd1 CMakeFiles/IIC_AT24C.dir/Core/Src/main.c.obj
 *(.rodata*)
 *fill*         0x08003f31        0x3 
 .rodata.aPLLMULFactorTable.1
                0x08003f34       0x10 CMakeFiles/IIC_AT24C.dir/Drivers/STM32F1xx_HAL_Driver/Src/stm32f1xx_hal_rcc.c.obj
 .rodata.aPredivFactorTable.0
                0x08003f44        0x2 CMakeFiles/IIC_AT24C.dir/Drivers/STM32F1xx_HAL_Driver/Src/stm32f1xx_hal_rcc.c.obj
 *fill*         0x08003f46        0x2 
 .rodata.AHBPrescTable
                0x08003f48       0x10 CMakeFiles/IIC_AT24C.dir/Core/Src/system_stm32f1xx.c.obj
                0x08003f48                AHBPrescTable
 .rodata.APBPrescTable
                0x08003f58        0x8 CMakeFiles/IIC_AT24C.dir/Core/Src/system_stm32f1xx.c.obj
                0x08003f58                APBPrescTable
 .rodata._vfprintf_r.str1.1
                0x08003f60       0x11 C:/ST/STM32CubeCLT_1.17.0/GNU-tools-for-STM32/bin/../lib/gcc/arm-none-eabi/12.3.1/../../../../arm-none-eabi/lib/thumb/v7-m/nofp\libg_nano.a(libc_a-nano-vfprintf.o)
 .rodata._printf_i.str1.1
                0x08003f71       0x22 C:/ST/STM32CubeCLT_1.17.0/GNU-tools-for-STM32/bin/../lib/gcc/arm-none-eabi/12.3.1/../../../../arm-none-eabi/lib/thumb/v7-m/nofp\libg_nano.a(libc_a-nano-vfprintf_i.o)
                0x08003f94                        . = ALIGN (0x4)
 *fill*         0x08003f93        0x1 

.rel.dyn        0x08003f94        0x0
 .rel.iplt      0x08003f94        0x0 C:/ST/STM32CubeCLT_1.17.0/GNU-tools-for-STM32/bin/../lib/gcc/arm-none-eabi/12.3.1/thumb/v7-m/nofp/crtbegin.o

.ARM.extab
 *(.ARM.extab* .gnu.linkonce.armextab.*)

.ARM            0x08003f94        0x0
                0x08003f94                        __exidx_start = .
 *(.ARM.exidx*)
                0x08003f94                        __exidx_end = .

.preinit_array  0x08003f94        0x0
                0x08003f94                        PROVIDE (__preinit_array_start = .)
 *(.preinit_array*)
                0x08003f94                        PROVIDE (__preinit_array_end = .)

.init_array     0x08003f94        0x4
                0x08003f94                        PROVIDE (__init_array_start = .)
 *(SORT_BY_NAME(.init_array.*))
 *(.init_array*)
 .init_array    0x08003f94        0x4 C:/ST/STM32CubeCLT_1.17.0/GNU-tools-for-STM32/bin/../lib/gcc/arm-none-eabi/12.3.1/thumb/v7-m/nofp/crtbegin.o
                0x08003f98                        PROVIDE (__init_array_end = .)

.fini_array     0x08003f98        0x4
                [!provide]                        PROVIDE (__fini_array_start = .)
 *(SORT_BY_NAME(.fini_array.*))
 *(.fini_array*)
 .fini_array    0x08003f98        0x4 C:/ST/STM32CubeCLT_1.17.0/GNU-tools-for-STM32/bin/../lib/gcc/arm-none-eabi/12.3.1/thumb/v7-m/nofp/crtbegin.o
                [!provide]                        PROVIDE (__fini_array_end = .)
                0x08003f9c                        _sidata = LOADADDR (.data)

.data           0x20000000       0x68 load address 0x08003f9c
                0x20000000                        . = ALIGN (0x4)
                0x20000000                        _sdata = .
 *(.data)
 *(.data*)
 .data.__sglue  0x20000000        0xc C:/ST/STM32CubeCLT_1.17.0/GNU-tools-for-STM32/bin/../lib/gcc/arm-none-eabi/12.3.1/../../../../arm-none-eabi/lib/thumb/v7-m/nofp\libc_nano.a(libc_a-findfp.o)
                0x20000000                __sglue
 .data._impure_ptr
                0x2000000c        0x4 C:/ST/STM32CubeCLT_1.17.0/GNU-tools-for-STM32/bin/../lib/gcc/arm-none-eabi/12.3.1/../../../../arm-none-eabi/lib/thumb/v7-m/nofp\libc_nano.a(libc_a-impure.o)
                0x2000000c                _impure_ptr
 .data._impure_data
                0x20000010       0x4c C:/ST/STM32CubeCLT_1.17.0/GNU-tools-for-STM32/bin/../lib/gcc/arm-none-eabi/12.3.1/../../../../arm-none-eabi/lib/thumb/v7-m/nofp\libc_nano.a(libc_a-impure.o)
                0x20000010                _impure_data
 .data.uwTickPrio
                0x2000005c        0x4 CMakeFiles/IIC_AT24C.dir/Drivers/STM32F1xx_HAL_Driver/Src/stm32f1xx_hal.c.obj
                0x2000005c                uwTickPrio
 .data.uwTickFreq
                0x20000060        0x1 CMakeFiles/IIC_AT24C.dir/Drivers/STM32F1xx_HAL_Driver/Src/stm32f1xx_hal.c.obj
                0x20000060                uwTickFreq
 *fill*         0x20000061        0x3 
 .data.SystemCoreClock
                0x20000064        0x4 CMakeFiles/IIC_AT24C.dir/Core/Src/system_stm32f1xx.c.obj
                0x20000064                SystemCoreClock
                0x20000068                        . = ALIGN (0x4)
                0x20000068                        _edata = .

.igot.plt       0x20000068        0x0 load address 0x08004004
 .igot.plt      0x20000068        0x0 C:/ST/STM32CubeCLT_1.17.0/GNU-tools-for-STM32/bin/../lib/gcc/arm-none-eabi/12.3.1/thumb/v7-m/nofp/crtbegin.o
                0x20000068                        . = ALIGN (0x4)

.bss            0x20000068      0x20c load address 0x08004004
                0x20000068                        _sbss = .
                0x20000068                        __bss_start__ = _sbss
 *(.bss)
 .bss           0x20000068       0x1c C:/ST/STM32CubeCLT_1.17.0/GNU-tools-for-STM32/bin/../lib/gcc/arm-none-eabi/12.3.1/thumb/v7-m/nofp/crtbegin.o
 *(.bss*)
 .bss.__sf      0x20000084      0x138 C:/ST/STM32CubeCLT_1.17.0/GNU-tools-for-STM32/bin/../lib/gcc/arm-none-eabi/12.3.1/../../../../arm-none-eabi/lib/thumb/v7-m/nofp\libc_nano.a(libc_a-findfp.o)
                0x20000084                __sf
 .bss.__stdio_exit_handler
                0x200001bc        0x4 C:/ST/STM32CubeCLT_1.17.0/GNU-tools-for-STM32/bin/../lib/gcc/arm-none-eabi/12.3.1/../../../../arm-none-eabi/lib/thumb/v7-m/nofp\libc_nano.a(libc_a-findfp.o)
                0x200001bc                __stdio_exit_handler
 .bss.errno     0x200001c0        0x4 C:/ST/STM32CubeCLT_1.17.0/GNU-tools-for-STM32/bin/../lib/gcc/arm-none-eabi/12.3.1/../../../../arm-none-eabi/lib/thumb/v7-m/nofp\libc_nano.a(libc_a-reent.o)
                0x200001c0                errno
 .bss.__lock___malloc_recursive_mutex
                0x200001c4        0x1 C:/ST/STM32CubeCLT_1.17.0/GNU-tools-for-STM32/bin/../lib/gcc/arm-none-eabi/12.3.1/../../../../arm-none-eabi/lib/thumb/v7-m/nofp\libc_nano.a(libc_a-lock.o)
                0x200001c4                __lock___malloc_recursive_mutex
 .bss.__lock___sfp_recursive_mutex
                0x200001c5        0x1 C:/ST/STM32CubeCLT_1.17.0/GNU-tools-for-STM32/bin/../lib/gcc/arm-none-eabi/12.3.1/../../../../arm-none-eabi/lib/thumb/v7-m/nofp\libc_nano.a(libc_a-lock.o)
                0x200001c5                __lock___sfp_recursive_mutex
 *fill*         0x200001c6        0x2 
 .bss.__malloc_sbrk_start
                0x200001c8        0x4 C:/ST/STM32CubeCLT_1.17.0/GNU-tools-for-STM32/bin/../lib/gcc/arm-none-eabi/12.3.1/../../../../arm-none-eabi/lib/thumb/v7-m/nofp\libc_nano.a(libc_a-mallocr.o)
                0x200001c8                __malloc_sbrk_start
 .bss.__malloc_free_list
                0x200001cc        0x4 C:/ST/STM32CubeCLT_1.17.0/GNU-tools-for-STM32/bin/../lib/gcc/arm-none-eabi/12.3.1/../../../../arm-none-eabi/lib/thumb/v7-m/nofp\libc_nano.a(libc_a-mallocr.o)
                0x200001cc                __malloc_free_list
 .bss.hi2c1     0x200001d0       0x54 CMakeFiles/IIC_AT24C.dir/Core/Src/i2c.c.obj
                0x200001d0                hi2c1
 .bss.huart1    0x20000224       0x48 CMakeFiles/IIC_AT24C.dir/Core/Src/usart.c.obj
                0x20000224                huart1
 .bss.uwTick    0x2000026c        0x4 CMakeFiles/IIC_AT24C.dir/Drivers/STM32F1xx_HAL_Driver/Src/stm32f1xx_hal.c.obj
                0x2000026c                uwTick
 .bss.__sbrk_heap_end
                0x20000270        0x4 CMakeFiles/IIC_AT24C.dir/Core/Src/sysmem.c.obj
 *(COMMON)
                0x20000274                        . = ALIGN (0x4)
                0x20000274                        _ebss = .
                0x20000274                        __bss_end__ = _ebss

._user_heap_stack
                0x20000274      0x604 load address 0x08004004
                0x20000278                        . = ALIGN (0x8)
 *fill*         0x20000274        0x4 
                [!provide]                        PROVIDE (end = .)
                0x20000278                        PROVIDE (_end = .)
                0x20000478                        . = (. + _Min_Heap_Size)
 *fill*         0x20000278      0x200 
                0x20000878                        . = (. + _Min_Stack_Size)
 *fill*         0x20000478      0x400 
                0x20000878                        . = ALIGN (0x8)

/DISCARD/
 libc.a(*)
 libm.a(*)
 libgcc.a(*)
OUTPUT(IIC_AT24C.elf elf32-littlearm)
LOAD linker stubs
LOAD C:/ST/STM32CubeCLT_1.17.0/GNU-tools-for-STM32/bin/../lib/gcc/arm-none-eabi/12.3.1/../../../../arm-none-eabi/lib/thumb/v7-m/nofp\libc.a
LOAD C:/ST/STM32CubeCLT_1.17.0/GNU-tools-for-STM32/bin/../lib/gcc/arm-none-eabi/12.3.1/../../../../arm-none-eabi/lib/thumb/v7-m/nofp\libm.a
LOAD C:/ST/STM32CubeCLT_1.17.0/GNU-tools-for-STM32/bin/../lib/gcc/arm-none-eabi/12.3.1/thumb/v7-m/nofp\libgcc.a

.ARM.attributes
                0x00000000       0x29
 .ARM.attributes
                0x00000000       0x1d C:/ST/STM32CubeCLT_1.17.0/GNU-tools-for-STM32/bin/../lib/gcc/arm-none-eabi/12.3.1/thumb/v7-m/nofp/crti.o
 .ARM.attributes
                0x0000001d       0x2d C:/ST/STM32CubeCLT_1.17.0/GNU-tools-for-STM32/bin/../lib/gcc/arm-none-eabi/12.3.1/thumb/v7-m/nofp/crtbegin.o
 .ARM.attributes
                0x0000004a       0x2d C:/ST/STM32CubeCLT_1.17.0/GNU-tools-for-STM32/bin/../lib/gcc/arm-none-eabi/12.3.1/../../../../arm-none-eabi/lib/thumb/v7-m/nofp\libc_nano.a(libc_a-findfp.o)
 .ARM.attributes
                0x00000077       0x2d C:/ST/STM32CubeCLT_1.17.0/GNU-tools-for-STM32/bin/../lib/gcc/arm-none-eabi/12.3.1/../../../../arm-none-eabi/lib/thumb/v7-m/nofp\libc_nano.a(libc_a-fwalk.o)
 .ARM.attributes
                0x000000a4       0x2d C:/ST/STM32CubeCLT_1.17.0/GNU-tools-for-STM32/bin/../lib/gcc/arm-none-eabi/12.3.1/../../../../arm-none-eabi/lib/thumb/v7-m/nofp\libc_nano.a(libc_a-stdio.o)
 .ARM.attributes
                0x000000d1       0x2d C:/ST/STM32CubeCLT_1.17.0/GNU-tools-for-STM32/bin/../lib/gcc/arm-none-eabi/12.3.1/../../../../arm-none-eabi/lib/thumb/v7-m/nofp\libc_nano.a(libc_a-memset.o)
 .ARM.attributes
                0x000000fe       0x2d C:/ST/STM32CubeCLT_1.17.0/GNU-tools-for-STM32/bin/../lib/gcc/arm-none-eabi/12.3.1/../../../../arm-none-eabi/lib/thumb/v7-m/nofp\libc_nano.a(libc_a-closer.o)
 .ARM.attributes
                0x0000012b       0x2d C:/ST/STM32CubeCLT_1.17.0/GNU-tools-for-STM32/bin/../lib/gcc/arm-none-eabi/12.3.1/../../../../arm-none-eabi/lib/thumb/v7-m/nofp\libc_nano.a(libc_a-reent.o)
 .ARM.attributes
                0x00000158       0x2d C:/ST/STM32CubeCLT_1.17.0/GNU-tools-for-STM32/bin/../lib/gcc/arm-none-eabi/12.3.1/../../../../arm-none-eabi/lib/thumb/v7-m/nofp\libc_nano.a(libc_a-impure.o)
 .ARM.attributes
                0x00000185       0x2d C:/ST/STM32CubeCLT_1.17.0/GNU-tools-for-STM32/bin/../lib/gcc/arm-none-eabi/12.3.1/../../../../arm-none-eabi/lib/thumb/v7-m/nofp\libc_nano.a(libc_a-lseekr.o)
 .ARM.attributes
                0x000001b2       0x2d C:/ST/STM32CubeCLT_1.17.0/GNU-tools-for-STM32/bin/../lib/gcc/arm-none-eabi/12.3.1/../../../../arm-none-eabi/lib/thumb/v7-m/nofp\libc_nano.a(libc_a-readr.o)
 .ARM.attributes
                0x000001df       0x2d C:/ST/STM32CubeCLT_1.17.0/GNU-tools-for-STM32/bin/../lib/gcc/arm-none-eabi/12.3.1/../../../../arm-none-eabi/lib/thumb/v7-m/nofp\libc_nano.a(libc_a-writer.o)
 .ARM.attributes
                0x0000020c       0x2d C:/ST/STM32CubeCLT_1.17.0/GNU-tools-for-STM32/bin/../lib/gcc/arm-none-eabi/12.3.1/../../../../arm-none-eabi/lib/thumb/v7-m/nofp\libc_nano.a(libc_a-init.o)
 .ARM.attributes
                0x00000239       0x2d C:/ST/STM32CubeCLT_1.17.0/GNU-tools-for-STM32/bin/../lib/gcc/arm-none-eabi/12.3.1/../../../../arm-none-eabi/lib/thumb/v7-m/nofp\libc_nano.a(libc_a-lock.o)
 .ARM.attributes
                0x00000266       0x2d C:/ST/STM32CubeCLT_1.17.0/GNU-tools-for-STM32/bin/../lib/gcc/arm-none-eabi/12.3.1/../../../../arm-none-eabi/lib/thumb/v7-m/nofp\libc_nano.a(libc_a-freer.o)
 .ARM.attributes
                0x00000293       0x2d C:/ST/STM32CubeCLT_1.17.0/GNU-tools-for-STM32/bin/../lib/gcc/arm-none-eabi/12.3.1/../../../../arm-none-eabi/lib/thumb/v7-m/nofp\libc_nano.a(libc_a-mallocr.o)
 .ARM.attributes
                0x000002c0       0x2d C:/ST/STM32CubeCLT_1.17.0/GNU-tools-for-STM32/bin/../lib/gcc/arm-none-eabi/12.3.1/../../../../arm-none-eabi/lib/thumb/v7-m/nofp\libc_nano.a(libc_a-mlock.o)
 .ARM.attributes
                0x000002ed       0x2d C:/ST/STM32CubeCLT_1.17.0/GNU-tools-for-STM32/bin/../lib/gcc/arm-none-eabi/12.3.1/../../../../arm-none-eabi/lib/thumb/v7-m/nofp\libc_nano.a(libc_a-fflush.o)
 .ARM.attributes
                0x0000031a       0x2d C:/ST/STM32CubeCLT_1.17.0/GNU-tools-for-STM32/bin/../lib/gcc/arm-none-eabi/12.3.1/../../../../arm-none-eabi/lib/thumb/v7-m/nofp\libc_nano.a(libc_a-sbrkr.o)
 .ARM.attributes
                0x00000347       0x2d CMakeFiles/IIC_AT24C.dir/User/mcu_peripheral_bsp/src/bsp_i2c.c.obj
 .ARM.attributes
                0x00000374       0x2d CMakeFiles/IIC_AT24C.dir/User/at24c256.c.obj
 .ARM.attributes
                0x000003a1       0x2d CMakeFiles/IIC_AT24C.dir/Core/Src/main.c.obj
 .ARM.attributes
                0x000003ce       0x2d CMakeFiles/IIC_AT24C.dir/Core/Src/gpio.c.obj
 .ARM.attributes
                0x000003fb       0x2d CMakeFiles/IIC_AT24C.dir/Core/Src/i2c.c.obj
 .ARM.attributes
                0x00000428       0x2d CMakeFiles/IIC_AT24C.dir/Core/Src/usart.c.obj
 .ARM.attributes
                0x00000455       0x2d CMakeFiles/IIC_AT24C.dir/Core/Src/stm32f1xx_it.c.obj
 .ARM.attributes
                0x00000482       0x2d CMakeFiles/IIC_AT24C.dir/Core/Src/stm32f1xx_hal_msp.c.obj
 .ARM.attributes
                0x000004af       0x2d CMakeFiles/IIC_AT24C.dir/Drivers/STM32F1xx_HAL_Driver/Src/stm32f1xx_hal_i2c.c.obj
 .ARM.attributes
                0x000004dc       0x2d CMakeFiles/IIC_AT24C.dir/Drivers/STM32F1xx_HAL_Driver/Src/stm32f1xx_hal.c.obj
 .ARM.attributes
                0x00000509       0x2d CMakeFiles/IIC_AT24C.dir/Drivers/STM32F1xx_HAL_Driver/Src/stm32f1xx_hal_rcc.c.obj
 .ARM.attributes
                0x00000536       0x2d CMakeFiles/IIC_AT24C.dir/Drivers/STM32F1xx_HAL_Driver/Src/stm32f1xx_hal_gpio.c.obj
 .ARM.attributes
                0x00000563       0x2d CMakeFiles/IIC_AT24C.dir/Drivers/STM32F1xx_HAL_Driver/Src/stm32f1xx_hal_cortex.c.obj
 .ARM.attributes
                0x00000590       0x2d CMakeFiles/IIC_AT24C.dir/Drivers/STM32F1xx_HAL_Driver/Src/stm32f1xx_hal_uart.c.obj
 .ARM.attributes
                0x000005bd       0x2d CMakeFiles/IIC_AT24C.dir/Core/Src/system_stm32f1xx.c.obj
 .ARM.attributes
                0x000005ea       0x2d CMakeFiles/IIC_AT24C.dir/Core/Src/sysmem.c.obj
 .ARM.attributes
                0x00000617       0x2d CMakeFiles/IIC_AT24C.dir/Core/Src/syscalls.c.obj
 .ARM.attributes
                0x00000644       0x21 CMakeFiles/IIC_AT24C.dir/startup_stm32f103xb.s.obj
 .ARM.attributes
                0x00000665       0x2d C:/ST/STM32CubeCLT_1.17.0/GNU-tools-for-STM32/bin/../lib/gcc/arm-none-eabi/12.3.1/../../../../arm-none-eabi/lib/thumb/v7-m/nofp\libg_nano.a(libc_a-printf.o)
 .ARM.attributes
                0x00000692       0x2d C:/ST/STM32CubeCLT_1.17.0/GNU-tools-for-STM32/bin/../lib/gcc/arm-none-eabi/12.3.1/../../../../arm-none-eabi/lib/thumb/v7-m/nofp\libg_nano.a(libc_a-puts.o)
 .ARM.attributes
                0x000006bf       0x2d C:/ST/STM32CubeCLT_1.17.0/GNU-tools-for-STM32/bin/../lib/gcc/arm-none-eabi/12.3.1/../../../../arm-none-eabi/lib/thumb/v7-m/nofp\libg_nano.a(libc_a-wbuf.o)
 .ARM.attributes
                0x000006ec       0x2d C:/ST/STM32CubeCLT_1.17.0/GNU-tools-for-STM32/bin/../lib/gcc/arm-none-eabi/12.3.1/../../../../arm-none-eabi/lib/thumb/v7-m/nofp\libg_nano.a(libc_a-wsetup.o)
 .ARM.attributes
                0x00000719       0x2d C:/ST/STM32CubeCLT_1.17.0/GNU-tools-for-STM32/bin/../lib/gcc/arm-none-eabi/12.3.1/../../../../arm-none-eabi/lib/thumb/v7-m/nofp\libg_nano.a(libc_a-errno.o)
 .ARM.attributes
                0x00000746       0x2d C:/ST/STM32CubeCLT_1.17.0/GNU-tools-for-STM32/bin/../lib/gcc/arm-none-eabi/12.3.1/../../../../arm-none-eabi/lib/thumb/v7-m/nofp\libg_nano.a(libc_a-nano-vfprintf.o)
 .ARM.attributes
                0x00000773       0x2d C:/ST/STM32CubeCLT_1.17.0/GNU-tools-for-STM32/bin/../lib/gcc/arm-none-eabi/12.3.1/../../../../arm-none-eabi/lib/thumb/v7-m/nofp\libg_nano.a(libc_a-nano-vfprintf_i.o)
 .ARM.attributes
                0x000007a0       0x2d C:/ST/STM32CubeCLT_1.17.0/GNU-tools-for-STM32/bin/../lib/gcc/arm-none-eabi/12.3.1/../../../../arm-none-eabi/lib/thumb/v7-m/nofp\libg_nano.a(libc_a-makebuf.o)
 .ARM.attributes
                0x000007cd       0x2d C:/ST/STM32CubeCLT_1.17.0/GNU-tools-for-STM32/bin/../lib/gcc/arm-none-eabi/12.3.1/../../../../arm-none-eabi/lib/thumb/v7-m/nofp\libg_nano.a(libc_a-fstatr.o)
 .ARM.attributes
                0x000007fa       0x2d C:/ST/STM32CubeCLT_1.17.0/GNU-tools-for-STM32/bin/../lib/gcc/arm-none-eabi/12.3.1/../../../../arm-none-eabi/lib/thumb/v7-m/nofp\libg_nano.a(libc_a-isattyr.o)
 .ARM.attributes
                0x00000827       0x2d C:/ST/STM32CubeCLT_1.17.0/GNU-tools-for-STM32/bin/../lib/gcc/arm-none-eabi/12.3.1/../../../../arm-none-eabi/lib/thumb/v7-m/nofp\libg_nano.a(libc_a-memchr-stub.o)
 .ARM.attributes
                0x00000854       0x1d C:/ST/STM32CubeCLT_1.17.0/GNU-tools-for-STM32/bin/../lib/gcc/arm-none-eabi/12.3.1/thumb/v7-m/nofp/crtn.o

.comment        0x00000000       0x43
 .comment       0x00000000       0x43 CMakeFiles/IIC_AT24C.dir/User/mcu_peripheral_bsp/src/bsp_i2c.c.obj
                                 0x44 (size before relaxing)
 .comment       0x00000043       0x44 CMakeFiles/IIC_AT24C.dir/User/at24c256.c.obj
 .comment       0x00000043       0x44 CMakeFiles/IIC_AT24C.dir/Core/Src/main.c.obj
 .comment       0x00000043       0x44 CMakeFiles/IIC_AT24C.dir/Core/Src/gpio.c.obj
 .comment       0x00000043       0x44 CMakeFiles/IIC_AT24C.dir/Core/Src/i2c.c.obj
 .comment       0x00000043       0x44 CMakeFiles/IIC_AT24C.dir/Core/Src/usart.c.obj
 .comment       0x00000043       0x44 CMakeFiles/IIC_AT24C.dir/Core/Src/stm32f1xx_it.c.obj
 .comment       0x00000043       0x44 CMakeFiles/IIC_AT24C.dir/Core/Src/stm32f1xx_hal_msp.c.obj
 .comment       0x00000043       0x44 CMakeFiles/IIC_AT24C.dir/Drivers/STM32F1xx_HAL_Driver/Src/stm32f1xx_hal_i2c.c.obj
 .comment       0x00000043       0x44 CMakeFiles/IIC_AT24C.dir/Drivers/STM32F1xx_HAL_Driver/Src/stm32f1xx_hal.c.obj
 .comment       0x00000043       0x44 CMakeFiles/IIC_AT24C.dir/Drivers/STM32F1xx_HAL_Driver/Src/stm32f1xx_hal_rcc.c.obj
 .comment       0x00000043       0x44 CMakeFiles/IIC_AT24C.dir/Drivers/STM32F1xx_HAL_Driver/Src/stm32f1xx_hal_gpio.c.obj
 .comment       0x00000043       0x44 CMakeFiles/IIC_AT24C.dir/Drivers/STM32F1xx_HAL_Driver/Src/stm32f1xx_hal_cortex.c.obj
 .comment       0x00000043       0x44 CMakeFiles/IIC_AT24C.dir/Drivers/STM32F1xx_HAL_Driver/Src/stm32f1xx_hal_uart.c.obj
 .comment       0x00000043       0x44 CMakeFiles/IIC_AT24C.dir/Core/Src/system_stm32f1xx.c.obj
 .comment       0x00000043       0x44 CMakeFiles/IIC_AT24C.dir/Core/Src/sysmem.c.obj
 .comment       0x00000043       0x44 CMakeFiles/IIC_AT24C.dir/Core/Src/syscalls.c.obj
 .comment       0x00000043       0x44 C:/ST/STM32CubeCLT_1.17.0/GNU-tools-for-STM32/bin/../lib/gcc/arm-none-eabi/12.3.1/../../../../arm-none-eabi/lib/thumb/v7-m/nofp\libg_nano.a(libc_a-printf.o)
 .comment       0x00000043       0x44 C:/ST/STM32CubeCLT_1.17.0/GNU-tools-for-STM32/bin/../lib/gcc/arm-none-eabi/12.3.1/../../../../arm-none-eabi/lib/thumb/v7-m/nofp\libg_nano.a(libc_a-puts.o)
 .comment       0x00000043       0x44 C:/ST/STM32CubeCLT_1.17.0/GNU-tools-for-STM32/bin/../lib/gcc/arm-none-eabi/12.3.1/../../../../arm-none-eabi/lib/thumb/v7-m/nofp\libg_nano.a(libc_a-wbuf.o)
 .comment       0x00000043       0x44 C:/ST/STM32CubeCLT_1.17.0/GNU-tools-for-STM32/bin/../lib/gcc/arm-none-eabi/12.3.1/../../../../arm-none-eabi/lib/thumb/v7-m/nofp\libg_nano.a(libc_a-wsetup.o)
 .comment       0x00000043       0x44 C:/ST/STM32CubeCLT_1.17.0/GNU-tools-for-STM32/bin/../lib/gcc/arm-none-eabi/12.3.1/../../../../arm-none-eabi/lib/thumb/v7-m/nofp\libg_nano.a(libc_a-errno.o)
 .comment       0x00000043       0x44 C:/ST/STM32CubeCLT_1.17.0/GNU-tools-for-STM32/bin/../lib/gcc/arm-none-eabi/12.3.1/../../../../arm-none-eabi/lib/thumb/v7-m/nofp\libg_nano.a(libc_a-nano-vfprintf.o)
 .comment       0x00000043       0x44 C:/ST/STM32CubeCLT_1.17.0/GNU-tools-for-STM32/bin/../lib/gcc/arm-none-eabi/12.3.1/../../../../arm-none-eabi/lib/thumb/v7-m/nofp\libg_nano.a(libc_a-nano-vfprintf_i.o)
 .comment       0x00000043       0x44 C:/ST/STM32CubeCLT_1.17.0/GNU-tools-for-STM32/bin/../lib/gcc/arm-none-eabi/12.3.1/../../../../arm-none-eabi/lib/thumb/v7-m/nofp\libg_nano.a(libc_a-makebuf.o)
 .comment       0x00000043       0x44 C:/ST/STM32CubeCLT_1.17.0/GNU-tools-for-STM32/bin/../lib/gcc/arm-none-eabi/12.3.1/../../../../arm-none-eabi/lib/thumb/v7-m/nofp\libg_nano.a(libc_a-fstatr.o)
 .comment       0x00000043       0x44 C:/ST/STM32CubeCLT_1.17.0/GNU-tools-for-STM32/bin/../lib/gcc/arm-none-eabi/12.3.1/../../../../arm-none-eabi/lib/thumb/v7-m/nofp\libg_nano.a(libc_a-isattyr.o)
 .comment       0x00000043       0x44 C:/ST/STM32CubeCLT_1.17.0/GNU-tools-for-STM32/bin/../lib/gcc/arm-none-eabi/12.3.1/../../../../arm-none-eabi/lib/thumb/v7-m/nofp\libg_nano.a(libc_a-memchr-stub.o)

.debug_frame    0x00000000     0x3014
 .debug_frame   0x00000000      0x144 C:/ST/STM32CubeCLT_1.17.0/GNU-tools-for-STM32/bin/../lib/gcc/arm-none-eabi/12.3.1/../../../../arm-none-eabi/lib/thumb/v7-m/nofp\libc_nano.a(libc_a-findfp.o)
 .debug_frame   0x00000144       0x34 C:/ST/STM32CubeCLT_1.17.0/GNU-tools-for-STM32/bin/../lib/gcc/arm-none-eabi/12.3.1/../../../../arm-none-eabi/lib/thumb/v7-m/nofp\libc_nano.a(libc_a-fwalk.o)
 .debug_frame   0x00000178       0x88 C:/ST/STM32CubeCLT_1.17.0/GNU-tools-for-STM32/bin/../lib/gcc/arm-none-eabi/12.3.1/../../../../arm-none-eabi/lib/thumb/v7-m/nofp\libc_nano.a(libc_a-stdio.o)
 .debug_frame   0x00000200       0x20 C:/ST/STM32CubeCLT_1.17.0/GNU-tools-for-STM32/bin/../lib/gcc/arm-none-eabi/12.3.1/../../../../arm-none-eabi/lib/thumb/v7-m/nofp\libc_nano.a(libc_a-memset.o)
 .debug_frame   0x00000220       0x2c C:/ST/STM32CubeCLT_1.17.0/GNU-tools-for-STM32/bin/../lib/gcc/arm-none-eabi/12.3.1/../../../../arm-none-eabi/lib/thumb/v7-m/nofp\libc_nano.a(libc_a-closer.o)
 .debug_frame   0x0000024c       0x38 C:/ST/STM32CubeCLT_1.17.0/GNU-tools-for-STM32/bin/../lib/gcc/arm-none-eabi/12.3.1/../../../../arm-none-eabi/lib/thumb/v7-m/nofp\libc_nano.a(libc_a-reent.o)
 .debug_frame   0x00000284       0x2c C:/ST/STM32CubeCLT_1.17.0/GNU-tools-for-STM32/bin/../lib/gcc/arm-none-eabi/12.3.1/../../../../arm-none-eabi/lib/thumb/v7-m/nofp\libc_nano.a(libc_a-lseekr.o)
 .debug_frame   0x000002b0       0x2c C:/ST/STM32CubeCLT_1.17.0/GNU-tools-for-STM32/bin/../lib/gcc/arm-none-eabi/12.3.1/../../../../arm-none-eabi/lib/thumb/v7-m/nofp\libc_nano.a(libc_a-readr.o)
 .debug_frame   0x000002dc       0x2c C:/ST/STM32CubeCLT_1.17.0/GNU-tools-for-STM32/bin/../lib/gcc/arm-none-eabi/12.3.1/../../../../arm-none-eabi/lib/thumb/v7-m/nofp\libc_nano.a(libc_a-writer.o)
 .debug_frame   0x00000308       0x2c C:/ST/STM32CubeCLT_1.17.0/GNU-tools-for-STM32/bin/../lib/gcc/arm-none-eabi/12.3.1/../../../../arm-none-eabi/lib/thumb/v7-m/nofp\libc_nano.a(libc_a-init.o)
 .debug_frame   0x00000334       0xb0 C:/ST/STM32CubeCLT_1.17.0/GNU-tools-for-STM32/bin/../lib/gcc/arm-none-eabi/12.3.1/../../../../arm-none-eabi/lib/thumb/v7-m/nofp\libc_nano.a(libc_a-lock.o)
 .debug_frame   0x000003e4       0x38 C:/ST/STM32CubeCLT_1.17.0/GNU-tools-for-STM32/bin/../lib/gcc/arm-none-eabi/12.3.1/../../../../arm-none-eabi/lib/thumb/v7-m/nofp\libc_nano.a(libc_a-freer.o)
 .debug_frame   0x0000041c       0x50 C:/ST/STM32CubeCLT_1.17.0/GNU-tools-for-STM32/bin/../lib/gcc/arm-none-eabi/12.3.1/../../../../arm-none-eabi/lib/thumb/v7-m/nofp\libc_nano.a(libc_a-mallocr.o)
 .debug_frame   0x0000046c       0x30 C:/ST/STM32CubeCLT_1.17.0/GNU-tools-for-STM32/bin/../lib/gcc/arm-none-eabi/12.3.1/../../../../arm-none-eabi/lib/thumb/v7-m/nofp\libc_nano.a(libc_a-mlock.o)
 .debug_frame   0x0000049c       0x5c C:/ST/STM32CubeCLT_1.17.0/GNU-tools-for-STM32/bin/../lib/gcc/arm-none-eabi/12.3.1/../../../../arm-none-eabi/lib/thumb/v7-m/nofp\libc_nano.a(libc_a-fflush.o)
 .debug_frame   0x000004f8       0x2c C:/ST/STM32CubeCLT_1.17.0/GNU-tools-for-STM32/bin/../lib/gcc/arm-none-eabi/12.3.1/../../../../arm-none-eabi/lib/thumb/v7-m/nofp\libc_nano.a(libc_a-sbrkr.o)
 .debug_frame   0x00000524       0x7c CMakeFiles/IIC_AT24C.dir/User/mcu_peripheral_bsp/src/bsp_i2c.c.obj
 .debug_frame   0x000005a0       0xb4 CMakeFiles/IIC_AT24C.dir/User/at24c256.c.obj
 .debug_frame   0x00000654       0x90 CMakeFiles/IIC_AT24C.dir/Core/Src/main.c.obj
 .debug_frame   0x000006e4       0x38 CMakeFiles/IIC_AT24C.dir/Core/Src/gpio.c.obj
 .debug_frame   0x0000071c       0x74 CMakeFiles/IIC_AT24C.dir/Core/Src/i2c.c.obj
 .debug_frame   0x00000790       0x74 CMakeFiles/IIC_AT24C.dir/Core/Src/usart.c.obj
 .debug_frame   0x00000804      0x104 CMakeFiles/IIC_AT24C.dir/Core/Src/stm32f1xx_it.c.obj
 .debug_frame   0x00000908       0x38 CMakeFiles/IIC_AT24C.dir/Core/Src/stm32f1xx_hal_msp.c.obj
 .debug_frame   0x00000940      0xc84 CMakeFiles/IIC_AT24C.dir/Drivers/STM32F1xx_HAL_Driver/Src/stm32f1xx_hal_i2c.c.obj
 .debug_frame   0x000015c4      0x334 CMakeFiles/IIC_AT24C.dir/Drivers/STM32F1xx_HAL_Driver/Src/stm32f1xx_hal.c.obj
 .debug_frame   0x000018f8      0x218 CMakeFiles/IIC_AT24C.dir/Drivers/STM32F1xx_HAL_Driver/Src/stm32f1xx_hal_rcc.c.obj
 .debug_frame   0x00001b10      0x14c CMakeFiles/IIC_AT24C.dir/Drivers/STM32F1xx_HAL_Driver/Src/stm32f1xx_hal_gpio.c.obj
 .debug_frame   0x00001c5c      0x428 CMakeFiles/IIC_AT24C.dir/Drivers/STM32F1xx_HAL_Driver/Src/stm32f1xx_hal_cortex.c.obj
 .debug_frame   0x00002084      0x944 CMakeFiles/IIC_AT24C.dir/Drivers/STM32F1xx_HAL_Driver/Src/stm32f1xx_hal_uart.c.obj
 .debug_frame   0x000029c8       0x58 CMakeFiles/IIC_AT24C.dir/Core/Src/system_stm32f1xx.c.obj
 .debug_frame   0x00002a20       0x34 CMakeFiles/IIC_AT24C.dir/Core/Src/sysmem.c.obj
 .debug_frame   0x00002a54      0x2ac CMakeFiles/IIC_AT24C.dir/Core/Src/syscalls.c.obj
 .debug_frame   0x00002d00       0x6c C:/ST/STM32CubeCLT_1.17.0/GNU-tools-for-STM32/bin/../lib/gcc/arm-none-eabi/12.3.1/../../../../arm-none-eabi/lib/thumb/v7-m/nofp\libg_nano.a(libc_a-printf.o)
 .debug_frame   0x00002d6c       0x3c C:/ST/STM32CubeCLT_1.17.0/GNU-tools-for-STM32/bin/../lib/gcc/arm-none-eabi/12.3.1/../../../../arm-none-eabi/lib/thumb/v7-m/nofp\libg_nano.a(libc_a-puts.o)
 .debug_frame   0x00002da8       0x40 C:/ST/STM32CubeCLT_1.17.0/GNU-tools-for-STM32/bin/../lib/gcc/arm-none-eabi/12.3.1/../../../../arm-none-eabi/lib/thumb/v7-m/nofp\libg_nano.a(libc_a-wbuf.o)
 .debug_frame   0x00002de8       0x2c C:/ST/STM32CubeCLT_1.17.0/GNU-tools-for-STM32/bin/../lib/gcc/arm-none-eabi/12.3.1/../../../../arm-none-eabi/lib/thumb/v7-m/nofp\libg_nano.a(libc_a-wsetup.o)
 .debug_frame   0x00002e14       0x20 C:/ST/STM32CubeCLT_1.17.0/GNU-tools-for-STM32/bin/../lib/gcc/arm-none-eabi/12.3.1/../../../../arm-none-eabi/lib/thumb/v7-m/nofp\libg_nano.a(libc_a-errno.o)
 .debug_frame   0x00002e34       0xa8 C:/ST/STM32CubeCLT_1.17.0/GNU-tools-for-STM32/bin/../lib/gcc/arm-none-eabi/12.3.1/../../../../arm-none-eabi/lib/thumb/v7-m/nofp\libg_nano.a(libc_a-nano-vfprintf.o)
 .debug_frame   0x00002edc       0x60 C:/ST/STM32CubeCLT_1.17.0/GNU-tools-for-STM32/bin/../lib/gcc/arm-none-eabi/12.3.1/../../../../arm-none-eabi/lib/thumb/v7-m/nofp\libg_nano.a(libc_a-nano-vfprintf_i.o)
 .debug_frame   0x00002f3c       0x58 C:/ST/STM32CubeCLT_1.17.0/GNU-tools-for-STM32/bin/../lib/gcc/arm-none-eabi/12.3.1/../../../../arm-none-eabi/lib/thumb/v7-m/nofp\libg_nano.a(libc_a-makebuf.o)
 .debug_frame   0x00002f94       0x2c C:/ST/STM32CubeCLT_1.17.0/GNU-tools-for-STM32/bin/../lib/gcc/arm-none-eabi/12.3.1/../../../../arm-none-eabi/lib/thumb/v7-m/nofp\libg_nano.a(libc_a-fstatr.o)
 .debug_frame   0x00002fc0       0x2c C:/ST/STM32CubeCLT_1.17.0/GNU-tools-for-STM32/bin/../lib/gcc/arm-none-eabi/12.3.1/../../../../arm-none-eabi/lib/thumb/v7-m/nofp\libg_nano.a(libc_a-isattyr.o)
 .debug_frame   0x00002fec       0x28 C:/ST/STM32CubeCLT_1.17.0/GNU-tools-for-STM32/bin/../lib/gcc/arm-none-eabi/12.3.1/../../../../arm-none-eabi/lib/thumb/v7-m/nofp\libg_nano.a(libc_a-memchr-stub.o)

.debug_info     0x00000000    0x10a64
 .debug_info    0x00000000      0x742 CMakeFiles/IIC_AT24C.dir/User/mcu_peripheral_bsp/src/bsp_i2c.c.obj
 .debug_info    0x00000742      0x46f CMakeFiles/IIC_AT24C.dir/User/at24c256.c.obj
 .debug_info    0x00000bb1      0x941 CMakeFiles/IIC_AT24C.dir/Core/Src/main.c.obj
 .debug_info    0x000014f2      0x184 CMakeFiles/IIC_AT24C.dir/Core/Src/gpio.c.obj
 .debug_info    0x00001676      0x7e3 CMakeFiles/IIC_AT24C.dir/Core/Src/i2c.c.obj
 .debug_info    0x00001e59      0x798 CMakeFiles/IIC_AT24C.dir/Core/Src/usart.c.obj
 .debug_info    0x000025f1      0x113 CMakeFiles/IIC_AT24C.dir/Core/Src/stm32f1xx_it.c.obj
 .debug_info    0x00002704      0x1f1 CMakeFiles/IIC_AT24C.dir/Core/Src/stm32f1xx_hal_msp.c.obj
 .debug_info    0x000028f5     0x2524 CMakeFiles/IIC_AT24C.dir/Drivers/STM32F1xx_HAL_Driver/Src/stm32f1xx_hal_i2c.c.obj
 .debug_info    0x00004e19      0x704 CMakeFiles/IIC_AT24C.dir/Drivers/STM32F1xx_HAL_Driver/Src/stm32f1xx_hal.c.obj
 .debug_info    0x0000551d      0x7d5 CMakeFiles/IIC_AT24C.dir/Drivers/STM32F1xx_HAL_Driver/Src/stm32f1xx_hal_rcc.c.obj
 .debug_info    0x00005cf2      0x5ab CMakeFiles/IIC_AT24C.dir/Drivers/STM32F1xx_HAL_Driver/Src/stm32f1xx_hal_gpio.c.obj
 .debug_info    0x0000629d      0xa87 CMakeFiles/IIC_AT24C.dir/Drivers/STM32F1xx_HAL_Driver/Src/stm32f1xx_hal_cortex.c.obj
 .debug_info    0x00006d24     0x2eed CMakeFiles/IIC_AT24C.dir/Drivers/STM32F1xx_HAL_Driver/Src/stm32f1xx_hal_uart.c.obj
 .debug_info    0x00009c11      0x222 CMakeFiles/IIC_AT24C.dir/Core/Src/system_stm32f1xx.c.obj
 .debug_info    0x00009e33      0x168 CMakeFiles/IIC_AT24C.dir/Core/Src/sysmem.c.obj
 .debug_info    0x00009f9b      0x6a3 CMakeFiles/IIC_AT24C.dir/Core/Src/syscalls.c.obj
 .debug_info    0x0000a63e       0x30 CMakeFiles/IIC_AT24C.dir/startup_stm32f103xb.s.obj
 .debug_info    0x0000a66e      0x83b C:/ST/STM32CubeCLT_1.17.0/GNU-tools-for-STM32/bin/../lib/gcc/arm-none-eabi/12.3.1/../../../../arm-none-eabi/lib/thumb/v7-m/nofp\libg_nano.a(libc_a-printf.o)
 .debug_info    0x0000aea9      0x94a C:/ST/STM32CubeCLT_1.17.0/GNU-tools-for-STM32/bin/../lib/gcc/arm-none-eabi/12.3.1/../../../../arm-none-eabi/lib/thumb/v7-m/nofp\libg_nano.a(libc_a-puts.o)
 .debug_info    0x0000b7f3      0x868 C:/ST/STM32CubeCLT_1.17.0/GNU-tools-for-STM32/bin/../lib/gcc/arm-none-eabi/12.3.1/../../../../arm-none-eabi/lib/thumb/v7-m/nofp\libg_nano.a(libc_a-wbuf.o)
 .debug_info    0x0000c05b      0x7bb C:/ST/STM32CubeCLT_1.17.0/GNU-tools-for-STM32/bin/../lib/gcc/arm-none-eabi/12.3.1/../../../../arm-none-eabi/lib/thumb/v7-m/nofp\libg_nano.a(libc_a-wsetup.o)
 .debug_info    0x0000c816      0x6fb C:/ST/STM32CubeCLT_1.17.0/GNU-tools-for-STM32/bin/../lib/gcc/arm-none-eabi/12.3.1/../../../../arm-none-eabi/lib/thumb/v7-m/nofp\libg_nano.a(libc_a-errno.o)
 .debug_info    0x0000cf11     0x107c C:/ST/STM32CubeCLT_1.17.0/GNU-tools-for-STM32/bin/../lib/gcc/arm-none-eabi/12.3.1/../../../../arm-none-eabi/lib/thumb/v7-m/nofp\libg_nano.a(libc_a-nano-vfprintf.o)
 .debug_info    0x0000df8d      0xde2 C:/ST/STM32CubeCLT_1.17.0/GNU-tools-for-STM32/bin/../lib/gcc/arm-none-eabi/12.3.1/../../../../arm-none-eabi/lib/thumb/v7-m/nofp\libg_nano.a(libc_a-nano-vfprintf_i.o)
 .debug_info    0x0000ed6f      0xb1a C:/ST/STM32CubeCLT_1.17.0/GNU-tools-for-STM32/bin/../lib/gcc/arm-none-eabi/12.3.1/../../../../arm-none-eabi/lib/thumb/v7-m/nofp\libg_nano.a(libc_a-makebuf.o)
 .debug_info    0x0000f889      0x975 C:/ST/STM32CubeCLT_1.17.0/GNU-tools-for-STM32/bin/../lib/gcc/arm-none-eabi/12.3.1/../../../../arm-none-eabi/lib/thumb/v7-m/nofp\libg_nano.a(libc_a-fstatr.o)
 .debug_info    0x000101fe      0x756 C:/ST/STM32CubeCLT_1.17.0/GNU-tools-for-STM32/bin/../lib/gcc/arm-none-eabi/12.3.1/../../../../arm-none-eabi/lib/thumb/v7-m/nofp\libg_nano.a(libc_a-isattyr.o)
 .debug_info    0x00010954      0x110 C:/ST/STM32CubeCLT_1.17.0/GNU-tools-for-STM32/bin/../lib/gcc/arm-none-eabi/12.3.1/../../../../arm-none-eabi/lib/thumb/v7-m/nofp\libg_nano.a(libc_a-memchr-stub.o)

.debug_abbrev   0x00000000     0x3488
 .debug_abbrev  0x00000000      0x1ae CMakeFiles/IIC_AT24C.dir/User/mcu_peripheral_bsp/src/bsp_i2c.c.obj
 .debug_abbrev  0x000001ae      0x141 CMakeFiles/IIC_AT24C.dir/User/at24c256.c.obj
 .debug_abbrev  0x000002ef      0x257 CMakeFiles/IIC_AT24C.dir/Core/Src/main.c.obj
 .debug_abbrev  0x00000546       0xc6 CMakeFiles/IIC_AT24C.dir/Core/Src/gpio.c.obj
 .debug_abbrev  0x0000060c      0x1de CMakeFiles/IIC_AT24C.dir/Core/Src/i2c.c.obj
 .debug_abbrev  0x000007ea      0x1e6 CMakeFiles/IIC_AT24C.dir/Core/Src/usart.c.obj
 .debug_abbrev  0x000009d0       0x73 CMakeFiles/IIC_AT24C.dir/Core/Src/stm32f1xx_it.c.obj
 .debug_abbrev  0x00000a43       0xdb CMakeFiles/IIC_AT24C.dir/Core/Src/stm32f1xx_hal_msp.c.obj
 .debug_abbrev  0x00000b1e      0x2a3 CMakeFiles/IIC_AT24C.dir/Drivers/STM32F1xx_HAL_Driver/Src/stm32f1xx_hal_i2c.c.obj
 .debug_abbrev  0x00000dc1      0x201 CMakeFiles/IIC_AT24C.dir/Drivers/STM32F1xx_HAL_Driver/Src/stm32f1xx_hal.c.obj
 .debug_abbrev  0x00000fc2      0x2b3 CMakeFiles/IIC_AT24C.dir/Drivers/STM32F1xx_HAL_Driver/Src/stm32f1xx_hal_rcc.c.obj
 .debug_abbrev  0x00001275      0x1ca CMakeFiles/IIC_AT24C.dir/Drivers/STM32F1xx_HAL_Driver/Src/stm32f1xx_hal_gpio.c.obj
 .debug_abbrev  0x0000143f      0x2f8 CMakeFiles/IIC_AT24C.dir/Drivers/STM32F1xx_HAL_Driver/Src/stm32f1xx_hal_cortex.c.obj
 .debug_abbrev  0x00001737      0x2f8 CMakeFiles/IIC_AT24C.dir/Drivers/STM32F1xx_HAL_Driver/Src/stm32f1xx_hal_uart.c.obj
 .debug_abbrev  0x00001a2f      0x13f CMakeFiles/IIC_AT24C.dir/Core/Src/system_stm32f1xx.c.obj
 .debug_abbrev  0x00001b6e       0xbc CMakeFiles/IIC_AT24C.dir/Core/Src/sysmem.c.obj
 .debug_abbrev  0x00001c2a      0x1b6 CMakeFiles/IIC_AT24C.dir/Core/Src/syscalls.c.obj
 .debug_abbrev  0x00001de0       0x24 CMakeFiles/IIC_AT24C.dir/startup_stm32f103xb.s.obj
 .debug_abbrev  0x00001e04      0x21a C:/ST/STM32CubeCLT_1.17.0/GNU-tools-for-STM32/bin/../lib/gcc/arm-none-eabi/12.3.1/../../../../arm-none-eabi/lib/thumb/v7-m/nofp\libg_nano.a(libc_a-printf.o)
 .debug_abbrev  0x0000201e      0x2a7 C:/ST/STM32CubeCLT_1.17.0/GNU-tools-for-STM32/bin/../lib/gcc/arm-none-eabi/12.3.1/../../../../arm-none-eabi/lib/thumb/v7-m/nofp\libg_nano.a(libc_a-puts.o)
 .debug_abbrev  0x000022c5      0x22d C:/ST/STM32CubeCLT_1.17.0/GNU-tools-for-STM32/bin/../lib/gcc/arm-none-eabi/12.3.1/../../../../arm-none-eabi/lib/thumb/v7-m/nofp\libg_nano.a(libc_a-wbuf.o)
 .debug_abbrev  0x000024f2      0x1e2 C:/ST/STM32CubeCLT_1.17.0/GNU-tools-for-STM32/bin/../lib/gcc/arm-none-eabi/12.3.1/../../../../arm-none-eabi/lib/thumb/v7-m/nofp\libg_nano.a(libc_a-wsetup.o)
 .debug_abbrev  0x000026d4      0x15e C:/ST/STM32CubeCLT_1.17.0/GNU-tools-for-STM32/bin/../lib/gcc/arm-none-eabi/12.3.1/../../../../arm-none-eabi/lib/thumb/v7-m/nofp\libg_nano.a(libc_a-errno.o)
 .debug_abbrev  0x00002832      0x316 C:/ST/STM32CubeCLT_1.17.0/GNU-tools-for-STM32/bin/../lib/gcc/arm-none-eabi/12.3.1/../../../../arm-none-eabi/lib/thumb/v7-m/nofp\libg_nano.a(libc_a-nano-vfprintf.o)
 .debug_abbrev  0x00002b48      0x28e C:/ST/STM32CubeCLT_1.17.0/GNU-tools-for-STM32/bin/../lib/gcc/arm-none-eabi/12.3.1/../../../../arm-none-eabi/lib/thumb/v7-m/nofp\libg_nano.a(libc_a-nano-vfprintf_i.o)
 .debug_abbrev  0x00002dd6      0x28e C:/ST/STM32CubeCLT_1.17.0/GNU-tools-for-STM32/bin/../lib/gcc/arm-none-eabi/12.3.1/../../../../arm-none-eabi/lib/thumb/v7-m/nofp\libg_nano.a(libc_a-makebuf.o)
 .debug_abbrev  0x00003064      0x1c3 C:/ST/STM32CubeCLT_1.17.0/GNU-tools-for-STM32/bin/../lib/gcc/arm-none-eabi/12.3.1/../../../../arm-none-eabi/lib/thumb/v7-m/nofp\libg_nano.a(libc_a-fstatr.o)
 .debug_abbrev  0x00003227      0x1b0 C:/ST/STM32CubeCLT_1.17.0/GNU-tools-for-STM32/bin/../lib/gcc/arm-none-eabi/12.3.1/../../../../arm-none-eabi/lib/thumb/v7-m/nofp\libg_nano.a(libc_a-isattyr.o)
 .debug_abbrev  0x000033d7       0xb1 C:/ST/STM32CubeCLT_1.17.0/GNU-tools-for-STM32/bin/../lib/gcc/arm-none-eabi/12.3.1/../../../../arm-none-eabi/lib/thumb/v7-m/nofp\libg_nano.a(libc_a-memchr-stub.o)

.debug_aranges  0x00000000      0xbd8
 .debug_aranges
                0x00000000       0x30 CMakeFiles/IIC_AT24C.dir/User/mcu_peripheral_bsp/src/bsp_i2c.c.obj
 .debug_aranges
                0x00000030       0x38 CMakeFiles/IIC_AT24C.dir/User/at24c256.c.obj
 .debug_aranges
                0x00000068       0x38 CMakeFiles/IIC_AT24C.dir/Core/Src/main.c.obj
 .debug_aranges
                0x000000a0       0x20 CMakeFiles/IIC_AT24C.dir/Core/Src/gpio.c.obj
 .debug_aranges
                0x000000c0       0x30 CMakeFiles/IIC_AT24C.dir/Core/Src/i2c.c.obj
 .debug_aranges
                0x000000f0       0x30 CMakeFiles/IIC_AT24C.dir/Core/Src/usart.c.obj
 .debug_aranges
                0x00000120       0x60 CMakeFiles/IIC_AT24C.dir/Core/Src/stm32f1xx_it.c.obj
 .debug_aranges
                0x00000180       0x20 CMakeFiles/IIC_AT24C.dir/Core/Src/stm32f1xx_hal_msp.c.obj
 .debug_aranges
                0x000001a0      0x2a8 CMakeFiles/IIC_AT24C.dir/Drivers/STM32F1xx_HAL_Driver/Src/stm32f1xx_hal_i2c.c.obj
 .debug_aranges
                0x00000448       0xe0 CMakeFiles/IIC_AT24C.dir/Drivers/STM32F1xx_HAL_Driver/Src/stm32f1xx_hal.c.obj
 .debug_aranges
                0x00000528       0x90 CMakeFiles/IIC_AT24C.dir/Drivers/STM32F1xx_HAL_Driver/Src/stm32f1xx_hal_rcc.c.obj
 .debug_aranges
                0x000005b8       0x58 CMakeFiles/IIC_AT24C.dir/Drivers/STM32F1xx_HAL_Driver/Src/stm32f1xx_hal_gpio.c.obj
 .debug_aranges
                0x00000610      0x100 CMakeFiles/IIC_AT24C.dir/Drivers/STM32F1xx_HAL_Driver/Src/stm32f1xx_hal_cortex.c.obj
 .debug_aranges
                0x00000710      0x208 CMakeFiles/IIC_AT24C.dir/Drivers/STM32F1xx_HAL_Driver/Src/stm32f1xx_hal_uart.c.obj
 .debug_aranges
                0x00000918       0x28 CMakeFiles/IIC_AT24C.dir/Core/Src/system_stm32f1xx.c.obj
 .debug_aranges
                0x00000940       0x20 CMakeFiles/IIC_AT24C.dir/Core/Src/sysmem.c.obj
 .debug_aranges
                0x00000960       0xa8 CMakeFiles/IIC_AT24C.dir/Core/Src/syscalls.c.obj
 .debug_aranges
                0x00000a08       0x28 CMakeFiles/IIC_AT24C.dir/startup_stm32f103xb.s.obj
 .debug_aranges
                0x00000a30       0x28 C:/ST/STM32CubeCLT_1.17.0/GNU-tools-for-STM32/bin/../lib/gcc/arm-none-eabi/12.3.1/../../../../arm-none-eabi/lib/thumb/v7-m/nofp\libg_nano.a(libc_a-printf.o)
 .debug_aranges
                0x00000a58       0x28 C:/ST/STM32CubeCLT_1.17.0/GNU-tools-for-STM32/bin/../lib/gcc/arm-none-eabi/12.3.1/../../../../arm-none-eabi/lib/thumb/v7-m/nofp\libg_nano.a(libc_a-puts.o)
 .debug_aranges
                0x00000a80       0x28 C:/ST/STM32CubeCLT_1.17.0/GNU-tools-for-STM32/bin/../lib/gcc/arm-none-eabi/12.3.1/../../../../arm-none-eabi/lib/thumb/v7-m/nofp\libg_nano.a(libc_a-wbuf.o)
 .debug_aranges
                0x00000aa8       0x20 C:/ST/STM32CubeCLT_1.17.0/GNU-tools-for-STM32/bin/../lib/gcc/arm-none-eabi/12.3.1/../../../../arm-none-eabi/lib/thumb/v7-m/nofp\libg_nano.a(libc_a-wsetup.o)
 .debug_aranges
                0x00000ac8       0x20 C:/ST/STM32CubeCLT_1.17.0/GNU-tools-for-STM32/bin/../lib/gcc/arm-none-eabi/12.3.1/../../../../arm-none-eabi/lib/thumb/v7-m/nofp\libg_nano.a(libc_a-errno.o)
 .debug_aranges
                0x00000ae8       0x40 C:/ST/STM32CubeCLT_1.17.0/GNU-tools-for-STM32/bin/../lib/gcc/arm-none-eabi/12.3.1/../../../../arm-none-eabi/lib/thumb/v7-m/nofp\libg_nano.a(libc_a-nano-vfprintf.o)
 .debug_aranges
                0x00000b28       0x28 C:/ST/STM32CubeCLT_1.17.0/GNU-tools-for-STM32/bin/../lib/gcc/arm-none-eabi/12.3.1/../../../../arm-none-eabi/lib/thumb/v7-m/nofp\libg_nano.a(libc_a-nano-vfprintf_i.o)
 .debug_aranges
                0x00000b50       0x28 C:/ST/STM32CubeCLT_1.17.0/GNU-tools-for-STM32/bin/../lib/gcc/arm-none-eabi/12.3.1/../../../../arm-none-eabi/lib/thumb/v7-m/nofp\libg_nano.a(libc_a-makebuf.o)
 .debug_aranges
                0x00000b78       0x20 C:/ST/STM32CubeCLT_1.17.0/GNU-tools-for-STM32/bin/../lib/gcc/arm-none-eabi/12.3.1/../../../../arm-none-eabi/lib/thumb/v7-m/nofp\libg_nano.a(libc_a-fstatr.o)
 .debug_aranges
                0x00000b98       0x20 C:/ST/STM32CubeCLT_1.17.0/GNU-tools-for-STM32/bin/../lib/gcc/arm-none-eabi/12.3.1/../../../../arm-none-eabi/lib/thumb/v7-m/nofp\libg_nano.a(libc_a-isattyr.o)
 .debug_aranges
                0x00000bb8       0x20 C:/ST/STM32CubeCLT_1.17.0/GNU-tools-for-STM32/bin/../lib/gcc/arm-none-eabi/12.3.1/../../../../arm-none-eabi/lib/thumb/v7-m/nofp\libg_nano.a(libc_a-memchr-stub.o)

.debug_rnglists
                0x00000000      0x98c
 .debug_rnglists
                0x00000000       0x1f CMakeFiles/IIC_AT24C.dir/User/mcu_peripheral_bsp/src/bsp_i2c.c.obj
 .debug_rnglists
                0x0000001f       0x29 CMakeFiles/IIC_AT24C.dir/User/at24c256.c.obj
 .debug_rnglists
                0x00000048       0x27 CMakeFiles/IIC_AT24C.dir/Core/Src/main.c.obj
 .debug_rnglists
                0x0000006f       0x13 CMakeFiles/IIC_AT24C.dir/Core/Src/gpio.c.obj
 .debug_rnglists
                0x00000082       0x1f CMakeFiles/IIC_AT24C.dir/Core/Src/i2c.c.obj
 .debug_rnglists
                0x000000a1       0x20 CMakeFiles/IIC_AT24C.dir/Core/Src/usart.c.obj
 .debug_rnglists
                0x000000c1       0x43 CMakeFiles/IIC_AT24C.dir/Core/Src/stm32f1xx_it.c.obj
 .debug_rnglists
                0x00000104       0x13 CMakeFiles/IIC_AT24C.dir/Core/Src/stm32f1xx_hal_msp.c.obj
 .debug_rnglists
                0x00000117      0x23c CMakeFiles/IIC_AT24C.dir/Drivers/STM32F1xx_HAL_Driver/Src/stm32f1xx_hal_i2c.c.obj
 .debug_rnglists
                0x00000353       0xa3 CMakeFiles/IIC_AT24C.dir/Drivers/STM32F1xx_HAL_Driver/Src/stm32f1xx_hal.c.obj
 .debug_rnglists
                0x000003f6       0x6c CMakeFiles/IIC_AT24C.dir/Drivers/STM32F1xx_HAL_Driver/Src/stm32f1xx_hal_rcc.c.obj
 .debug_rnglists
                0x00000462       0x3f CMakeFiles/IIC_AT24C.dir/Drivers/STM32F1xx_HAL_Driver/Src/stm32f1xx_hal_gpio.c.obj
 .debug_rnglists
                0x000004a1       0xbb CMakeFiles/IIC_AT24C.dir/Drivers/STM32F1xx_HAL_Driver/Src/stm32f1xx_hal_cortex.c.obj
 .debug_rnglists
                0x0000055c      0x1bc CMakeFiles/IIC_AT24C.dir/Drivers/STM32F1xx_HAL_Driver/Src/stm32f1xx_hal_uart.c.obj
 .debug_rnglists
                0x00000718       0x1a CMakeFiles/IIC_AT24C.dir/Core/Src/system_stm32f1xx.c.obj
 .debug_rnglists
                0x00000732       0x13 CMakeFiles/IIC_AT24C.dir/Core/Src/sysmem.c.obj
 .debug_rnglists
                0x00000745       0x79 CMakeFiles/IIC_AT24C.dir/Core/Src/syscalls.c.obj
 .debug_rnglists
                0x000007be       0x19 CMakeFiles/IIC_AT24C.dir/startup_stm32f103xb.s.obj
 .debug_rnglists
                0x000007d7       0x19 C:/ST/STM32CubeCLT_1.17.0/GNU-tools-for-STM32/bin/../lib/gcc/arm-none-eabi/12.3.1/../../../../arm-none-eabi/lib/thumb/v7-m/nofp\libg_nano.a(libc_a-printf.o)
 .debug_rnglists
                0x000007f0       0x44 C:/ST/STM32CubeCLT_1.17.0/GNU-tools-for-STM32/bin/../lib/gcc/arm-none-eabi/12.3.1/../../../../arm-none-eabi/lib/thumb/v7-m/nofp\libg_nano.a(libc_a-puts.o)
 .debug_rnglists
                0x00000834       0x25 C:/ST/STM32CubeCLT_1.17.0/GNU-tools-for-STM32/bin/../lib/gcc/arm-none-eabi/12.3.1/../../../../arm-none-eabi/lib/thumb/v7-m/nofp\libg_nano.a(libc_a-wbuf.o)
 .debug_rnglists
                0x00000859       0x26 C:/ST/STM32CubeCLT_1.17.0/GNU-tools-for-STM32/bin/../lib/gcc/arm-none-eabi/12.3.1/../../../../arm-none-eabi/lib/thumb/v7-m/nofp\libg_nano.a(libc_a-wsetup.o)
 .debug_rnglists
                0x0000087f       0x13 C:/ST/STM32CubeCLT_1.17.0/GNU-tools-for-STM32/bin/../lib/gcc/arm-none-eabi/12.3.1/../../../../arm-none-eabi/lib/thumb/v7-m/nofp\libg_nano.a(libc_a-errno.o)
 .debug_rnglists
                0x00000892       0x3b C:/ST/STM32CubeCLT_1.17.0/GNU-tools-for-STM32/bin/../lib/gcc/arm-none-eabi/12.3.1/../../../../arm-none-eabi/lib/thumb/v7-m/nofp\libg_nano.a(libc_a-nano-vfprintf.o)
 .debug_rnglists
                0x000008cd       0x6d C:/ST/STM32CubeCLT_1.17.0/GNU-tools-for-STM32/bin/../lib/gcc/arm-none-eabi/12.3.1/../../../../arm-none-eabi/lib/thumb/v7-m/nofp\libg_nano.a(libc_a-nano-vfprintf_i.o)
 .debug_rnglists
                0x0000093a       0x19 C:/ST/STM32CubeCLT_1.17.0/GNU-tools-for-STM32/bin/../lib/gcc/arm-none-eabi/12.3.1/../../../../arm-none-eabi/lib/thumb/v7-m/nofp\libg_nano.a(libc_a-makebuf.o)
 .debug_rnglists
                0x00000953       0x13 C:/ST/STM32CubeCLT_1.17.0/GNU-tools-for-STM32/bin/../lib/gcc/arm-none-eabi/12.3.1/../../../../arm-none-eabi/lib/thumb/v7-m/nofp\libg_nano.a(libc_a-fstatr.o)
 .debug_rnglists
                0x00000966       0x13 C:/ST/STM32CubeCLT_1.17.0/GNU-tools-for-STM32/bin/../lib/gcc/arm-none-eabi/12.3.1/../../../../arm-none-eabi/lib/thumb/v7-m/nofp\libg_nano.a(libc_a-isattyr.o)
 .debug_rnglists
                0x00000979       0x13 C:/ST/STM32CubeCLT_1.17.0/GNU-tools-for-STM32/bin/../lib/gcc/arm-none-eabi/12.3.1/../../../../arm-none-eabi/lib/thumb/v7-m/nofp\libg_nano.a(libc_a-memchr-stub.o)

.debug_macro    0x00000000    0x1881c
 .debug_macro   0x00000000      0x1bb CMakeFiles/IIC_AT24C.dir/User/mcu_peripheral_bsp/src/bsp_i2c.c.obj
 .debug_macro   0x000001bb      0xaa8 CMakeFiles/IIC_AT24C.dir/User/mcu_peripheral_bsp/src/bsp_i2c.c.obj
 .debug_macro   0x00000c63      0x21b CMakeFiles/IIC_AT24C.dir/User/mcu_peripheral_bsp/src/bsp_i2c.c.obj
 .debug_macro   0x00000e7e       0x2e CMakeFiles/IIC_AT24C.dir/User/mcu_peripheral_bsp/src/bsp_i2c.c.obj
 .debug_macro   0x00000eac       0x22 CMakeFiles/IIC_AT24C.dir/User/mcu_peripheral_bsp/src/bsp_i2c.c.obj
 .debug_macro   0x00000ece       0x22 CMakeFiles/IIC_AT24C.dir/User/mcu_peripheral_bsp/src/bsp_i2c.c.obj
 .debug_macro   0x00000ef0       0x8e CMakeFiles/IIC_AT24C.dir/User/mcu_peripheral_bsp/src/bsp_i2c.c.obj
 .debug_macro   0x00000f7e       0x51 CMakeFiles/IIC_AT24C.dir/User/mcu_peripheral_bsp/src/bsp_i2c.c.obj
 .debug_macro   0x00000fcf      0x103 CMakeFiles/IIC_AT24C.dir/User/mcu_peripheral_bsp/src/bsp_i2c.c.obj
 .debug_macro   0x000010d2       0x6a CMakeFiles/IIC_AT24C.dir/User/mcu_peripheral_bsp/src/bsp_i2c.c.obj
 .debug_macro   0x0000113c      0x1df CMakeFiles/IIC_AT24C.dir/User/mcu_peripheral_bsp/src/bsp_i2c.c.obj
 .debug_macro   0x0000131b       0x1c CMakeFiles/IIC_AT24C.dir/User/mcu_peripheral_bsp/src/bsp_i2c.c.obj
 .debug_macro   0x00001337       0x22 CMakeFiles/IIC_AT24C.dir/User/mcu_peripheral_bsp/src/bsp_i2c.c.obj
 .debug_macro   0x00001359       0xbd CMakeFiles/IIC_AT24C.dir/User/mcu_peripheral_bsp/src/bsp_i2c.c.obj
 .debug_macro   0x00001416      0xd23 CMakeFiles/IIC_AT24C.dir/User/mcu_peripheral_bsp/src/bsp_i2c.c.obj
 .debug_macro   0x00002139     0xe09e CMakeFiles/IIC_AT24C.dir/User/mcu_peripheral_bsp/src/bsp_i2c.c.obj
 .debug_macro   0x000101d7       0x6d CMakeFiles/IIC_AT24C.dir/User/mcu_peripheral_bsp/src/bsp_i2c.c.obj
 .debug_macro   0x00010244     0x34a2 CMakeFiles/IIC_AT24C.dir/User/mcu_peripheral_bsp/src/bsp_i2c.c.obj
 .debug_macro   0x000136e6      0x189 CMakeFiles/IIC_AT24C.dir/User/mcu_peripheral_bsp/src/bsp_i2c.c.obj
 .debug_macro   0x0001386f       0x5c CMakeFiles/IIC_AT24C.dir/User/mcu_peripheral_bsp/src/bsp_i2c.c.obj
 .debug_macro   0x000138cb      0x5bc CMakeFiles/IIC_AT24C.dir/User/mcu_peripheral_bsp/src/bsp_i2c.c.obj
 .debug_macro   0x00013e87      0x289 CMakeFiles/IIC_AT24C.dir/User/mcu_peripheral_bsp/src/bsp_i2c.c.obj
 .debug_macro   0x00014110      0x1cb CMakeFiles/IIC_AT24C.dir/User/mcu_peripheral_bsp/src/bsp_i2c.c.obj
 .debug_macro   0x000142db      0x114 CMakeFiles/IIC_AT24C.dir/User/mcu_peripheral_bsp/src/bsp_i2c.c.obj
 .debug_macro   0x000143ef      0x1b2 CMakeFiles/IIC_AT24C.dir/User/mcu_peripheral_bsp/src/bsp_i2c.c.obj
 .debug_macro   0x000145a1       0x27 CMakeFiles/IIC_AT24C.dir/User/mcu_peripheral_bsp/src/bsp_i2c.c.obj
 .debug_macro   0x000145c8      0x136 CMakeFiles/IIC_AT24C.dir/User/mcu_peripheral_bsp/src/bsp_i2c.c.obj
 .debug_macro   0x000146fe      0x1bc CMakeFiles/IIC_AT24C.dir/User/mcu_peripheral_bsp/src/bsp_i2c.c.obj
 .debug_macro   0x000148ba       0x34 CMakeFiles/IIC_AT24C.dir/User/mcu_peripheral_bsp/src/bsp_i2c.c.obj
 .debug_macro   0x000148ee       0x3c CMakeFiles/IIC_AT24C.dir/User/mcu_peripheral_bsp/src/bsp_i2c.c.obj
 .debug_macro   0x0001492a       0x57 CMakeFiles/IIC_AT24C.dir/User/mcu_peripheral_bsp/src/bsp_i2c.c.obj
 .debug_macro   0x00014981       0x87 CMakeFiles/IIC_AT24C.dir/User/mcu_peripheral_bsp/src/bsp_i2c.c.obj
 .debug_macro   0x00014a08      0x240 CMakeFiles/IIC_AT24C.dir/User/mcu_peripheral_bsp/src/bsp_i2c.c.obj
 .debug_macro   0x00014c48      0x287 CMakeFiles/IIC_AT24C.dir/User/mcu_peripheral_bsp/src/bsp_i2c.c.obj
 .debug_macro   0x00014ecf      0x140 CMakeFiles/IIC_AT24C.dir/User/mcu_peripheral_bsp/src/bsp_i2c.c.obj
 .debug_macro   0x0001500f      0x28e CMakeFiles/IIC_AT24C.dir/User/mcu_peripheral_bsp/src/bsp_i2c.c.obj
 .debug_macro   0x0001529d       0x83 CMakeFiles/IIC_AT24C.dir/User/mcu_peripheral_bsp/src/bsp_i2c.c.obj
 .debug_macro   0x00015320       0x1c CMakeFiles/IIC_AT24C.dir/User/mcu_peripheral_bsp/src/bsp_i2c.c.obj
 .debug_macro   0x0001533c      0x270 CMakeFiles/IIC_AT24C.dir/User/at24c256.c.obj
 .debug_macro   0x000155ac       0x74 CMakeFiles/IIC_AT24C.dir/User/at24c256.c.obj
 .debug_macro   0x00015620       0x24 CMakeFiles/IIC_AT24C.dir/User/at24c256.c.obj
 .debug_macro   0x00015644       0x3c CMakeFiles/IIC_AT24C.dir/User/at24c256.c.obj
 .debug_macro   0x00015680       0x34 CMakeFiles/IIC_AT24C.dir/User/at24c256.c.obj
 .debug_macro   0x000156b4       0x16 CMakeFiles/IIC_AT24C.dir/User/at24c256.c.obj
 .debug_macro   0x000156ca       0x43 CMakeFiles/IIC_AT24C.dir/User/at24c256.c.obj
 .debug_macro   0x0001570d       0x34 CMakeFiles/IIC_AT24C.dir/User/at24c256.c.obj
 .debug_macro   0x00015741       0x10 CMakeFiles/IIC_AT24C.dir/User/at24c256.c.obj
 .debug_macro   0x00015751       0x58 CMakeFiles/IIC_AT24C.dir/User/at24c256.c.obj
 .debug_macro   0x000157a9      0x1de CMakeFiles/IIC_AT24C.dir/User/at24c256.c.obj
 .debug_macro   0x00015987      0x369 CMakeFiles/IIC_AT24C.dir/User/at24c256.c.obj
 .debug_macro   0x00015cf0      0x19b CMakeFiles/IIC_AT24C.dir/User/at24c256.c.obj
 .debug_macro   0x00015e8b       0x16 CMakeFiles/IIC_AT24C.dir/User/at24c256.c.obj
 .debug_macro   0x00015ea1      0x302 CMakeFiles/IIC_AT24C.dir/Core/Src/main.c.obj
 .debug_macro   0x000161a3       0x16 CMakeFiles/IIC_AT24C.dir/Core/Src/main.c.obj
 .debug_macro   0x000161b9       0x35 CMakeFiles/IIC_AT24C.dir/Core/Src/main.c.obj
 .debug_macro   0x000161ee       0x10 CMakeFiles/IIC_AT24C.dir/Core/Src/main.c.obj
 .debug_macro   0x000161fe       0x16 CMakeFiles/IIC_AT24C.dir/Core/Src/main.c.obj
 .debug_macro   0x00016214       0x16 CMakeFiles/IIC_AT24C.dir/Core/Src/main.c.obj
 .debug_macro   0x0001622a      0x170 CMakeFiles/IIC_AT24C.dir/Core/Src/main.c.obj
 .debug_macro   0x0001639a       0x16 CMakeFiles/IIC_AT24C.dir/Core/Src/main.c.obj
 .debug_macro   0x000163b0       0x20 CMakeFiles/IIC_AT24C.dir/Core/Src/main.c.obj
 .debug_macro   0x000163d0      0x1ac CMakeFiles/IIC_AT24C.dir/Core/Src/gpio.c.obj
 .debug_macro   0x0001657c      0x1ac CMakeFiles/IIC_AT24C.dir/Core/Src/i2c.c.obj
 .debug_macro   0x00016728      0x1ac CMakeFiles/IIC_AT24C.dir/Core/Src/usart.c.obj
 .debug_macro   0x000168d4      0x1ac CMakeFiles/IIC_AT24C.dir/Core/Src/stm32f1xx_it.c.obj
 .debug_macro   0x00016a80      0x1a2 CMakeFiles/IIC_AT24C.dir/Core/Src/stm32f1xx_hal_msp.c.obj
 .debug_macro   0x00016c22      0x1e6 CMakeFiles/IIC_AT24C.dir/Drivers/STM32F1xx_HAL_Driver/Src/stm32f1xx_hal_i2c.c.obj
 .debug_macro   0x00016e08      0x1bc CMakeFiles/IIC_AT24C.dir/Drivers/STM32F1xx_HAL_Driver/Src/stm32f1xx_hal.c.obj
 .debug_macro   0x00016fc4      0x1aa CMakeFiles/IIC_AT24C.dir/Drivers/STM32F1xx_HAL_Driver/Src/stm32f1xx_hal_rcc.c.obj
 .debug_macro   0x0001716e      0x203 CMakeFiles/IIC_AT24C.dir/Drivers/STM32F1xx_HAL_Driver/Src/stm32f1xx_hal_gpio.c.obj
 .debug_macro   0x00017371      0x198 CMakeFiles/IIC_AT24C.dir/Drivers/STM32F1xx_HAL_Driver/Src/stm32f1xx_hal_cortex.c.obj
 .debug_macro   0x00017509      0x199 CMakeFiles/IIC_AT24C.dir/Drivers/STM32F1xx_HAL_Driver/Src/stm32f1xx_hal_uart.c.obj
 .debug_macro   0x000176a2      0x198 CMakeFiles/IIC_AT24C.dir/Core/Src/system_stm32f1xx.c.obj
 .debug_macro   0x0001783a       0xec CMakeFiles/IIC_AT24C.dir/Core/Src/sysmem.c.obj
 .debug_macro   0x00017926       0x10 CMakeFiles/IIC_AT24C.dir/Core/Src/sysmem.c.obj
 .debug_macro   0x00017936       0x6e CMakeFiles/IIC_AT24C.dir/Core/Src/sysmem.c.obj
 .debug_macro   0x000179a4       0x94 CMakeFiles/IIC_AT24C.dir/Core/Src/sysmem.c.obj
 .debug_macro   0x00017a38       0x57 CMakeFiles/IIC_AT24C.dir/Core/Src/sysmem.c.obj
 .debug_macro   0x00017a8f      0x23c CMakeFiles/IIC_AT24C.dir/Core/Src/sysmem.c.obj
 .debug_macro   0x00017ccb      0x265 CMakeFiles/IIC_AT24C.dir/Core/Src/syscalls.c.obj
 .debug_macro   0x00017f30       0x10 CMakeFiles/IIC_AT24C.dir/Core/Src/syscalls.c.obj
 .debug_macro   0x00017f40       0x10 CMakeFiles/IIC_AT24C.dir/Core/Src/syscalls.c.obj
 .debug_macro   0x00017f50       0x10 CMakeFiles/IIC_AT24C.dir/Core/Src/syscalls.c.obj
 .debug_macro   0x00017f60       0x10 CMakeFiles/IIC_AT24C.dir/Core/Src/syscalls.c.obj
 .debug_macro   0x00017f70       0x1c CMakeFiles/IIC_AT24C.dir/Core/Src/syscalls.c.obj
 .debug_macro   0x00017f8c       0x52 CMakeFiles/IIC_AT24C.dir/Core/Src/syscalls.c.obj
 .debug_macro   0x00017fde       0x22 CMakeFiles/IIC_AT24C.dir/Core/Src/syscalls.c.obj
 .debug_macro   0x00018000       0x10 CMakeFiles/IIC_AT24C.dir/Core/Src/syscalls.c.obj
 .debug_macro   0x00018010       0x52 CMakeFiles/IIC_AT24C.dir/Core/Src/syscalls.c.obj
 .debug_macro   0x00018062       0xcf CMakeFiles/IIC_AT24C.dir/Core/Src/syscalls.c.obj
 .debug_macro   0x00018131       0x1c CMakeFiles/IIC_AT24C.dir/Core/Src/syscalls.c.obj
 .debug_macro   0x0001814d       0x3d CMakeFiles/IIC_AT24C.dir/Core/Src/syscalls.c.obj
 .debug_macro   0x0001818a       0x35 CMakeFiles/IIC_AT24C.dir/Core/Src/syscalls.c.obj
 .debug_macro   0x000181bf      0x12c CMakeFiles/IIC_AT24C.dir/Core/Src/syscalls.c.obj
 .debug_macro   0x000182eb       0x16 CMakeFiles/IIC_AT24C.dir/Core/Src/syscalls.c.obj
 .debug_macro   0x00018301       0x16 CMakeFiles/IIC_AT24C.dir/Core/Src/syscalls.c.obj
 .debug_macro   0x00018317       0x29 CMakeFiles/IIC_AT24C.dir/Core/Src/syscalls.c.obj
 .debug_macro   0x00018340      0x242 CMakeFiles/IIC_AT24C.dir/Core/Src/syscalls.c.obj
 .debug_macro   0x00018582       0x1c CMakeFiles/IIC_AT24C.dir/Core/Src/syscalls.c.obj
 .debug_macro   0x0001859e       0x10 CMakeFiles/IIC_AT24C.dir/Core/Src/syscalls.c.obj
 .debug_macro   0x000185ae      0x18a CMakeFiles/IIC_AT24C.dir/Core/Src/syscalls.c.obj
 .debug_macro   0x00018738       0x16 CMakeFiles/IIC_AT24C.dir/Core/Src/syscalls.c.obj
 .debug_macro   0x0001874e       0xce CMakeFiles/IIC_AT24C.dir/Core/Src/syscalls.c.obj

.debug_line     0x00000000    0x10691
 .debug_line    0x00000000      0x7c0 CMakeFiles/IIC_AT24C.dir/User/mcu_peripheral_bsp/src/bsp_i2c.c.obj
 .debug_line    0x000007c0      0x92c CMakeFiles/IIC_AT24C.dir/User/at24c256.c.obj
 .debug_line    0x000010ec      0x976 CMakeFiles/IIC_AT24C.dir/Core/Src/main.c.obj
 .debug_line    0x00001a62      0x6d2 CMakeFiles/IIC_AT24C.dir/Core/Src/gpio.c.obj
 .debug_line    0x00002134      0x73a CMakeFiles/IIC_AT24C.dir/Core/Src/i2c.c.obj
 .debug_line    0x0000286e      0x744 CMakeFiles/IIC_AT24C.dir/Core/Src/usart.c.obj
 .debug_line    0x00002fb2      0x797 CMakeFiles/IIC_AT24C.dir/Core/Src/stm32f1xx_it.c.obj
 .debug_line    0x00003749      0x6d5 CMakeFiles/IIC_AT24C.dir/Core/Src/stm32f1xx_hal_msp.c.obj
 .debug_line    0x00003e1e     0x3c1d CMakeFiles/IIC_AT24C.dir/Drivers/STM32F1xx_HAL_Driver/Src/stm32f1xx_hal_i2c.c.obj
 .debug_line    0x00007a3b      0x980 CMakeFiles/IIC_AT24C.dir/Drivers/STM32F1xx_HAL_Driver/Src/stm32f1xx_hal.c.obj
 .debug_line    0x000083bb      0xd89 CMakeFiles/IIC_AT24C.dir/Drivers/STM32F1xx_HAL_Driver/Src/stm32f1xx_hal_rcc.c.obj
 .debug_line    0x00009144      0xa19 CMakeFiles/IIC_AT24C.dir/Drivers/STM32F1xx_HAL_Driver/Src/stm32f1xx_hal_gpio.c.obj
 .debug_line    0x00009b5d      0xb6c CMakeFiles/IIC_AT24C.dir/Drivers/STM32F1xx_HAL_Driver/Src/stm32f1xx_hal_cortex.c.obj
 .debug_line    0x0000a6c9     0x285f CMakeFiles/IIC_AT24C.dir/Drivers/STM32F1xx_HAL_Driver/Src/stm32f1xx_hal_uart.c.obj
 .debug_line    0x0000cf28      0x753 CMakeFiles/IIC_AT24C.dir/Core/Src/system_stm32f1xx.c.obj
 .debug_line    0x0000d67b      0x34a CMakeFiles/IIC_AT24C.dir/Core/Src/sysmem.c.obj
 .debug_line    0x0000d9c5      0x679 CMakeFiles/IIC_AT24C.dir/Core/Src/syscalls.c.obj
 .debug_line    0x0000e03e       0x78 CMakeFiles/IIC_AT24C.dir/startup_stm32f103xb.s.obj
 .debug_line    0x0000e0b6      0x254 C:/ST/STM32CubeCLT_1.17.0/GNU-tools-for-STM32/bin/../lib/gcc/arm-none-eabi/12.3.1/../../../../arm-none-eabi/lib/thumb/v7-m/nofp\libg_nano.a(libc_a-printf.o)
 .debug_line    0x0000e30a      0x337 C:/ST/STM32CubeCLT_1.17.0/GNU-tools-for-STM32/bin/../lib/gcc/arm-none-eabi/12.3.1/../../../../arm-none-eabi/lib/thumb/v7-m/nofp\libg_nano.a(libc_a-puts.o)
 .debug_line    0x0000e641      0x2d4 C:/ST/STM32CubeCLT_1.17.0/GNU-tools-for-STM32/bin/../lib/gcc/arm-none-eabi/12.3.1/../../../../arm-none-eabi/lib/thumb/v7-m/nofp\libg_nano.a(libc_a-wbuf.o)
 .debug_line    0x0000e915      0x308 C:/ST/STM32CubeCLT_1.17.0/GNU-tools-for-STM32/bin/../lib/gcc/arm-none-eabi/12.3.1/../../../../arm-none-eabi/lib/thumb/v7-m/nofp\libg_nano.a(libc_a-wsetup.o)
 .debug_line    0x0000ec1d      0x185 C:/ST/STM32CubeCLT_1.17.0/GNU-tools-for-STM32/bin/../lib/gcc/arm-none-eabi/12.3.1/../../../../arm-none-eabi/lib/thumb/v7-m/nofp\libg_nano.a(libc_a-errno.o)
 .debug_line    0x0000eda2      0x701 C:/ST/STM32CubeCLT_1.17.0/GNU-tools-for-STM32/bin/../lib/gcc/arm-none-eabi/12.3.1/../../../../arm-none-eabi/lib/thumb/v7-m/nofp\libg_nano.a(libc_a-nano-vfprintf.o)
 .debug_line    0x0000f4a3      0x771 C:/ST/STM32CubeCLT_1.17.0/GNU-tools-for-STM32/bin/../lib/gcc/arm-none-eabi/12.3.1/../../../../arm-none-eabi/lib/thumb/v7-m/nofp\libg_nano.a(libc_a-nano-vfprintf_i.o)
 .debug_line    0x0000fc14      0x3b4 C:/ST/STM32CubeCLT_1.17.0/GNU-tools-for-STM32/bin/../lib/gcc/arm-none-eabi/12.3.1/../../../../arm-none-eabi/lib/thumb/v7-m/nofp\libg_nano.a(libc_a-makebuf.o)
 .debug_line    0x0000ffc8      0x2af C:/ST/STM32CubeCLT_1.17.0/GNU-tools-for-STM32/bin/../lib/gcc/arm-none-eabi/12.3.1/../../../../arm-none-eabi/lib/thumb/v7-m/nofp\libg_nano.a(libc_a-fstatr.o)
 .debug_line    0x00010277      0x21c C:/ST/STM32CubeCLT_1.17.0/GNU-tools-for-STM32/bin/../lib/gcc/arm-none-eabi/12.3.1/../../../../arm-none-eabi/lib/thumb/v7-m/nofp\libg_nano.a(libc_a-isattyr.o)
 .debug_line    0x00010493      0x1fe C:/ST/STM32CubeCLT_1.17.0/GNU-tools-for-STM32/bin/../lib/gcc/arm-none-eabi/12.3.1/../../../../arm-none-eabi/lib/thumb/v7-m/nofp\libg_nano.a(libc_a-memchr-stub.o)

.debug_str      0x00000000    0x8754f
 .debug_str     0x00000000    0x7e408 CMakeFiles/IIC_AT24C.dir/User/mcu_peripheral_bsp/src/bsp_i2c.c.obj
                              0x7e7ed (size before relaxing)
 .debug_str     0x0007e408     0x33e9 CMakeFiles/IIC_AT24C.dir/User/at24c256.c.obj
                              0x816c6 (size before relaxing)
 .debug_str     0x000817f1      0xb7c CMakeFiles/IIC_AT24C.dir/Core/Src/main.c.obj
                              0x823f2 (size before relaxing)
 .debug_str     0x0008236d       0x86 CMakeFiles/IIC_AT24C.dir/Core/Src/gpio.c.obj
                              0x7e273 (size before relaxing)
 .debug_str     0x000823f3       0xd3 CMakeFiles/IIC_AT24C.dir/Core/Src/i2c.c.obj
                              0x7e7d3 (size before relaxing)
 .debug_str     0x000824c6       0x7e CMakeFiles/IIC_AT24C.dir/Core/Src/usart.c.obj
                              0x7e761 (size before relaxing)
 .debug_str     0x00082544       0xf6 CMakeFiles/IIC_AT24C.dir/Core/Src/stm32f1xx_it.c.obj
                              0x7e2b6 (size before relaxing)
 .debug_str     0x0008263a       0x87 CMakeFiles/IIC_AT24C.dir/Core/Src/stm32f1xx_hal_msp.c.obj
                              0x7e2a1 (size before relaxing)
 .debug_str     0x000826c1      0xc03 CMakeFiles/IIC_AT24C.dir/Drivers/STM32F1xx_HAL_Driver/Src/stm32f1xx_hal_i2c.c.obj
                              0x7f393 (size before relaxing)
 .debug_str     0x000832c4      0x619 CMakeFiles/IIC_AT24C.dir/Drivers/STM32F1xx_HAL_Driver/Src/stm32f1xx_hal.c.obj
                              0x7e9ff (size before relaxing)
 .debug_str     0x000838dd      0x252 CMakeFiles/IIC_AT24C.dir/Drivers/STM32F1xx_HAL_Driver/Src/stm32f1xx_hal_rcc.c.obj
                              0x7e6fb (size before relaxing)
 .debug_str     0x00083b2f      0x34f CMakeFiles/IIC_AT24C.dir/Drivers/STM32F1xx_HAL_Driver/Src/stm32f1xx_hal_gpio.c.obj
                              0x7e652 (size before relaxing)
 .debug_str     0x00083e7e      0x2e8 CMakeFiles/IIC_AT24C.dir/Drivers/STM32F1xx_HAL_Driver/Src/stm32f1xx_hal_cortex.c.obj
                              0x7e94b (size before relaxing)